[     642ms] [INFO] %cDownload the React DevTools for a better development experience: https://react.dev/link/react-devtools font-weight:bold @ http://localhost:5174/node_modules/.vite/deps/react-dom_client.js?v=24484321:14335
[     797ms] [ERROR] Failed to load resource: the server responded with a status of 404 (Not Found) @ http://localhost:5174/favicon.ico:0
[    2327ms] [INFO] %cDownload the React DevTools for a better development experience: https://react.dev/link/react-devtools font-weight:bold @ http://localhost:5174/node_modules/.vite/deps/react-dom_client.js?v=24484321:14335
[    3912ms] [INFO] %cDownload the React DevTools for a better development experience: https://react.dev/link/react-devtools font-weight:bold @ http://localhost:5174/node_modules/.vite/deps/react-dom_client.js?v=24484321:14335
[    5415ms] [INFO] %cDownload the React DevTools for a better development experience: https://react.dev/link/react-devtools font-weight:bold @ http://localhost:5174/node_modules/.vite/deps/react-dom_client.js?v=24484321:14335
[    6830ms] [INFO] %cDownload the React DevTools for a better development experience: https://react.dev/link/react-devtools font-weight:bold @ http://localhost:5174/node_modules/.vite/deps/react-dom_client.js?v=24484321:14335
[   33356ms] [INFO] %cDownload the React DevTools for a better development experience: https://react.dev/link/react-devtools font-weight:bold @ http://localhost:5174/node_modules/.vite/deps/react-dom_client.js?v=24484321:14335
[   34143ms] [INFO] %cDownload the React DevTools for a better development experience: https://react.dev/link/react-devtools font-weight:bold @ http://localhost:5174/node_modules/.vite/deps/react-dom_client.js?v=24484321:14335
[   34219ms] [ERROR] Failed to load resource: the server responded with a status of 404 (Not Found) @ http://localhost:5174/favicon.ico:0
[   80004ms] [INFO] %cDownload the React DevTools for a better development experience: https://react.dev/link/react-devtools font-weight:bold @ http://localhost:5174/node_modules/.vite/deps/react-dom_client.js?v=24484321:14335
[   92014ms] [INFO] %cDownload the React DevTools for a better development experience: https://react.dev/link/react-devtools font-weight:bold @ http://localhost:5174/node_modules/.vite/deps/react-dom_client.js?v=24484321:14335
[  106291ms] [INFO] %cDownload the React DevTools for a better development experience: https://react.dev/link/react-devtools font-weight:bold @ http://localhost:5174/node_modules/.vite/deps/react-dom_client.js?v=24484321:14335
[  228155ms] [INFO] %cDownload the React DevTools for a better development experience: https://react.dev/link/react-devtools font-weight:bold @ http://localhost:5174/node_modules/.vite/deps/react-dom_client.js?v=24484321:14335
[  253149ms] [INFO] %cDownload the React DevTools for a better development experience: https://react.dev/link/react-devtools font-weight:bold @ http://localhost:5174/node_modules/.vite/deps/react-dom_client.js?v=24484321:14335
[  412454ms] Error: BackofficeLocalizationProvider is missing.
    at useBackofficeLocalization (http://localhost:5174/src/app/localization/backoffice-localization-base.tsx?t=1789652976356:2867:22)
    at BackofficeDesignSystemProviders (http://localhost:5174/src/app/providers/backoffice-providers.tsx?t=1789652976356:45:21)
    at Object.react_stack_bottom_frame (http://localhost:5174/node_modules/.vite/deps/react-dom_client.js?v=24484321:12866:12)
    at renderWithHooks (http://localhost:5174/node_modules/.vite/deps/react-dom_client.js?v=24484321:4213:19)
    at updateFunctionComponent (http://localhost:5174/node_modules/.vite/deps/react-dom_client.js?v=24484321:5569:16)
    at beginWork (http://localhost:5174/node_modules/.vite/deps/react-dom_client.js?v=24484321:6140:20)
    at runWithFiberInDEV (http://localhost:5174/node_modules/.vite/deps/react-dom_client.js?v=24484321:851:66)
    at performUnitOfWork (http://localhost:5174/node_modules/.vite/deps/react-dom_client.js?v=24484321:8429:92)
    at workLoopSync (http://localhost:5174/node_modules/.vite/deps/react-dom_client.js?v=24484321:8325:37)
    at renderRootSync (http://localhost:5174/node_modules/.vite/deps/react-dom_client.js?v=24484321:8309:6)
[  412453ms] [WARNING] %s

%s
 An error occurred in the <BackofficeDesignSystemProviders> component. Consider adding an error boundary to your tree to customize error handling behavior.
Visit https://react.dev/link/error-boundaries to learn more about error boundaries. @ http://localhost:5174/node_modules/.vite/deps/react-dom_client.js?v=24484321:5257
[  414250ms] Error: BackofficeLocalizationProvider is missing.
    at useBackofficeLocalization (http://localhost:5174/src/app/localization/backoffice-localization-base.tsx?t=1789652976356:2867:22)
    at BackofficeDesignSystemProviders (http://localhost:5174/src/app/providers/backoffice-providers.tsx?t=1789652976356:45:21)
    at Object.react_stack_bottom_frame (http://localhost:5174/node_modules/.vite/deps/react-dom_client.js?v=24484321:12866:12)
    at renderWithHooks (http://localhost:5174/node_modules/.vite/deps/react-dom_client.js?v=24484321:4213:19)
    at updateFunctionComponent (http://localhost:5174/node_modules/.vite/deps/react-dom_client.js?v=24484321:5569:16)
    at beginWork (http://localhost:5174/node_modules/.vite/deps/react-dom_client.js?v=24484321:6140:20)
    at runWithFiberInDEV (http://localhost:5174/node_modules/.vite/deps/react-dom_client.js?v=24484321:851:66)
    at performUnitOfWork (http://localhost:5174/node_modules/.vite/deps/react-dom_client.js?v=24484321:8429:92)
    at workLoopSync (http://localhost:5174/node_modules/.vite/deps/react-dom_client.js?v=24484321:8325:37)
    at renderRootSync (http://localhost:5174/node_modules/.vite/deps/react-dom_client.js?v=24484321:8309:6)
[  414250ms] [WARNING] %s

%s
 An error occurred in the <BackofficeDesignSystemProviders> component. Consider adding an error boundary to your tree to customize error handling behavior.
Visit https://react.dev/link/error-boundaries to learn more about error boundaries. @ http://localhost:5174/node_modules/.vite/deps/react-dom_client.js?v=24484321:5257
[  414809ms] [ERROR] You are calling ReactDOMClient.createRoot() on a container that has already been passed to createRoot() before. Instead, call root.render() on the existing root instead if you want to update it. @ http://localhost:5174/node_modules/.vite/deps/react-dom_client.js?v=24484321:11668
[  415284ms] [INFO] %cDownload the React DevTools for a better development experience: https://react.dev/link/react-devtools font-weight:bold @ http://localhost:5174/node_modules/.vite/deps/react-dom_client.js?v=24484321:14335
[  445410ms] [INFO] %cDownload the React DevTools for a better development experience: https://react.dev/link/react-devtools font-weight:bold @ http://localhost:5174/node_modules/.vite/deps/react-dom_client.js?v=24484321:14335
[  460281ms] [INFO] %cDownload the React DevTools for a better development experience: https://react.dev/link/react-devtools font-weight:bold @ http://localhost:5174/node_modules/.vite/deps/react-dom_client.js?v=24484321:14335
[  483400ms] [INFO] %cDownload the React DevTools for a better development experience: https://react.dev/link/react-devtools font-weight:bold @ http://localhost:5174/node_modules/.vite/deps/react-dom_client.js?v=24484321:14335
[  488498ms] [INFO] %cDownload the React DevTools for a better development experience: https://react.dev/link/react-devtools font-weight:bold @ http://localhost:5174/node_modules/.vite/deps/react-dom_client.js?v=24484321:14335
[  490421ms] [INFO] %cDownload the React DevTools for a better development experience: https://react.dev/link/react-devtools font-weight:bold @ http://localhost:5174/node_modules/.vite/deps/react-dom_client.js?v=24484321:14335
[  495628ms] [INFO] %cDownload the React DevTools for a better development experience: https://react.dev/link/react-devtools font-weight:bold @ http://localhost:5174/node_modules/.vite/deps/react-dom_client.js?v=24484321:14335
[  523289ms] [INFO] %cDownload the React DevTools for a better development experience: https://react.dev/link/react-devtools font-weight:bold @ http://localhost:5174/node_modules/.vite/deps/react-dom_client.js?v=24484321:14335
[  526341ms] [INFO] %cDownload the React DevTools for a better development experience: https://react.dev/link/react-devtools font-weight:bold @ http://localhost:5174/node_modules/.vite/deps/react-dom_client.js?v=24484321:14335
[  528038ms] [ERROR] Failed to load resource: the server responded with a status of 401 (Unauthorized) @ http://127.0.0.1:4003/api/v1/auth/browser/login:0
[  533487ms] [ERROR] Failed to load resource: the server responded with a status of 401 (Unauthorized) @ http://127.0.0.1:4003/api/v1/auth/browser/login:0
[  534723ms] [ERROR] Failed to load resource: the server responded with a status of 401 (Unauthorized) @ http://127.0.0.1:4003/api/v1/auth/browser/login:0
[  550724ms] [INFO] %cDownload the React DevTools for a better development experience: https://react.dev/link/react-devtools font-weight:bold @ http://localhost:5174/node_modules/.vite/deps/react-dom_client.js?v=24484321:14335
[  552743ms] [INFO] %cDownload the React DevTools for a better development experience: https://react.dev/link/react-devtools font-weight:bold @ http://localhost:5174/node_modules/.vite/deps/react-dom_client.js?v=24484321:14335
[  659324ms] [ERROR] You are calling ReactDOMClient.createRoot() on a container that has already been passed to createRoot() before. Instead, call root.render() on the existing root instead if you want to update it. @ http://localhost:5174/node_modules/.vite/deps/react-dom_client.js?v=24484321:11668
[  659391ms] NotFoundError: Failed to execute 'removeChild' on 'Node': The node to be removed is not a child of this node.
    at removeChildFromContainer (http://localhost:5174/node_modules/.vite/deps/react-dom_client.js?v=24484321:10588:123)
    at runWithFiberInDEV (http://localhost:5174/node_modules/.vite/deps/react-dom_client.js?v=24484321:851:66)
    at commitDeletionEffectsOnFiber (http://localhost:5174/node_modules/.vite/deps/react-dom_client.js?v=24484321:7106:7)
    at recursivelyTraverseDeletionEffects (http://localhost:5174/node_modules/.vite/deps/react-dom_client.js?v=24484321:7073:50)
    at commitDeletionEffectsOnFiber (http://localhost:5174/node_modules/.vite/deps/react-dom_client.js?v=24484321:7134:6)
    at recursivelyTraverseDeletionEffects (http://localhost:5174/node_modules/.vite/deps/react-dom_client.js?v=24484321:7073:50)
    at commitDeletionEffectsOnFiber (http://localhost:5174/node_modules/.vite/deps/react-dom_client.js?v=24484321:7148:14)
    at recursivelyTraverseDeletionEffects (http://localhost:5174/node_modules/.vite/deps/react-dom_client.js?v=24484321:7073:50)
    at commitDeletionEffectsOnFiber (http://localhost:5174/node_modules/.vite/deps/react-dom_client.js?v=24484321:7134:6)
    at recursivelyTraverseDeletionEffects (http://localhost:5174/node_modules/.vite/deps/react-dom_client.js?v=24484321:7073:50)
[  659387ms] [WARNING] %s

%s
 An error occurred in the <main> component. Consider adding an error boundary to your tree to customize error handling behavior.
Visit https://react.dev/link/error-boundaries to learn more about error boundaries. @ http://localhost:5174/node_modules/.vite/deps/react-dom_client.js?v=24484321:5257
[  659817ms] [INFO] %cDownload the React DevTools for a better development experience: https://react.dev/link/react-devtools font-weight:bold @ http://localhost:5174/node_modules/.vite/deps/react-dom_client.js?v=24484321:14335
[  716723ms] [INFO] %cDownload the React DevTools for a better development experience: https://react.dev/link/react-devtools font-weight:bold @ http://localhost:5174/node_modules/.vite/deps/react-dom_client.js?v=24484321:14335
[  747322ms] [INFO] %cDownload the React DevTools for a better development experience: https://react.dev/link/react-devtools font-weight:bold @ http://localhost:5174/node_modules/.vite/deps/react-dom_client.js?v=24484321:14335
[  751162ms] [INFO] %cDownload the React DevTools for a better development experience: https://react.dev/link/react-devtools font-weight:bold @ http://localhost:5174/node_modules/.vite/deps/react-dom_client.js?v=24484321:14335
[ 1099017ms] [ERROR] You are calling ReactDOMClient.createRoot() on a container that has already been passed to createRoot() before. Instead, call root.render() on the existing root instead if you want to update it. @ http://localhost:5174/node_modules/.vite/deps/react-dom_client.js?v=24484321:11668
[ 1099018ms] [ERROR] You are calling ReactDOMClient.createRoot() on a container that has already been passed to createRoot() before. Instead, call root.render() on the existing root instead if you want to update it. @ http://localhost:5174/node_modules/.vite/deps/react-dom_client.js?v=24484321:11668
[ 1099086ms] NotFoundError: Failed to execute 'insertBefore' on 'Node': The node before which the new node is to be inserted is not a child of this node.
    at insertOrAppendPlacementNodeIntoContainer (http://localhost:5174/node_modules/.vite/deps/react-dom_client.js?v=24484321:6801:207)
    at insertOrAppendPlacementNodeIntoContainer (http://localhost:5174/node_modules/.vite/deps/react-dom_client.js?v=24484321:6802:154)
    at insertOrAppendPlacementNodeIntoContainer (http://localhost:5174/node_modules/.vite/deps/react-dom_client.js?v=24484321:6802:154)
    at insertOrAppendPlacementNodeIntoContainer (http://localhost:5174/node_modules/.vite/deps/react-dom_client.js?v=24484321:6802:154)
    at insertOrAppendPlacementNodeIntoContainer (http://localhost:5174/node_modules/.vite/deps/react-dom_client.js?v=24484321:6802:154)
    at insertOrAppendPlacementNodeIntoContainer (http://localhost:5174/node_modules/.vite/deps/react-dom_client.js?v=24484321:6802:154)
    at insertOrAppendPlacementNodeIntoContainer (http://localhost:5174/node_modules/.vite/deps/react-dom_client.js?v=24484321:6802:154)
    at insertOrAppendPlacementNodeIntoContainer (http://localhost:5174/node_modules/.vite/deps/react-dom_client.js?v=24484321:6802:154)
    at insertOrAppendPlacementNodeIntoContainer (http://localhost:5174/node_modules/.vite/deps/react-dom_client.js?v=24484321:6802:154)
    at insertOrAppendPlacementNodeIntoContainer (http://localhost:5174/node_modules/.vite/deps/react-dom_client.js?v=24484321:6802:154)
[ 1099083ms] [WARNING] %s

%s
 An error occurred in the <QueryClientProvider> component. Consider adding an error boundary to your tree to customize error handling behavior.
Visit https://react.dev/link/error-boundaries to learn more about error boundaries. @ http://localhost:5174/node_modules/.vite/deps/react-dom_client.js?v=24484321:5257
[ 1099098ms] NotFoundError: Failed to execute 'removeChild' on 'Node': The node to be removed is not a child of this node.
    at removeChildFromContainer (http://localhost:5174/node_modules/.vite/deps/react-dom_client.js?v=24484321:10588:123)
    at runWithFiberInDEV (http://localhost:5174/node_modules/.vite/deps/react-dom_client.js?v=24484321:851:66)
    at commitDeletionEffectsOnFiber (http://localhost:5174/node_modules/.vite/deps/react-dom_client.js?v=24484321:7106:7)
    at recursivelyTraverseDeletionEffects (http://localhost:5174/node_modules/.vite/deps/react-dom_client.js?v=24484321:7073:50)
    at commitDeletionEffectsOnFiber (http://localhost:5174/node_modules/.vite/deps/react-dom_client.js?v=24484321:7134:6)
    at recursivelyTraverseDeletionEffects (http://localhost:5174/node_modules/.vite/deps/react-dom_client.js?v=24484321:7073:50)
    at commitDeletionEffectsOnFiber (http://localhost:5174/node_modules/.vite/deps/react-dom_client.js?v=24484321:7148:14)
    at recursivelyTraverseDeletionEffects (http://localhost:5174/node_modules/.vite/deps/react-dom_client.js?v=24484321:7073:50)
    at commitDeletionEffectsOnFiber (http://localhost:5174/node_modules/.vite/deps/react-dom_client.js?v=24484321:7134:6)
    at recursivelyTraverseDeletionEffects (http://localhost:5174/node_modules/.vite/deps/react-dom_client.js?v=24484321:7073:50)
[ 1099085ms] [WARNING] %s

%s
 An error occurred in the <main> component. Consider adding an error boundary to your tree to customize error handling behavior.
Visit https://react.dev/link/error-boundaries to learn more about error boundaries. @ http://localhost:5174/node_modules/.vite/deps/react-dom_client.js?v=24484321:5257
[ 1099100ms] NotFoundError: Failed to execute 'removeChild' on 'Node': The node to be removed is not a child of this node.
    at removeChildFromContainer (http://localhost:5174/node_modules/.vite/deps/react-dom_client.js?v=24484321:10588:123)
    at runWithFiberInDEV (http://localhost:5174/node_modules/.vite/deps/react-dom_client.js?v=24484321:851:66)
    at commitDeletionEffectsOnFiber (http://localhost:5174/node_modules/.vite/deps/react-dom_client.js?v=24484321:7106:7)
    at recursivelyTraverseDeletionEffects (http://localhost:5174/node_modules/.vite/deps/react-dom_client.js?v=24484321:7073:50)
    at commitDeletionEffectsOnFiber (http://localhost:5174/node_modules/.vite/deps/react-dom_client.js?v=24484321:7148:14)
    at recursivelyTraverseDeletionEffects (http://localhost:5174/node_modules/.vite/deps/react-dom_client.js?v=24484321:7073:50)
    at commitDeletionEffectsOnFiber (http://localhost:5174/node_modules/.vite/deps/react-dom_client.js?v=24484321:7134:6)
    at recursivelyTraverseDeletionEffects (http://localhost:5174/node_modules/.vite/deps/react-dom_client.js?v=24484321:7073:50)
    at commitDeletionEffectsOnFiber (http://localhost:5174/node_modules/.vite/deps/react-dom_client.js?v=24484321:7148:14)
    at recursivelyTraverseMutationEffects (http://localhost:5174/node_modules/.vite/deps/react-dom_client.js?v=24484321:7223:5)
[ 1099086ms] [WARNING] %s

%s
 An error occurred in the <div> component. Consider adding an error boundary to your tree to customize error handling behavior.
Visit https://react.dev/link/error-boundaries to learn more about error boundaries. @ http://localhost:5174/node_modules/.vite/deps/react-dom_client.js?v=24484321:5257
[ 1099106ms] NotFoundError: Failed to execute 'insertBefore' on 'Node': The node before which the new node is to be inserted is not a child of this node.
    at insertOrAppendPlacementNodeIntoContainer (http://localhost:5174/node_modules/.vite/deps/react-dom_client.js?v=24484321:6801:207)
    at insertOrAppendPlacementNodeIntoContainer (http://localhost:5174/node_modules/.vite/deps/react-dom_client.js?v=24484321:6802:154)
    at insertOrAppendPlacementNodeIntoContainer (http://localhost:5174/node_modules/.vite/deps/react-dom_client.js?v=24484321:6802:154)
    at insertOrAppendPlacementNodeIntoContainer (http://localhost:5174/node_modules/.vite/deps/react-dom_client.js?v=24484321:6802:154)
    at insertOrAppendPlacementNodeIntoContainer (http://localhost:5174/node_modules/.vite/deps/react-dom_client.js?v=24484321:6802:154)
    at insertOrAppendPlacementNodeIntoContainer (http://localhost:5174/node_modules/.vite/deps/react-dom_client.js?v=24484321:6802:154)
    at insertOrAppendPlacementNodeIntoContainer (http://localhost:5174/node_modules/.vite/deps/react-dom_client.js?v=24484321:6802:154)
    at insertOrAppendPlacementNodeIntoContainer (http://localhost:5174/node_modules/.vite/deps/react-dom_client.js?v=24484321:6802:154)
    at insertOrAppendPlacementNodeIntoContainer (http://localhost:5174/node_modules/.vite/deps/react-dom_client.js?v=24484321:6802:154)
    at insertOrAppendPlacementNodeIntoContainer (http://localhost:5174/node_modules/.vite/deps/react-dom_client.js?v=24484321:6802:154)
[ 1099105ms] [WARNING] %s

%s
 An error occurred in the <QueryClientProvider> component. Consider adding an error boundary to your tree to customize error handling behavior.
Visit https://react.dev/link/error-boundaries to learn more about error boundaries. @ http://localhost:5174/node_modules/.vite/deps/react-dom_client.js?v=24484321:5257
[ 1099108ms] NotFoundError: Failed to execute 'removeChild' on 'Node': The node to be removed is not a child of this node.
    at removeChildFromContainer (http://localhost:5174/node_modules/.vite/deps/react-dom_client.js?v=24484321:10588:123)
    at runWithFiberInDEV (http://localhost:5174/node_modules/.vite/deps/react-dom_client.js?v=24484321:851:66)
    at commitDeletionEffectsOnFiber (http://localhost:5174/node_modules/.vite/deps/react-dom_client.js?v=24484321:7106:7)
    at recursivelyTraverseDeletionEffects (http://localhost:5174/node_modules/.vite/deps/react-dom_client.js?v=24484321:7073:50)
    at commitDeletionEffectsOnFiber (http://localhost:5174/node_modules/.vite/deps/react-dom_client.js?v=24484321:7134:6)
    at recursivelyTraverseDeletionEffects (http://localhost:5174/node_modules/.vite/deps/react-dom_client.js?v=24484321:7073:50)
    at commitDeletionEffectsOnFiber (http://localhost:5174/node_modules/.vite/deps/react-dom_client.js?v=24484321:7148:14)
    at recursivelyTraverseDeletionEffects (http://localhost:5174/node_modules/.vite/deps/react-dom_client.js?v=24484321:7073:50)
    at commitDeletionEffectsOnFiber (http://localhost:5174/node_modules/.vite/deps/react-dom_client.js?v=24484321:7134:6)
    at recursivelyTraverseDeletionEffects (http://localhost:5174/node_modules/.vite/deps/react-dom_client.js?v=24484321:7073:50)
[ 1099107ms] [WARNING] %s

%s
 An error occurred in the <main> component. Consider adding an error boundary to your tree to customize error handling behavior.
Visit https://react.dev/link/error-boundaries to learn more about error boundaries. @ http://localhost:5174/node_modules/.vite/deps/react-dom_client.js?v=24484321:5257
[ 1099108ms] NotFoundError: Failed to execute 'removeChild' on 'Node': The node to be removed is not a child of this node.
    at removeChildFromContainer (http://localhost:5174/node_modules/.vite/deps/react-dom_client.js?v=24484321:10588:123)
    at runWithFiberInDEV (http://localhost:5174/node_modules/.vite/deps/react-dom_client.js?v=24484321:851:66)
    at commitDeletionEffectsOnFiber (http://localhost:5174/node_modules/.vite/deps/react-dom_client.js?v=24484321:7106:7)
    at recursivelyTraverseDeletionEffects (http://localhost:5174/node_modules/.vite/deps/react-dom_client.js?v=24484321:7073:50)
    at commitDeletionEffectsOnFiber (http://localhost:5174/node_modules/.vite/deps/react-dom_client.js?v=24484321:7148:14)
    at recursivelyTraverseDeletionEffects (http://localhost:5174/node_modules/.vite/deps/react-dom_client.js?v=24484321:7073:50)
    at commitDeletionEffectsOnFiber (http://localhost:5174/node_modules/.vite/deps/react-dom_client.js?v=24484321:7134:6)
    at recursivelyTraverseDeletionEffects (http://localhost:5174/node_modules/.vite/deps/react-dom_client.js?v=24484321:7073:50)
    at commitDeletionEffectsOnFiber (http://localhost:5174/node_modules/.vite/deps/react-dom_client.js?v=24484321:7148:14)
    at recursivelyTraverseMutationEffects (http://localhost:5174/node_modules/.vite/deps/react-dom_client.js?v=24484321:7223:5)
[ 1099107ms] [WARNING] %s

%s
 An error occurred in the <div> component. Consider adding an error boundary to your tree to customize error handling behavior.
Visit https://react.dev/link/error-boundaries to learn more about error boundaries. @ http://localhost:5174/node_modules/.vite/deps/react-dom_client.js?v=24484321:5257
[ 1099123ms] NotFoundError: Failed to execute 'removeChild' on 'Node': The node to be removed is not a child of this node.
    at removeChildFromContainer (http://localhost:5174/node_modules/.vite/deps/react-dom_client.js?v=24484321:10588:123)
    at runWithFiberInDEV (http://localhost:5174/node_modules/.vite/deps/react-dom_client.js?v=24484321:851:66)
    at commitDeletionEffectsOnFiber (http://localhost:5174/node_modules/.vite/deps/react-dom_client.js?v=24484321:7106:7)
    at recursivelyTraverseDeletionEffects (http://localhost:5174/node_modules/.vite/deps/react-dom_client.js?v=24484321:7073:50)
    at commitDeletionEffectsOnFiber (http://localhost:5174/node_modules/.vite/deps/react-dom_client.js?v=24484321:7134:6)
    at recursivelyTraverseDeletionEffects (http://localhost:5174/node_modules/.vite/deps/react-dom_client.js?v=24484321:7073:50)
    at commitDeletionEffectsOnFiber (http://localhost:5174/node_modules/.vite/deps/react-dom_client.js?v=24484321:7148:14)
    at recursivelyTraverseDeletionEffects (http://localhost:5174/node_modules/.vite/deps/react-dom_client.js?v=24484321:7073:50)
    at commitDeletionEffectsOnFiber (http://localhost:5174/node_modules/.vite/deps/react-dom_client.js?v=24484321:7134:6)
    at recursivelyTraverseDeletionEffects (http://localhost:5174/node_modules/.vite/deps/react-dom_client.js?v=24484321:7073:50)
[ 1099120ms] [WARNING] %s

%s
 An error occurred in the <main> component. Consider adding an error boundary to your tree to customize error handling behavior.
Visit https://react.dev/link/error-boundaries to learn more about error boundaries. @ http://localhost:5174/node_modules/.vite/deps/react-dom_client.js?v=24484321:5257
[ 1099635ms] [INFO] %cDownload the React DevTools for a better development experience: https://react.dev/link/react-devtools font-weight:bold @ http://localhost:5174/node_modules/.vite/deps/react-dom_client.js?v=24484321:14335
[ 1215944ms] [ERROR] You are calling ReactDOMClient.createRoot() on a container that has already been passed to createRoot() before. Instead, call root.render() on the existing root instead if you want to update it. @ http://localhost:5174/node_modules/.vite/deps/react-dom_client.js?v=24484321:11668
[ 1216021ms] [ERROR] Error handled by React Router default ErrorBoundary: NotFoundError: Failed to execute 'removeChild' on 'Node': The node to be removed is not a child of this node.
    at removeChildFromContainer (http://localhost:5174/node_modules/.vite/deps/react-dom_client.js?v=24484321:10588:123)
    at runWithFiberInDEV (http://localhost:5174/node_modules/.vite/deps/react-dom_client.js?v=24484321:851:66)
    at commitDeletionEffectsOnFiber (http://localhost:5174/node_modules/.vite/deps/react-dom_client.js?v=24484321:7106:7)
    at recursivelyTraverseDeletionEffects (http://localhost:5174/node_modules/.vite/deps/react-dom_client.js?v=24484321:7073:50)
    at commitDeletionEffectsOnFiber (http://localhost:5174/node_modules/.vite/deps/react-dom_client.js?v=24484321:7134:6)
    at recursivelyTraverseMutationEffects (http://localhost:5174/node_modules/.vite/deps/react-dom_client.js?v=24484321:7223:5)
    at commitMutationEffectsOnFiber (http://localhost:5174/node_modules/.vite/deps/react-dom_client.js?v=24484321:7450:14)
    at recursivelyTraverseMutationEffects (http://localhost:5174/node_modules/.vite/deps/react-dom_client.js?v=24484321:7233:103)
    at commitMutationEffectsOnFiber (http://localhost:5174/node_modules/.vite/deps/react-dom_client.js?v=24484321:7242:6)
    at recursivelyTraverseMutationEffects (http://localhost:5174/node_modules/.vite/deps/react-dom_client.js?v=24484321:7233:103) @ http://localhost:5174/node_modules/.vite/deps/chunk-HT4INDD5-CVy12fWN.js?v=24484321:4126
[ 1216022ms] [ERROR] Error handled by React Router default ErrorBoundary: NotFoundError: Failed to execute 'removeChild' on 'Node': The node to be removed is not a child of this node.
    at removeChildFromContainer (http://localhost:5174/node_modules/.vite/deps/react-dom_client.js?v=24484321:10588:123)
    at runWithFiberInDEV (http://localhost:5174/node_modules/.vite/deps/react-dom_client.js?v=24484321:851:66)
    at commitDeletionEffectsOnFiber (http://localhost:5174/node_modules/.vite/deps/react-dom_client.js?v=24484321:7106:7)
    at recursivelyTraverseDeletionEffects (http://localhost:5174/node_modules/.vite/deps/react-dom_client.js?v=24484321:7073:50)
    at commitDeletionEffectsOnFiber (http://localhost:5174/node_modules/.vite/deps/react-dom_client.js?v=24484321:7134:6)
    at recursivelyTraverseMutationEffects (http://localhost:5174/node_modules/.vite/deps/react-dom_client.js?v=24484321:7223:5)
    at commitMutationEffectsOnFiber (http://localhost:5174/node_modules/.vite/deps/react-dom_client.js?v=24484321:7450:14)
    at recursivelyTraverseMutationEffects (http://localhost:5174/node_modules/.vite/deps/react-dom_client.js?v=24484321:7233:103)
    at commitMutationEffectsOnFiber (http://localhost:5174/node_modules/.vite/deps/react-dom_client.js?v=24484321:7242:6)
    at recursivelyTraverseMutationEffects (http://localhost:5174/node_modules/.vite/deps/react-dom_client.js?v=24484321:7233:103) @ http://localhost:5174/node_modules/.vite/deps/chunk-HT4INDD5-CVy12fWN.js?v=24484321:4126
[ 1216026ms] [ERROR] %o

%s

%s
 NotFoundError: Failed to execute 'removeChild' on 'Node': The node to be removed is not a child of this node.
    at removeChildFromContainer (http://localhost:5174/node_modules/.vite/deps/react-dom_client.js?v=24484321:10588:123)
    at runWithFiberInDEV (http://localhost:5174/node_modules/.vite/deps/react-dom_client.js?v=24484321:851:66)
    at commitDeletionEffectsOnFiber (http://localhost:5174/node_modules/.vite/deps/react-dom_client.js?v=24484321:7106:7)
    at recursivelyTraverseDeletionEffects (http://localhost:5174/node_modules/.vite/deps/react-dom_client.js?v=24484321:7073:50)
    at commitDeletionEffectsOnFiber (http://localhost:5174/node_modules/.vite/deps/react-dom_client.js?v=24484321:7134:6)
    at recursivelyTraverseMutationEffects (http://localhost:5174/node_modules/.vite/deps/react-dom_client.js?v=24484321:7223:5)
    at commitMutationEffectsOnFiber (http://localhost:5174/node_modules/.vite/deps/react-dom_client.js?v=24484321:7450:14)
    at recursivelyTraverseMutationEffects (http://localhost:5174/node_modules/.vite/deps/react-dom_client.js?v=24484321:7233:103)
    at commitMutationEffectsOnFiber (http://localhost:5174/node_modules/.vite/deps/react-dom_client.js?v=24484321:7242:6)
    at recursivelyTraverseMutationEffects (http://localhost:5174/node_modules/.vite/deps/react-dom_client.js?v=24484321:7233:103) The above error occurred in the <main> component. React will try to recreate this component tree from scratch using the error boundary you provided, RenderErrorBoundary. @ http://localhost:5174/node_modules/.vite/deps/react-dom_client.js?v=24484321:5273
[ 1216028ms] [ERROR] React Router caught the following error during render NotFoundError: Failed to execute 'removeChild' on 'Node': The node to be removed is not a child of this node.
    at removeChildFromContainer (http://localhost:5174/node_modules/.vite/deps/react-dom_client.js?v=24484321:10588:123)
    at runWithFiberInDEV (http://localhost:5174/node_modules/.vite/deps/react-dom_client.js?v=24484321:851:66)
    at commitDeletionEffectsOnFiber (http://localhost:5174/node_modules/.vite/deps/react-dom_client.js?v=24484321:7106:7)
    at recursivelyTraverseDeletionEffects (http://localhost:5174/node_modules/.vite/deps/react-dom_client.js?v=24484321:7073:50)
    at commitDeletionEffectsOnFiber (http://localhost:5174/node_modules/.vite/deps/react-dom_client.js?v=24484321:7134:6)
    at recursivelyTraverseMutationEffects (http://localhost:5174/node_modules/.vite/deps/react-dom_client.js?v=24484321:7223:5)
    at commitMutationEffectsOnFiber (http://localhost:5174/node_modules/.vite/deps/react-dom_client.js?v=24484321:7450:14)
    at recursivelyTraverseMutationEffects (http://localhost:5174/node_modules/.vite/deps/react-dom_client.js?v=24484321:7233:103)
    at commitMutationEffectsOnFiber (http://localhost:5174/node_modules/.vite/deps/react-dom_client.js?v=24484321:7242:6)
    at recursivelyTraverseMutationEffects (http://localhost:5174/node_modules/.vite/deps/react-dom_client.js?v=24484321:7233:103) @ http://localhost:5174/node_modules/.vite/deps/chunk-HT4INDD5-CVy12fWN.js?v=24484321:4157
[ 1216368ms] [INFO] %cDownload the React DevTools for a better development experience: https://react.dev/link/react-devtools font-weight:bold @ http://localhost:5174/node_modules/.vite/deps/react-dom_client.js?v=24484321:14335
[ 1258258ms] [ERROR] You are calling ReactDOMClient.createRoot() on a container that has already been passed to createRoot() before. Instead, call root.render() on the existing root instead if you want to update it. @ http://localhost:5174/node_modules/.vite/deps/react-dom_client.js?v=24484321:11668
[ 1258259ms] [ERROR] You are calling ReactDOMClient.createRoot() on a container that has already been passed to createRoot() before. Instead, call root.render() on the existing root instead if you want to update it. @ http://localhost:5174/node_modules/.vite/deps/react-dom_client.js?v=24484321:11668
[ 1258403ms] NotFoundError: Failed to execute 'insertBefore' on 'Node': The node before which the new node is to be inserted is not a child of this node.
    at insertOrAppendPlacementNodeIntoContainer (http://localhost:5174/node_modules/.vite/deps/react-dom_client.js?v=24484321:6801:207)
    at insertOrAppendPlacementNodeIntoContainer (http://localhost:5174/node_modules/.vite/deps/react-dom_client.js?v=24484321:6802:154)
    at insertOrAppendPlacementNodeIntoContainer (http://localhost:5174/node_modules/.vite/deps/react-dom_client.js?v=24484321:6802:154)
    at insertOrAppendPlacementNodeIntoContainer (http://localhost:5174/node_modules/.vite/deps/react-dom_client.js?v=24484321:6802:154)
    at insertOrAppendPlacementNodeIntoContainer (http://localhost:5174/node_modules/.vite/deps/react-dom_client.js?v=24484321:6802:154)
    at insertOrAppendPlacementNodeIntoContainer (http://localhost:5174/node_modules/.vite/deps/react-dom_client.js?v=24484321:6802:154)
    at insertOrAppendPlacementNodeIntoContainer (http://localhost:5174/node_modules/.vite/deps/react-dom_client.js?v=24484321:6802:154)
    at insertOrAppendPlacementNodeIntoContainer (http://localhost:5174/node_modules/.vite/deps/react-dom_client.js?v=24484321:6802:154)
    at insertOrAppendPlacementNodeIntoContainer (http://localhost:5174/node_modules/.vite/deps/react-dom_client.js?v=24484321:6802:154)
    at insertOrAppendPlacementNodeIntoContainer (http://localhost:5174/node_modules/.vite/deps/react-dom_client.js?v=24484321:6802:154)
[ 1258401ms] [WARNING] %s

%s
 An error occurred in the <QueryClientProvider> component. Consider adding an error boundary to your tree to customize error handling behavior.
Visit https://react.dev/link/error-boundaries to learn more about error boundaries. @ http://localhost:5174/node_modules/.vite/deps/react-dom_client.js?v=24484321:5257
[ 1258407ms] NotFoundError: Failed to execute 'removeChild' on 'Node': The node to be removed is not a child of this node.
    at removeChildFromContainer (http://localhost:5174/node_modules/.vite/deps/react-dom_client.js?v=24484321:10588:123)
    at runWithFiberInDEV (http://localhost:5174/node_modules/.vite/deps/react-dom_client.js?v=24484321:851:66)
    at commitDeletionEffectsOnFiber (http://localhost:5174/node_modules/.vite/deps/react-dom_client.js?v=24484321:7106:7)
    at recursivelyTraverseDeletionEffects (http://localhost:5174/node_modules/.vite/deps/react-dom_client.js?v=24484321:7073:50)
    at commitDeletionEffectsOnFiber (http://localhost:5174/node_modules/.vite/deps/react-dom_client.js?v=24484321:7134:6)
    at recursivelyTraverseDeletionEffects (http://localhost:5174/node_modules/.vite/deps/react-dom_client.js?v=24484321:7073:50)
    at commitDeletionEffectsOnFiber (http://localhost:5174/node_modules/.vite/deps/react-dom_client.js?v=24484321:7134:6)
    at recursivelyTraverseDeletionEffects (http://localhost:5174/node_modules/.vite/deps/react-dom_client.js?v=24484321:7073:50)
    at commitDeletionEffectsOnFiber (http://localhost:5174/node_modules/.vite/deps/react-dom_client.js?v=24484321:7148:14)
    at recursivelyTraverseDeletionEffects (http://localhost:5174/node_modules/.vite/deps/react-dom_client.js?v=24484321:7073:50)
[ 1258404ms] [WARNING] %s

%s
 An error occurred in the <main> component. Consider adding an error boundary to your tree to customize error handling behavior.
Visit https://react.dev/link/error-boundaries to learn more about error boundaries. @ http://localhost:5174/node_modules/.vite/deps/react-dom_client.js?v=24484321:5257
[ 1258407ms] NotFoundError: Failed to execute 'removeChild' on 'Node': The node to be removed is not a child of this node.
    at removeChildFromContainer (http://localhost:5174/node_modules/.vite/deps/react-dom_client.js?v=24484321:10588:123)
    at runWithFiberInDEV (http://localhost:5174/node_modules/.vite/deps/react-dom_client.js?v=24484321:851:66)
    at commitDeletionEffectsOnFiber (http://localhost:5174/node_modules/.vite/deps/react-dom_client.js?v=24484321:7106:7)
    at recursivelyTraverseDeletionEffects (http://localhost:5174/node_modules/.vite/deps/react-dom_client.js?v=24484321:7073:50)
    at commitDeletionEffectsOnFiber (http://localhost:5174/node_modules/.vite/deps/react-dom_client.js?v=24484321:7148:14)
    at recursivelyTraverseDeletionEffects (http://localhost:5174/node_modules/.vite/deps/react-dom_client.js?v=24484321:7073:50)
    at commitDeletionEffectsOnFiber (http://localhost:5174/node_modules/.vite/deps/react-dom_client.js?v=24484321:7134:6)
    at recursivelyTraverseDeletionEffects (http://localhost:5174/node_modules/.vite/deps/react-dom_client.js?v=24484321:7073:50)
    at commitDeletionEffectsOnFiber (http://localhost:5174/node_modules/.vite/deps/react-dom_client.js?v=24484321:7148:14)
    at recursivelyTraverseMutationEffects (http://localhost:5174/node_modules/.vite/deps/react-dom_client.js?v=24484321:7223:5)
[ 1258405ms] [WARNING] %s

%s
 An error occurred in the <div> component. Consider adding an error boundary to your tree to customize error handling behavior.
Visit https://react.dev/link/error-boundaries to learn more about error boundaries. @ http://localhost:5174/node_modules/.vite/deps/react-dom_client.js?v=24484321:5257
[ 1258440ms] NotFoundError: Failed to execute 'removeChild' on 'Node': The node to be removed is not a child of this node.
    at removeChildFromContainer (http://localhost:5174/node_modules/.vite/deps/react-dom_client.js?v=24484321:10588:123)
    at runWithFiberInDEV (http://localhost:5174/node_modules/.vite/deps/react-dom_client.js?v=24484321:851:66)
    at commitDeletionEffectsOnFiber (http://localhost:5174/node_modules/.vite/deps/react-dom_client.js?v=24484321:7106:7)
    at recursivelyTraverseDeletionEffects (http://localhost:5174/node_modules/.vite/deps/react-dom_client.js?v=24484321:7073:50)
    at commitDeletionEffectsOnFiber (http://localhost:5174/node_modules/.vite/deps/react-dom_client.js?v=24484321:7134:6)
    at recursivelyTraverseDeletionEffects (http://localhost:5174/node_modules/.vite/deps/react-dom_client.js?v=24484321:7073:50)
    at commitDeletionEffectsOnFiber (http://localhost:5174/node_modules/.vite/deps/react-dom_client.js?v=24484321:7134:6)
    at recursivelyTraverseDeletionEffects (http://localhost:5174/node_modules/.vite/deps/react-dom_client.js?v=24484321:7073:50)
    at commitDeletionEffectsOnFiber (http://localhost:5174/node_modules/.vite/deps/react-dom_client.js?v=24484321:7148:14)
    at recursivelyTraverseDeletionEffects (http://localhost:5174/node_modules/.vite/deps/react-dom_client.js?v=24484321:7073:50)
[ 1258431ms] [WARNING] %s

%s
 An error occurred in the <main> component. Consider adding an error boundary to your tree to customize error handling behavior.
Visit https://react.dev/link/error-boundaries to learn more about error boundaries. @ http://localhost:5174/node_modules/.vite/deps/react-dom_client.js?v=24484321:5257
[ 1258467ms] NotFoundError: Failed to execute 'insertBefore' on 'Node': The node before which the new node is to be inserted is not a child of this node.
    at insertOrAppendPlacementNodeIntoContainer (http://localhost:5174/node_modules/.vite/deps/react-dom_client.js?v=24484321:6801:207)
    at insertOrAppendPlacementNodeIntoContainer (http://localhost:5174/node_modules/.vite/deps/react-dom_client.js?v=24484321:6802:154)
    at insertOrAppendPlacementNodeIntoContainer (http://localhost:5174/node_modules/.vite/deps/react-dom_client.js?v=24484321:6802:154)
    at insertOrAppendPlacementNodeIntoContainer (http://localhost:5174/node_modules/.vite/deps/react-dom_client.js?v=24484321:6802:154)
    at insertOrAppendPlacementNodeIntoContainer (http://localhost:5174/node_modules/.vite/deps/react-dom_client.js?v=24484321:6802:154)
    at insertOrAppendPlacementNodeIntoContainer (http://localhost:5174/node_modules/.vite/deps/react-dom_client.js?v=24484321:6802:154)
    at insertOrAppendPlacementNodeIntoContainer (http://localhost:5174/node_modules/.vite/deps/react-dom_client.js?v=24484321:6802:154)
    at insertOrAppendPlacementNodeIntoContainer (http://localhost:5174/node_modules/.vite/deps/react-dom_client.js?v=24484321:6802:154)
    at insertOrAppendPlacementNodeIntoContainer (http://localhost:5174/node_modules/.vite/deps/react-dom_client.js?v=24484321:6802:154)
    at insertOrAppendPlacementNodeIntoContainer (http://localhost:5174/node_modules/.vite/deps/react-dom_client.js?v=24484321:6802:154)
[ 1258464ms] [WARNING] %s

%s
 An error occurred in the <QueryClientProvider> component. Consider adding an error boundary to your tree to customize error handling behavior.
Visit https://react.dev/link/error-boundaries to learn more about error boundaries. @ http://localhost:5174/node_modules/.vite/deps/react-dom_client.js?v=24484321:5257
[ 1258473ms] NotFoundError: Failed to execute 'removeChild' on 'Node': The node to be removed is not a child of this node.
    at removeChildFromContainer (http://localhost:5174/node_modules/.vite/deps/react-dom_client.js?v=24484321:10588:123)
    at runWithFiberInDEV (http://localhost:5174/node_modules/.vite/deps/react-dom_client.js?v=24484321:851:66)
    at commitDeletionEffectsOnFiber (http://localhost:5174/node_modules/.vite/deps/react-dom_client.js?v=24484321:7106:7)
    at recursivelyTraverseDeletionEffects (http://localhost:5174/node_modules/.vite/deps/react-dom_client.js?v=24484321:7073:50)
    at commitDeletionEffectsOnFiber (http://localhost:5174/node_modules/.vite/deps/react-dom_client.js?v=24484321:7134:6)
    at recursivelyTraverseDeletionEffects (http://localhost:5174/node_modules/.vite/deps/react-dom_client.js?v=24484321:7073:50)
    at commitDeletionEffectsOnFiber (http://localhost:5174/node_modules/.vite/deps/react-dom_client.js?v=24484321:7134:6)
    at recursivelyTraverseDeletionEffects (http://localhost:5174/node_modules/.vite/deps/react-dom_client.js?v=24484321:7073:50)
    at commitDeletionEffectsOnFiber (http://localhost:5174/node_modules/.vite/deps/react-dom_client.js?v=24484321:7148:14)
    at recursivelyTraverseDeletionEffects (http://localhost:5174/node_modules/.vite/deps/react-dom_client.js?v=24484321:7073:50)
[ 1258469ms] [WARNING] %s

%s
 An error occurred in the <main> component. Consider adding an error boundary to your tree to customize error handling behavior.
Visit https://react.dev/link/error-boundaries to learn more about error boundaries. @ http://localhost:5174/node_modules/.vite/deps/react-dom_client.js?v=24484321:5257
[ 1258474ms] NotFoundError: Failed to execute 'removeChild' on 'Node': The node to be removed is not a child of this node.
    at removeChildFromContainer (http://localhost:5174/node_modules/.vite/deps/react-dom_client.js?v=24484321:10588:123)
    at runWithFiberInDEV (http://localhost:5174/node_modules/.vite/deps/react-dom_client.js?v=24484321:851:66)
    at commitDeletionEffectsOnFiber (http://localhost:5174/node_modules/.vite/deps/react-dom_client.js?v=24484321:7106:7)
    at recursivelyTraverseDeletionEffects (http://localhost:5174/node_modules/.vite/deps/react-dom_client.js?v=24484321:7073:50)
    at commitDeletionEffectsOnFiber (http://localhost:5174/node_modules/.vite/deps/react-dom_client.js?v=24484321:7148:14)
    at recursivelyTraverseDeletionEffects (http://localhost:5174/node_modules/.vite/deps/react-dom_client.js?v=24484321:7073:50)
    at commitDeletionEffectsOnFiber (http://localhost:5174/node_modules/.vite/deps/react-dom_client.js?v=24484321:7134:6)
    at recursivelyTraverseDeletionEffects (http://localhost:5174/node_modules/.vite/deps/react-dom_client.js?v=24484321:7073:50)
    at commitDeletionEffectsOnFiber (http://localhost:5174/node_modules/.vite/deps/react-dom_client.js?v=24484321:7148:14)
    at recursivelyTraverseMutationEffects (http://localhost:5174/node_modules/.vite/deps/react-dom_client.js?v=24484321:7223:5)
[ 1258472ms] [WARNING] %s

%s
 An error occurred in the <div> component. Consider adding an error boundary to your tree to customize error handling behavior.
Visit https://react.dev/link/error-boundaries to learn more about error boundaries. @ http://localhost:5174/node_modules/.vite/deps/react-dom_client.js?v=24484321:5257
[ 1258546ms] NotFoundError: Failed to execute 'insertBefore' on 'Node': The node before which the new node is to be inserted is not a child of this node.
    at insertOrAppendPlacementNodeIntoContainer (http://localhost:5174/node_modules/.vite/deps/react-dom_client.js?v=24484321:6801:207)
    at insertOrAppendPlacementNodeIntoContainer (http://localhost:5174/node_modules/.vite/deps/react-dom_client.js?v=24484321:6802:154)
    at insertOrAppendPlacementNodeIntoContainer (http://localhost:5174/node_modules/.vite/deps/react-dom_client.js?v=24484321:6802:154)
    at insertOrAppendPlacementNodeIntoContainer (http://localhost:5174/node_modules/.vite/deps/react-dom_client.js?v=24484321:6802:154)
    at insertOrAppendPlacementNodeIntoContainer (http://localhost:5174/node_modules/.vite/deps/react-dom_client.js?v=24484321:6802:154)
    at insertOrAppendPlacementNodeIntoContainer (http://localhost:5174/node_modules/.vite/deps/react-dom_client.js?v=24484321:6802:154)
    at insertOrAppendPlacementNodeIntoContainer (http://localhost:5174/node_modules/.vite/deps/react-dom_client.js?v=24484321:6802:154)
    at insertOrAppendPlacementNodeIntoContainer (http://localhost:5174/node_modules/.vite/deps/react-dom_client.js?v=24484321:6802:154)
    at insertOrAppendPlacementNodeIntoContainer (http://localhost:5174/node_modules/.vite/deps/react-dom_client.js?v=24484321:6802:154)
    at insertOrAppendPlacementNodeIntoContainer (http://localhost:5174/node_modules/.vite/deps/react-dom_client.js?v=24484321:6802:154)
[ 1258542ms] [WARNING] %s

%s
 An error occurred in the <QueryClientProvider> component. Consider adding an error boundary to your tree to customize error handling behavior.
Visit https://react.dev/link/error-boundaries to learn more about error boundaries. @ http://localhost:5174/node_modules/.vite/deps/react-dom_client.js?v=24484321:5257
[ 1258548ms] NotFoundError: Failed to execute 'removeChild' on 'Node': The node to be removed is not a child of this node.
    at removeChildFromContainer (http://localhost:5174/node_modules/.vite/deps/react-dom_client.js?v=24484321:10588:123)
    at runWithFiberInDEV (http://localhost:5174/node_modules/.vite/deps/react-dom_client.js?v=24484321:851:66)
    at commitDeletionEffectsOnFiber (http://localhost:5174/node_modules/.vite/deps/react-dom_client.js?v=24484321:7106:7)
    at recursivelyTraverseDeletionEffects (http://localhost:5174/node_modules/.vite/deps/react-dom_client.js?v=24484321:7073:50)
    at commitDeletionEffectsOnFiber (http://localhost:5174/node_modules/.vite/deps/react-dom_client.js?v=24484321:7134:6)
    at recursivelyTraverseDeletionEffects (http://localhost:5174/node_modules/.vite/deps/react-dom_client.js?v=24484321:7073:50)
    at commitDeletionEffectsOnFiber (http://localhost:5174/node_modules/.vite/deps/react-dom_client.js?v=24484321:7134:6)
    at recursivelyTraverseDeletionEffects (http://localhost:5174/node_modules/.vite/deps/react-dom_client.js?v=24484321:7073:50)
    at commitDeletionEffectsOnFiber (http://localhost:5174/node_modules/.vite/deps/react-dom_client.js?v=24484321:7148:14)
    at recursivelyTraverseDeletionEffects (http://localhost:5174/node_modules/.vite/deps/react-dom_client.js?v=24484321:7073:50)
[ 1258545ms] [WARNING] %s

%s
 An error occurred in the <main> component. Consider adding an error boundary to your tree to customize error handling behavior.
Visit https://react.dev/link/error-boundaries to learn more about error boundaries. @ http://localhost:5174/node_modules/.vite/deps/react-dom_client.js?v=24484321:5257
[ 1258562ms] NotFoundError: Failed to execute 'removeChild' on 'Node': The node to be removed is not a child of this node.
    at removeChildFromContainer (http://localhost:5174/node_modules/.vite/deps/react-dom_client.js?v=24484321:10588:123)
    at runWithFiberInDEV (http://localhost:5174/node_modules/.vite/deps/react-dom_client.js?v=24484321:851:66)
    at commitDeletionEffectsOnFiber (http://localhost:5174/node_modules/.vite/deps/react-dom_client.js?v=24484321:7106:7)
    at recursivelyTraverseDeletionEffects (http://localhost:5174/node_modules/.vite/deps/react-dom_client.js?v=24484321:7073:50)
    at commitDeletionEffectsOnFiber (http://localhost:5174/node_modules/.vite/deps/react-dom_client.js?v=24484321:7148:14)
    at recursivelyTraverseDeletionEffects (http://localhost:5174/node_modules/.vite/deps/react-dom_client.js?v=24484321:7073:50)
    at commitDeletionEffectsOnFiber (http://localhost:5174/node_modules/.vite/deps/react-dom_client.js?v=24484321:7134:6)
    at recursivelyTraverseDeletionEffects (http://localhost:5174/node_modules/.vite/deps/react-dom_client.js?v=24484321:7073:50)
    at commitDeletionEffectsOnFiber (http://localhost:5174/node_modules/.vite/deps/react-dom_client.js?v=24484321:7148:14)
    at recursivelyTraverseMutationEffects (http://localhost:5174/node_modules/.vite/deps/react-dom_client.js?v=24484321:7223:5)
[ 1258546ms] [WARNING] %s

%s
 An error occurred in the <div> component. Consider adding an error boundary to your tree to customize error handling behavior.
Visit https://react.dev/link/error-boundaries to learn more about error boundaries. @ http://localhost:5174/node_modules/.vite/deps/react-dom_client.js?v=24484321:5257
[ 1259079ms] [INFO] %cDownload the React DevTools for a better development experience: https://react.dev/link/react-devtools font-weight:bold @ http://localhost:5174/node_modules/.vite/deps/react-dom_client.js?v=24484321:14335
[ 1261874ms] Error: BackofficeAuthProvider is missing.
    at useBackofficeAuth (http://localhost:5174/src/auth/backoffice-auth-context.tsx?t=1789654334037:143:22)
    at AuthenticatedBackofficeProviders (http://localhost:5174/src/app/providers/backoffice-providers.tsx?t=1789654334037:84:30)
    at Object.react_stack_bottom_frame (http://localhost:5174/node_modules/.vite/deps/react-dom_client.js?v=24484321:12866:12)
    at renderWithHooks (http://localhost:5174/node_modules/.vite/deps/react-dom_client.js?v=24484321:4213:19)
    at updateFunctionComponent (http://localhost:5174/node_modules/.vite/deps/react-dom_client.js?v=24484321:5569:16)
    at beginWork (http://localhost:5174/node_modules/.vite/deps/react-dom_client.js?v=24484321:6140:20)
    at runWithFiberInDEV (http://localhost:5174/node_modules/.vite/deps/react-dom_client.js?v=24484321:851:66)
    at performUnitOfWork (http://localhost:5174/node_modules/.vite/deps/react-dom_client.js?v=24484321:8429:92)
    at workLoopSync (http://localhost:5174/node_modules/.vite/deps/react-dom_client.js?v=24484321:8325:37)
    at renderRootSync (http://localhost:5174/node_modules/.vite/deps/react-dom_client.js?v=24484321:8309:6)
[ 1261874ms] [WARNING] %s

%s
 An error occurred in the <AuthenticatedBackofficeProviders> component. Consider adding an error boundary to your tree to customize error handling behavior.
Visit https://react.dev/link/error-boundaries to learn more about error boundaries. @ http://localhost:5174/node_modules/.vite/deps/react-dom_client.js?v=24484321:5257
[ 1263752ms] [INFO] %cDownload the React DevTools for a better development experience: https://react.dev/link/react-devtools font-weight:bold @ http://localhost:5174/node_modules/.vite/deps/react-dom_client.js?v=24484321:14335
[ 1264028ms] Error: BackofficeAuthProvider is missing.
    at useBackofficeAuth (http://localhost:5174/src/auth/backoffice-auth-context.tsx?t=1789654339391:143:22)
    at BusinessLocationProvider (http://localhost:5174/src/app/providers/business-location-context.tsx?t=1789654337641:27:39)
    at Object.react_stack_bottom_frame (http://localhost:5174/node_modules/.vite/deps/react-dom_client.js?v=24484321:12866:12)
    at renderWithHooks (http://localhost:5174/node_modules/.vite/deps/react-dom_client.js?v=24484321:4213:19)
    at updateFunctionComponent (http://localhost:5174/node_modules/.vite/deps/react-dom_client.js?v=24484321:5569:16)
    at beginWork (http://localhost:5174/node_modules/.vite/deps/react-dom_client.js?v=24484321:6140:20)
    at runWithFiberInDEV (http://localhost:5174/node_modules/.vite/deps/react-dom_client.js?v=24484321:851:66)
    at performUnitOfWork (http://localhost:5174/node_modules/.vite/deps/react-dom_client.js?v=24484321:8429:92)
    at workLoopSync (http://localhost:5174/node_modules/.vite/deps/react-dom_client.js?v=24484321:8325:37)
    at renderRootSync (http://localhost:5174/node_modules/.vite/deps/react-dom_client.js?v=24484321:8309:6)
[ 1264019ms] [WARNING] %s

%s
 An error occurred in the <BusinessLocationProvider> component. Consider adding an error boundary to your tree to customize error handling behavior.
Visit https://react.dev/link/error-boundaries to learn more about error boundaries. @ http://localhost:5174/node_modules/.vite/deps/react-dom_client.js?v=24484321:5257
[ 1264336ms] Error: BackofficeAuthProvider is missing.
    at useBackofficeAuth (http://localhost:5174/src/auth/backoffice-auth-context.tsx?t=1789654339391:143:22)
    at BusinessLocationProvider (http://localhost:5174/src/app/providers/business-location-context.tsx?t=1789654337641:27:39)
    at Object.react_stack_bottom_frame (http://localhost:5174/node_modules/.vite/deps/react-dom_client.js?v=24484321:12866:12)
    at renderWithHooks (http://localhost:5174/node_modules/.vite/deps/react-dom_client.js?v=24484321:4213:19)
    at updateFunctionComponent (http://localhost:5174/node_modules/.vite/deps/react-dom_client.js?v=24484321:5569:16)
    at beginWork (http://localhost:5174/node_modules/.vite/deps/react-dom_client.js?v=24484321:6140:20)
    at runWithFiberInDEV (http://localhost:5174/node_modules/.vite/deps/react-dom_client.js?v=24484321:851:66)
    at performUnitOfWork (http://localhost:5174/node_modules/.vite/deps/react-dom_client.js?v=24484321:8429:92)
    at workLoopSync (http://localhost:5174/node_modules/.vite/deps/react-dom_client.js?v=24484321:8325:37)
    at renderRootSync (http://localhost:5174/node_modules/.vite/deps/react-dom_client.js?v=24484321:8309:6)
[ 1264331ms] [WARNING] %s

%s
 An error occurred in the <BusinessLocationProvider> component. Consider adding an error boundary to your tree to customize error handling behavior.
Visit https://react.dev/link/error-boundaries to learn more about error boundaries. @ http://localhost:5174/node_modules/.vite/deps/react-dom_client.js?v=24484321:5257
[ 1299809ms] Error: BackofficeAuthProvider is missing.
    at useBackofficeAuth (http://localhost:5174/src/auth/backoffice-auth-context.tsx?t=1789654337641:143:22)
    at AuthenticatedBackofficeProviders (http://localhost:5174/src/app/providers/backoffice-providers.tsx?t=1789654337641:84:30)
    at Object.react_stack_bottom_frame (http://localhost:5174/node_modules/.vite/deps/react-dom_client.js?v=24484321:12866:12)
    at renderWithHooks (http://localhost:5174/node_modules/.vite/deps/react-dom_client.js?v=24484321:4213:19)
    at updateFunctionComponent (http://localhost:5174/node_modules/.vite/deps/react-dom_client.js?v=24484321:5569:16)
    at beginWork (http://localhost:5174/node_modules/.vite/deps/react-dom_client.js?v=24484321:6140:20)
    at runWithFiberInDEV (http://localhost:5174/node_modules/.vite/deps/react-dom_client.js?v=24484321:851:66)
    at performUnitOfWork (http://localhost:5174/node_modules/.vite/deps/react-dom_client.js?v=24484321:8429:92)
    at workLoopSync (http://localhost:5174/node_modules/.vite/deps/react-dom_client.js?v=24484321:8325:37)
    at renderRootSync (http://localhost:5174/node_modules/.vite/deps/react-dom_client.js?v=24484321:8309:6)
[ 1299809ms] [WARNING] %s

%s
 An error occurred in the <AuthenticatedBackofficeProviders> component. Consider adding an error boundary to your tree to customize error handling behavior.
Visit https://react.dev/link/error-boundaries to learn more about error boundaries. @ http://localhost:5174/node_modules/.vite/deps/react-dom_client.js?v=24484321:5257
[ 1299872ms] Error: BackofficeAuthProvider is missing.
    at useBackofficeAuth (http://localhost:5174/src/auth/backoffice-auth-context.tsx?t=1789654337641:143:22)
    at AuthenticatedBackofficeProviders (http://localhost:5174/src/app/providers/backoffice-providers.tsx?t=1789654337641:84:30)
    at Object.react_stack_bottom_frame (http://localhost:5174/node_modules/.vite/deps/react-dom_client.js?v=24484321:12866:12)
    at renderWithHooks (http://localhost:5174/node_modules/.vite/deps/react-dom_client.js?v=24484321:4213:19)
    at updateFunctionComponent (http://localhost:5174/node_modules/.vite/deps/react-dom_client.js?v=24484321:5569:16)
    at beginWork (http://localhost:5174/node_modules/.vite/deps/react-dom_client.js?v=24484321:6140:20)
    at runWithFiberInDEV (http://localhost:5174/node_modules/.vite/deps/react-dom_client.js?v=24484321:851:66)
    at performUnitOfWork (http://localhost:5174/node_modules/.vite/deps/react-dom_client.js?v=24484321:8429:92)
    at workLoopSync (http://localhost:5174/node_modules/.vite/deps/react-dom_client.js?v=24484321:8325:37)
    at renderRootSync (http://localhost:5174/node_modules/.vite/deps/react-dom_client.js?v=24484321:8309:6)
[ 1299864ms] [WARNING] %s

%s
 An error occurred in the <AuthenticatedBackofficeProviders> component. Consider adding an error boundary to your tree to customize error handling behavior.
Visit https://react.dev/link/error-boundaries to learn more about error boundaries. @ http://localhost:5174/node_modules/.vite/deps/react-dom_client.js?v=24484321:5257
[ 1300227ms] [INFO] %cDownload the React DevTools for a better development experience: https://react.dev/link/react-devtools font-weight:bold @ http://localhost:5174/node_modules/.vite/deps/react-dom_client.js?v=24484321:14335
[ 1301048ms] [INFO] %cDownload the React DevTools for a better development experience: https://react.dev/link/react-devtools font-weight:bold @ http://localhost:5174/node_modules/.vite/deps/react-dom_client.js?v=24484321:14335
[ 1311835ms] [INFO] %cDownload the React DevTools for a better development experience: https://react.dev/link/react-devtools font-weight:bold @ http://localhost:5174/node_modules/.vite/deps/react-dom_client.js?v=24484321:14335
[ 1314470ms] [INFO] %cDownload the React DevTools for a better development experience: https://react.dev/link/react-devtools font-weight:bold @ http://localhost:5174/node_modules/.vite/deps/react-dom_client.js?v=24484321:14335
[ 1317175ms] [INFO] %cDownload the React DevTools for a better development experience: https://react.dev/link/react-devtools font-weight:bold @ http://localhost:5174/node_modules/.vite/deps/react-dom_client.js?v=24484321:14335
[ 1360260ms] [INFO] %cDownload the React DevTools for a better development experience: https://react.dev/link/react-devtools font-weight:bold @ http://localhost:5174/node_modules/.vite/deps/react-dom_client.js?v=24484321:14335
[ 1361474ms] [ERROR] Failed to load resource: the server responded with a status of 401 (Unauthorized) @ http://127.0.0.1:4003/api/v1/auth/browser/login:0
[ 1362165ms] [INFO] %cDownload the React DevTools for a better development experience: https://react.dev/link/react-devtools font-weight:bold @ http://localhost:5174/node_modules/.vite/deps/react-dom_client.js?v=24484321:14335
[ 1377313ms] [INFO] %cDownload the React DevTools for a better development experience: https://react.dev/link/react-devtools font-weight:bold @ http://localhost:5174/node_modules/.vite/deps/react-dom_client.js?v=24484321:14335
[ 1379659ms] [INFO] %cDownload the React DevTools for a better development experience: https://react.dev/link/react-devtools font-weight:bold @ http://localhost:5174/node_modules/.vite/deps/react-dom_client.js?v=24484321:14335
[ 1391632ms] [INFO] %cDownload the React DevTools for a better development experience: https://react.dev/link/react-devtools font-weight:bold @ http://localhost:5174/node_modules/.vite/deps/react-dom_client.js?v=24484321:14335
[ 1406932ms] [INFO] %cDownload the React DevTools for a better development experience: https://react.dev/link/react-devtools font-weight:bold @ http://localhost:5174/node_modules/.vite/deps/react-dom_client.js?v=24484321:14335
[ 1414012ms] [INFO] %cDownload the React DevTools for a better development experience: https://react.dev/link/react-devtools font-weight:bold @ http://localhost:5174/node_modules/.vite/deps/react-dom_client.js?v=24484321:14335
