[     767ms] [INFO] %cDownload the React DevTools for a better development experience: https://react.dev/link/react-devtools font-weight:bold @ http://localhost:5174/node_modules/.vite/deps/react-dom_client.js?v=24484321:14335
[     879ms] [ERROR] Failed to load resource: the server responded with a status of 404 (Not Found) @ http://localhost:5174/favicon.ico:0
[     908ms] [ERROR] Failed to load resource: the server responded with a status of 401 (Unauthorized) @ http://127.0.0.1:4003/api/v1/auth/browser/refresh:0
[   25224ms] [INFO] %cDownload the React DevTools for a better development experience: https://react.dev/link/react-devtools font-weight:bold @ http://localhost:5174/node_modules/.vite/deps/react-dom_client.js?v=24484321:14335
[   30934ms] [INFO] %cDownload the React DevTools for a better development experience: https://react.dev/link/react-devtools font-weight:bold @ http://localhost:5174/node_modules/.vite/deps/react-dom_client.js?v=24484321:14335
[  933337ms] [ERROR] Failed to load resource: the server responded with a status of 401 (Unauthorized) @ http://127.0.0.1:4003/api/v1/auth/browser/refresh:0
[  933379ms] [ERROR] Failed to load resource: the server responded with a status of 401 (Unauthorized) @ http://127.0.0.1:4003/api/v1/notifications?limit=6&offset=0:0
[  933405ms] [ERROR] Failed to load resource: the server responded with a status of 401 (Unauthorized) @ http://127.0.0.1:4003/api/v1/auth/browser/refresh:0
[ 2222699ms] [INFO] %cDownload the React DevTools for a better development experience: https://react.dev/link/react-devtools font-weight:bold @ http://localhost:5173/node_modules/.vite/deps/react-dom_client.js?v=9ae41352:14335
[ 2222831ms] [ERROR] Failed to load resource: the server responded with a status of 404 (Not Found) @ http://localhost:5173/favicon.ico:0
[ 2531814ms] [INFO] %cDownload the React DevTools for a better development experience: https://react.dev/link/react-devtools font-weight:bold @ http://localhost:5173/node_modules/.vite/deps/react-dom_client.js?v=9ae41352:14335
[ 2650221ms] [INFO] %cDownload the React DevTools for a better development experience: https://react.dev/link/react-devtools font-weight:bold @ http://localhost:5173/node_modules/.vite/deps/react-dom_client.js?v=9ae41352:14335
[ 2965066ms] [INFO] %cDownload the React DevTools for a better development experience: https://react.dev/link/react-devtools font-weight:bold @ http://localhost:5173/node_modules/.vite/deps/react-dom_client.js?v=9ae41352:14335
[ 3145622ms] [ERROR] Failed to load resource: the server responded with a status of 401 (Unauthorized) @ http://127.0.0.1:4003/api/v1/auth/browser/refresh:0
[ 3145650ms] [ERROR] Failed to load resource: the server responded with a status of 401 (Unauthorized) @ http://127.0.0.1:4003/api/v1/notifications?limit=6&offset=0:0
[ 3145661ms] [ERROR] Failed to load resource: the server responded with a status of 401 (Unauthorized) @ http://127.0.0.1:4003/api/v1/auth/browser/refresh:0
[ 3181227ms] [INFO] %cDownload the React DevTools for a better development experience: https://react.dev/link/react-devtools font-weight:bold @ http://localhost:5173/node_modules/.vite/deps/react-dom_client.js?v=9ae41352:14335
[ 3218921ms] [INFO] %cDownload the React DevTools for a better development experience: https://react.dev/link/react-devtools font-weight:bold @ http://localhost:5173/node_modules/.vite/deps/react-dom_client.js?v=9ae41352:14335
[ 3327898ms] [INFO] %cDownload the React DevTools for a better development experience: https://react.dev/link/react-devtools font-weight:bold @ http://localhost:5173/node_modules/.vite/deps/react-dom_client.js?v=9ae41352:14335
[ 3483094ms] [INFO] %cDownload the React DevTools for a better development experience: https://react.dev/link/react-devtools font-weight:bold @ http://localhost:5173/node_modules/.vite/deps/react-dom_client.js?v=9ae41352:14335
[ 3514667ms] [INFO] %cDownload the React DevTools for a better development experience: https://react.dev/link/react-devtools font-weight:bold @ http://localhost:5173/node_modules/.vite/deps/react-dom_client.js?v=9ae41352:14335
[ 3532079ms] [INFO] %cDownload the React DevTools for a better development experience: https://react.dev/link/react-devtools font-weight:bold @ http://localhost:5173/node_modules/.vite/deps/react-dom_client.js?v=9ae41352:14335
[ 3533584ms] [INFO] %cDownload the React DevTools for a better development experience: https://react.dev/link/react-devtools font-weight:bold @ http://localhost:5173/node_modules/.vite/deps/react-dom_client.js?v=9ae41352:14335
[ 3534923ms] [INFO] %cDownload the React DevTools for a better development experience: https://react.dev/link/react-devtools font-weight:bold @ http://localhost:5173/node_modules/.vite/deps/react-dom_client.js?v=9ae41352:14335
[ 3556841ms] [INFO] %cDownload the React DevTools for a better development experience: https://react.dev/link/react-devtools font-weight:bold @ http://localhost:5173/node_modules/.vite/deps/react-dom_client.js?v=9ae41352:14335
[ 3567783ms] [INFO] %cDownload the React DevTools for a better development experience: https://react.dev/link/react-devtools font-weight:bold @ http://localhost:5173/node_modules/.vite/deps/react-dom_client.js?v=9ae41352:14335
[ 3578823ms] [INFO] %cDownload the React DevTools for a better development experience: https://react.dev/link/react-devtools font-weight:bold @ http://localhost:5173/node_modules/.vite/deps/react-dom_client.js?v=9ae41352:14335
[ 3773771ms] [INFO] %cDownload the React DevTools for a better development experience: https://react.dev/link/react-devtools font-weight:bold @ http://localhost:5173/node_modules/.vite/deps/react-dom_client.js?v=9ae41352:14335
[ 3809627ms] [INFO] %cDownload the React DevTools for a better development experience: https://react.dev/link/react-devtools font-weight:bold @ http://localhost:5173/node_modules/.vite/deps/react-dom_client.js?v=9ae41352:14335
[ 4003277ms] [ERROR] Failed to load resource: the server responded with a status of 409 (Conflict) @ http://127.0.0.1:4003/api/v1/operational/transactions/c8980b8d-669d-4e79-91d3-c0fcb04e2ba3/promo-code:0
[ 4066307ms] [INFO] %cDownload the React DevTools for a better development experience: https://react.dev/link/react-devtools font-weight:bold @ http://localhost:5173/node_modules/.vite/deps/react-dom_client.js?v=9ae41352:14335
[ 4080433ms] [INFO] %cDownload the React DevTools for a better development experience: https://react.dev/link/react-devtools font-weight:bold @ http://localhost:5173/node_modules/.vite/deps/react-dom_client.js?v=9ae41352:14335
[ 4106205ms] [ERROR] Failed to load resource: the server responded with a status of 401 (Unauthorized) @ http://127.0.0.1:4003/api/v1/auth/browser/refresh:0
[ 4106240ms] [ERROR] Failed to load resource: the server responded with a status of 401 (Unauthorized) @ http://127.0.0.1:4003/api/v1/operational/queue:0
[ 4113312ms] [INFO] %cDownload the React DevTools for a better development experience: https://react.dev/link/react-devtools font-weight:bold @ http://localhost:5173/node_modules/.vite/deps/react-dom_client.js?v=9ae41352:14335
[ 4172959ms] [INFO] %cDownload the React DevTools for a better development experience: https://react.dev/link/react-devtools font-weight:bold @ http://localhost:5173/node_modules/.vite/deps/react-dom_client.js?v=9ae41352:14335
[ 4199140ms] [INFO] %cDownload the React DevTools for a better development experience: https://react.dev/link/react-devtools font-weight:bold @ http://localhost:5173/node_modules/.vite/deps/react-dom_client.js?v=9ae41352:14335
[ 4214111ms] [ERROR] Failed to load resource: the server responded with a status of 409 (Conflict) @ http://127.0.0.1:4003/api/v1/operational/transactions/c8980b8d-669d-4e79-91d3-c0fcb04e2ba3/promo-code:0
[ 4344170ms] [INFO] %cDownload the React DevTools for a better development experience: https://react.dev/link/react-devtools font-weight:bold @ http://localhost:5173/node_modules/.vite/deps/react-dom_client.js?v=9ae41352:14335
[ 4344277ms] TypeError: bootstrapOperational(...).then is not a function
    at http://localhost:5173/src/main.tsx?t=1789658971840:66:29
[ 4381398ms] [INFO] %cDownload the React DevTools for a better development experience: https://react.dev/link/react-devtools font-weight:bold @ http://localhost:5173/node_modules/.vite/deps/react-dom_client.js?v=9ae41352:14335
[ 4381471ms] TypeError: bootstrapOperational(...).then is not a function
    at http://localhost:5173/src/main.tsx?t=1789659009054:66:29
[ 4391718ms] [INFO] %cDownload the React DevTools for a better development experience: https://react.dev/link/react-devtools font-weight:bold @ http://localhost:5173/node_modules/.vite/deps/react-dom_client.js?v=9ae41352:14335
[ 4445605ms] [ERROR] You are calling ReactDOMClient.createRoot() on a container that has already been passed to createRoot() before. Instead, call root.render() on the existing root instead if you want to update it. @ http://localhost:5173/node_modules/.vite/deps/react-dom_client.js?v=9ae41352:11668
[ 4445606ms] [ERROR] You are calling ReactDOMClient.createRoot() on a container that has already been passed to createRoot() before. Instead, call root.render() on the existing root instead if you want to update it. @ http://localhost:5173/node_modules/.vite/deps/react-dom_client.js?v=9ae41352:11668
[ 4445988ms] NotFoundError: Failed to execute 'insertBefore' on 'Node': The node before which the new node is to be inserted is not a child of this node.
    at insertOrAppendPlacementNodeIntoContainer (http://localhost:5173/node_modules/.vite/deps/react-dom_client.js?v=9ae41352:6801:207)
    at insertOrAppendPlacementNodeIntoContainer (http://localhost:5173/node_modules/.vite/deps/react-dom_client.js?v=9ae41352:6802:154)
    at insertOrAppendPlacementNodeIntoContainer (http://localhost:5173/node_modules/.vite/deps/react-dom_client.js?v=9ae41352:6802:154)
    at insertOrAppendPlacementNodeIntoContainer (http://localhost:5173/node_modules/.vite/deps/react-dom_client.js?v=9ae41352:6802:154)
    at insertOrAppendPlacementNodeIntoContainer (http://localhost:5173/node_modules/.vite/deps/react-dom_client.js?v=9ae41352:6802:154)
    at insertOrAppendPlacementNodeIntoContainer (http://localhost:5173/node_modules/.vite/deps/react-dom_client.js?v=9ae41352:6802:154)
    at insertOrAppendPlacementNodeIntoContainer (http://localhost:5173/node_modules/.vite/deps/react-dom_client.js?v=9ae41352:6802:154)
    at insertOrAppendPlacementNodeIntoContainer (http://localhost:5173/node_modules/.vite/deps/react-dom_client.js?v=9ae41352:6802:154)
    at insertOrAppendPlacementNodeIntoContainer (http://localhost:5173/node_modules/.vite/deps/react-dom_client.js?v=9ae41352:6802:154)
    at insertOrAppendPlacementNodeIntoContainer (http://localhost:5173/node_modules/.vite/deps/react-dom_client.js?v=9ae41352:6802:154)
[ 4445983ms] [WARNING] %s

%s
 An error occurred in the <OperationalProviders> component. Consider adding an error boundary to your tree to customize error handling behavior.
Visit https://react.dev/link/error-boundaries to learn more about error boundaries. @ http://localhost:5173/node_modules/.vite/deps/react-dom_client.js?v=9ae41352:5257
[ 4446020ms] NotFoundError: Failed to execute 'removeChild' on 'Node': The node to be removed is not a child of this node.
    at removeChildFromContainer (http://localhost:5173/node_modules/.vite/deps/react-dom_client.js?v=9ae41352:10588:123)
    at runWithFiberInDEV (http://localhost:5173/node_modules/.vite/deps/react-dom_client.js?v=9ae41352:851:66)
    at commitDeletionEffectsOnFiber (http://localhost:5173/node_modules/.vite/deps/react-dom_client.js?v=9ae41352:7106:7)
    at recursivelyTraverseDeletionEffects (http://localhost:5173/node_modules/.vite/deps/react-dom_client.js?v=9ae41352:7073:50)
    at commitDeletionEffectsOnFiber (http://localhost:5173/node_modules/.vite/deps/react-dom_client.js?v=9ae41352:7148:14)
    at recursivelyTraverseDeletionEffects (http://localhost:5173/node_modules/.vite/deps/react-dom_client.js?v=9ae41352:7073:50)
    at commitDeletionEffectsOnFiber (http://localhost:5173/node_modules/.vite/deps/react-dom_client.js?v=9ae41352:7134:6)
    at recursivelyTraverseDeletionEffects (http://localhost:5173/node_modules/.vite/deps/react-dom_client.js?v=9ae41352:7073:50)
    at commitDeletionEffectsOnFiber (http://localhost:5173/node_modules/.vite/deps/react-dom_client.js?v=9ae41352:7148:14)
    at recursivelyTraverseDeletionEffects (http://localhost:5173/node_modules/.vite/deps/react-dom_client.js?v=9ae41352:7073:50)
[ 4446019ms] [WARNING] %s

%s
 An error occurred in the <div> component. Consider adding an error boundary to your tree to customize error handling behavior.
Visit https://react.dev/link/error-boundaries to learn more about error boundaries. @ http://localhost:5173/node_modules/.vite/deps/react-dom_client.js?v=9ae41352:5257
[ 4446038ms] NotFoundError: Failed to execute 'removeChild' on 'Node': The node to be removed is not a child of this node.
    at removeChildFromContainer (http://localhost:5173/node_modules/.vite/deps/react-dom_client.js?v=9ae41352:10588:123)
    at runWithFiberInDEV (http://localhost:5173/node_modules/.vite/deps/react-dom_client.js?v=9ae41352:851:66)
    at commitDeletionEffectsOnFiber (http://localhost:5173/node_modules/.vite/deps/react-dom_client.js?v=9ae41352:7106:7)
    at recursivelyTraverseDeletionEffects (http://localhost:5173/node_modules/.vite/deps/react-dom_client.js?v=9ae41352:7073:50)
    at commitDeletionEffectsOnFiber (http://localhost:5173/node_modules/.vite/deps/react-dom_client.js?v=9ae41352:7134:6)
    at recursivelyTraverseDeletionEffects (http://localhost:5173/node_modules/.vite/deps/react-dom_client.js?v=9ae41352:7073:50)
    at commitDeletionEffectsOnFiber (http://localhost:5173/node_modules/.vite/deps/react-dom_client.js?v=9ae41352:7148:14)
    at recursivelyTraverseMutationEffects (http://localhost:5173/node_modules/.vite/deps/react-dom_client.js?v=9ae41352:7223:5)
    at commitMutationEffectsOnFiber (http://localhost:5173/node_modules/.vite/deps/react-dom_client.js?v=9ae41352:7353:6)
    at flushMutationEffects (http://localhost:5173/node_modules/.vite/deps/react-dom_client.js?v=9ae41352:8603:7)
[ 4446039ms] [WARNING] %s

%s
 An error occurred in the <div> component. Consider adding an error boundary to your tree to customize error handling behavior.
Visit https://react.dev/link/error-boundaries to learn more about error boundaries. @ http://localhost:5173/node_modules/.vite/deps/react-dom_client.js?v=9ae41352:5257
[ 4446225ms] NotFoundError: Failed to execute 'insertBefore' on 'Node': The node before which the new node is to be inserted is not a child of this node.
    at insertOrAppendPlacementNodeIntoContainer (http://localhost:5173/node_modules/.vite/deps/react-dom_client.js?v=9ae41352:6801:207)
    at insertOrAppendPlacementNodeIntoContainer (http://localhost:5173/node_modules/.vite/deps/react-dom_client.js?v=9ae41352:6802:154)
    at insertOrAppendPlacementNodeIntoContainer (http://localhost:5173/node_modules/.vite/deps/react-dom_client.js?v=9ae41352:6802:154)
    at insertOrAppendPlacementNodeIntoContainer (http://localhost:5173/node_modules/.vite/deps/react-dom_client.js?v=9ae41352:6802:154)
    at insertOrAppendPlacementNodeIntoContainer (http://localhost:5173/node_modules/.vite/deps/react-dom_client.js?v=9ae41352:6802:154)
    at insertOrAppendPlacementNodeIntoContainer (http://localhost:5173/node_modules/.vite/deps/react-dom_client.js?v=9ae41352:6802:154)
    at insertOrAppendPlacementNodeIntoContainer (http://localhost:5173/node_modules/.vite/deps/react-dom_client.js?v=9ae41352:6802:154)
    at insertOrAppendPlacementNodeIntoContainer (http://localhost:5173/node_modules/.vite/deps/react-dom_client.js?v=9ae41352:6802:154)
    at insertOrAppendPlacementNodeIntoContainer (http://localhost:5173/node_modules/.vite/deps/react-dom_client.js?v=9ae41352:6802:154)
    at insertOrAppendPlacementNodeIntoContainer (http://localhost:5173/node_modules/.vite/deps/react-dom_client.js?v=9ae41352:6802:154)
[ 4446225ms] [WARNING] %s

%s
 An error occurred in the <OperationalProviders> component. Consider adding an error boundary to your tree to customize error handling behavior.
Visit https://react.dev/link/error-boundaries to learn more about error boundaries. @ http://localhost:5173/node_modules/.vite/deps/react-dom_client.js?v=9ae41352:5257
[ 4446230ms] NotFoundError: Failed to execute 'removeChild' on 'Node': The node to be removed is not a child of this node.
    at removeChildFromContainer (http://localhost:5173/node_modules/.vite/deps/react-dom_client.js?v=9ae41352:10588:123)
    at runWithFiberInDEV (http://localhost:5173/node_modules/.vite/deps/react-dom_client.js?v=9ae41352:851:66)
    at commitDeletionEffectsOnFiber (http://localhost:5173/node_modules/.vite/deps/react-dom_client.js?v=9ae41352:7106:7)
    at recursivelyTraverseDeletionEffects (http://localhost:5173/node_modules/.vite/deps/react-dom_client.js?v=9ae41352:7073:50)
    at commitDeletionEffectsOnFiber (http://localhost:5173/node_modules/.vite/deps/react-dom_client.js?v=9ae41352:7148:14)
    at recursivelyTraverseDeletionEffects (http://localhost:5173/node_modules/.vite/deps/react-dom_client.js?v=9ae41352:7073:50)
    at commitDeletionEffectsOnFiber (http://localhost:5173/node_modules/.vite/deps/react-dom_client.js?v=9ae41352:7134:6)
    at recursivelyTraverseDeletionEffects (http://localhost:5173/node_modules/.vite/deps/react-dom_client.js?v=9ae41352:7073:50)
    at commitDeletionEffectsOnFiber (http://localhost:5173/node_modules/.vite/deps/react-dom_client.js?v=9ae41352:7148:14)
    at recursivelyTraverseDeletionEffects (http://localhost:5173/node_modules/.vite/deps/react-dom_client.js?v=9ae41352:7073:50)
[ 4446229ms] [WARNING] %s

%s
 An error occurred in the <div> component. Consider adding an error boundary to your tree to customize error handling behavior.
Visit https://react.dev/link/error-boundaries to learn more about error boundaries. @ http://localhost:5173/node_modules/.vite/deps/react-dom_client.js?v=9ae41352:5257
[ 4446231ms] NotFoundError: Failed to execute 'removeChild' on 'Node': The node to be removed is not a child of this node.
    at removeChildFromContainer (http://localhost:5173/node_modules/.vite/deps/react-dom_client.js?v=9ae41352:10588:123)
    at runWithFiberInDEV (http://localhost:5173/node_modules/.vite/deps/react-dom_client.js?v=9ae41352:851:66)
    at commitDeletionEffectsOnFiber (http://localhost:5173/node_modules/.vite/deps/react-dom_client.js?v=9ae41352:7106:7)
    at recursivelyTraverseDeletionEffects (http://localhost:5173/node_modules/.vite/deps/react-dom_client.js?v=9ae41352:7073:50)
    at commitDeletionEffectsOnFiber (http://localhost:5173/node_modules/.vite/deps/react-dom_client.js?v=9ae41352:7134:6)
    at recursivelyTraverseDeletionEffects (http://localhost:5173/node_modules/.vite/deps/react-dom_client.js?v=9ae41352:7073:50)
    at commitDeletionEffectsOnFiber (http://localhost:5173/node_modules/.vite/deps/react-dom_client.js?v=9ae41352:7148:14)
    at recursivelyTraverseMutationEffects (http://localhost:5173/node_modules/.vite/deps/react-dom_client.js?v=9ae41352:7223:5)
    at commitMutationEffectsOnFiber (http://localhost:5173/node_modules/.vite/deps/react-dom_client.js?v=9ae41352:7353:6)
    at flushMutationEffects (http://localhost:5173/node_modules/.vite/deps/react-dom_client.js?v=9ae41352:8603:7)
[ 4446230ms] [WARNING] %s

%s
 An error occurred in the <div> component. Consider adding an error boundary to your tree to customize error handling behavior.
Visit https://react.dev/link/error-boundaries to learn more about error boundaries. @ http://localhost:5173/node_modules/.vite/deps/react-dom_client.js?v=9ae41352:5257
[ 4446588ms] NotFoundError: Failed to execute 'insertBefore' on 'Node': The node before which the new node is to be inserted is not a child of this node.
    at insertOrAppendPlacementNodeIntoContainer (http://localhost:5173/node_modules/.vite/deps/react-dom_client.js?v=9ae41352:6801:207)
    at insertOrAppendPlacementNodeIntoContainer (http://localhost:5173/node_modules/.vite/deps/react-dom_client.js?v=9ae41352:6802:154)
    at insertOrAppendPlacementNodeIntoContainer (http://localhost:5173/node_modules/.vite/deps/react-dom_client.js?v=9ae41352:6802:154)
    at insertOrAppendPlacementNodeIntoContainer (http://localhost:5173/node_modules/.vite/deps/react-dom_client.js?v=9ae41352:6802:154)
    at insertOrAppendPlacementNodeIntoContainer (http://localhost:5173/node_modules/.vite/deps/react-dom_client.js?v=9ae41352:6802:154)
    at insertOrAppendPlacementNodeIntoContainer (http://localhost:5173/node_modules/.vite/deps/react-dom_client.js?v=9ae41352:6802:154)
    at insertOrAppendPlacementNodeIntoContainer (http://localhost:5173/node_modules/.vite/deps/react-dom_client.js?v=9ae41352:6802:154)
    at insertOrAppendPlacementNodeIntoContainer (http://localhost:5173/node_modules/.vite/deps/react-dom_client.js?v=9ae41352:6802:154)
    at insertOrAppendPlacementNodeIntoContainer (http://localhost:5173/node_modules/.vite/deps/react-dom_client.js?v=9ae41352:6802:154)
    at insertOrAppendPlacementNodeIntoContainer (http://localhost:5173/node_modules/.vite/deps/react-dom_client.js?v=9ae41352:6802:154)
[ 4446589ms] [WARNING] %s

%s
 An error occurred in the <OperationalProviders> component. Consider adding an error boundary to your tree to customize error handling behavior.
Visit https://react.dev/link/error-boundaries to learn more about error boundaries. @ http://localhost:5173/node_modules/.vite/deps/react-dom_client.js?v=9ae41352:5257
[ 4446602ms] NotFoundError: Failed to execute 'removeChild' on 'Node': The node to be removed is not a child of this node.
    at removeChildFromContainer (http://localhost:5173/node_modules/.vite/deps/react-dom_client.js?v=9ae41352:10588:123)
    at runWithFiberInDEV (http://localhost:5173/node_modules/.vite/deps/react-dom_client.js?v=9ae41352:851:66)
    at commitDeletionEffectsOnFiber (http://localhost:5173/node_modules/.vite/deps/react-dom_client.js?v=9ae41352:7106:7)
    at recursivelyTraverseDeletionEffects (http://localhost:5173/node_modules/.vite/deps/react-dom_client.js?v=9ae41352:7073:50)
    at commitDeletionEffectsOnFiber (http://localhost:5173/node_modules/.vite/deps/react-dom_client.js?v=9ae41352:7148:14)
    at recursivelyTraverseDeletionEffects (http://localhost:5173/node_modules/.vite/deps/react-dom_client.js?v=9ae41352:7073:50)
    at commitDeletionEffectsOnFiber (http://localhost:5173/node_modules/.vite/deps/react-dom_client.js?v=9ae41352:7134:6)
    at recursivelyTraverseDeletionEffects (http://localhost:5173/node_modules/.vite/deps/react-dom_client.js?v=9ae41352:7073:50)
    at commitDeletionEffectsOnFiber (http://localhost:5173/node_modules/.vite/deps/react-dom_client.js?v=9ae41352:7148:14)
    at recursivelyTraverseDeletionEffects (http://localhost:5173/node_modules/.vite/deps/react-dom_client.js?v=9ae41352:7073:50)
[ 4446601ms] [WARNING] %s

%s
 An error occurred in the <div> component. Consider adding an error boundary to your tree to customize error handling behavior.
Visit https://react.dev/link/error-boundaries to learn more about error boundaries. @ http://localhost:5173/node_modules/.vite/deps/react-dom_client.js?v=9ae41352:5257
[ 4446603ms] NotFoundError: Failed to execute 'removeChild' on 'Node': The node to be removed is not a child of this node.
    at removeChildFromContainer (http://localhost:5173/node_modules/.vite/deps/react-dom_client.js?v=9ae41352:10588:123)
    at runWithFiberInDEV (http://localhost:5173/node_modules/.vite/deps/react-dom_client.js?v=9ae41352:851:66)
    at commitDeletionEffectsOnFiber (http://localhost:5173/node_modules/.vite/deps/react-dom_client.js?v=9ae41352:7106:7)
    at recursivelyTraverseDeletionEffects (http://localhost:5173/node_modules/.vite/deps/react-dom_client.js?v=9ae41352:7073:50)
    at commitDeletionEffectsOnFiber (http://localhost:5173/node_modules/.vite/deps/react-dom_client.js?v=9ae41352:7134:6)
    at recursivelyTraverseDeletionEffects (http://localhost:5173/node_modules/.vite/deps/react-dom_client.js?v=9ae41352:7073:50)
    at commitDeletionEffectsOnFiber (http://localhost:5173/node_modules/.vite/deps/react-dom_client.js?v=9ae41352:7148:14)
    at recursivelyTraverseMutationEffects (http://localhost:5173/node_modules/.vite/deps/react-dom_client.js?v=9ae41352:7223:5)
    at commitMutationEffectsOnFiber (http://localhost:5173/node_modules/.vite/deps/react-dom_client.js?v=9ae41352:7353:6)
    at flushMutationEffects (http://localhost:5173/node_modules/.vite/deps/react-dom_client.js?v=9ae41352:8603:7)
[ 4446602ms] [WARNING] %s

%s
 An error occurred in the <div> component. Consider adding an error boundary to your tree to customize error handling behavior.
Visit https://react.dev/link/error-boundaries to learn more about error boundaries. @ http://localhost:5173/node_modules/.vite/deps/react-dom_client.js?v=9ae41352:5257
[ 4446740ms] NotFoundError: Failed to execute 'insertBefore' on 'Node': The node before which the new node is to be inserted is not a child of this node.
    at insertOrAppendPlacementNodeIntoContainer (http://localhost:5173/node_modules/.vite/deps/react-dom_client.js?v=9ae41352:6801:207)
    at insertOrAppendPlacementNodeIntoContainer (http://localhost:5173/node_modules/.vite/deps/react-dom_client.js?v=9ae41352:6802:154)
    at insertOrAppendPlacementNodeIntoContainer (http://localhost:5173/node_modules/.vite/deps/react-dom_client.js?v=9ae41352:6802:154)
    at insertOrAppendPlacementNodeIntoContainer (http://localhost:5173/node_modules/.vite/deps/react-dom_client.js?v=9ae41352:6802:154)
    at insertOrAppendPlacementNodeIntoContainer (http://localhost:5173/node_modules/.vite/deps/react-dom_client.js?v=9ae41352:6802:154)
    at insertOrAppendPlacementNodeIntoContainer (http://localhost:5173/node_modules/.vite/deps/react-dom_client.js?v=9ae41352:6802:154)
    at insertOrAppendPlacementNodeIntoContainer (http://localhost:5173/node_modules/.vite/deps/react-dom_client.js?v=9ae41352:6802:154)
    at insertOrAppendPlacementNodeIntoContainer (http://localhost:5173/node_modules/.vite/deps/react-dom_client.js?v=9ae41352:6802:154)
    at insertOrAppendPlacementNodeIntoContainer (http://localhost:5173/node_modules/.vite/deps/react-dom_client.js?v=9ae41352:6802:154)
    at insertOrAppendPlacementNodeIntoContainer (http://localhost:5173/node_modules/.vite/deps/react-dom_client.js?v=9ae41352:6802:154)
[ 4446740ms] [WARNING] %s

%s
 An error occurred in the <OperationalProviders> component. Consider adding an error boundary to your tree to customize error handling behavior.
Visit https://react.dev/link/error-boundaries to learn more about error boundaries. @ http://localhost:5173/node_modules/.vite/deps/react-dom_client.js?v=9ae41352:5257
[ 4446749ms] NotFoundError: Failed to execute 'removeChild' on 'Node': The node to be removed is not a child of this node.
    at removeChildFromContainer (http://localhost:5173/node_modules/.vite/deps/react-dom_client.js?v=9ae41352:10588:123)
    at runWithFiberInDEV (http://localhost:5173/node_modules/.vite/deps/react-dom_client.js?v=9ae41352:851:66)
    at commitDeletionEffectsOnFiber (http://localhost:5173/node_modules/.vite/deps/react-dom_client.js?v=9ae41352:7106:7)
    at recursivelyTraverseDeletionEffects (http://localhost:5173/node_modules/.vite/deps/react-dom_client.js?v=9ae41352:7073:50)
    at commitDeletionEffectsOnFiber (http://localhost:5173/node_modules/.vite/deps/react-dom_client.js?v=9ae41352:7148:14)
    at recursivelyTraverseDeletionEffects (http://localhost:5173/node_modules/.vite/deps/react-dom_client.js?v=9ae41352:7073:50)
    at commitDeletionEffectsOnFiber (http://localhost:5173/node_modules/.vite/deps/react-dom_client.js?v=9ae41352:7134:6)
    at recursivelyTraverseDeletionEffects (http://localhost:5173/node_modules/.vite/deps/react-dom_client.js?v=9ae41352:7073:50)
    at commitDeletionEffectsOnFiber (http://localhost:5173/node_modules/.vite/deps/react-dom_client.js?v=9ae41352:7148:14)
    at recursivelyTraverseDeletionEffects (http://localhost:5173/node_modules/.vite/deps/react-dom_client.js?v=9ae41352:7073:50)
[ 4446746ms] [WARNING] %s

%s
 An error occurred in the <div> component. Consider adding an error boundary to your tree to customize error handling behavior.
Visit https://react.dev/link/error-boundaries to learn more about error boundaries. @ http://localhost:5173/node_modules/.vite/deps/react-dom_client.js?v=9ae41352:5257
[ 4446752ms] NotFoundError: Failed to execute 'removeChild' on 'Node': The node to be removed is not a child of this node.
    at removeChildFromContainer (http://localhost:5173/node_modules/.vite/deps/react-dom_client.js?v=9ae41352:10588:123)
    at runWithFiberInDEV (http://localhost:5173/node_modules/.vite/deps/react-dom_client.js?v=9ae41352:851:66)
    at commitDeletionEffectsOnFiber (http://localhost:5173/node_modules/.vite/deps/react-dom_client.js?v=9ae41352:7106:7)
    at recursivelyTraverseDeletionEffects (http://localhost:5173/node_modules/.vite/deps/react-dom_client.js?v=9ae41352:7073:50)
    at commitDeletionEffectsOnFiber (http://localhost:5173/node_modules/.vite/deps/react-dom_client.js?v=9ae41352:7134:6)
    at recursivelyTraverseDeletionEffects (http://localhost:5173/node_modules/.vite/deps/react-dom_client.js?v=9ae41352:7073:50)
    at commitDeletionEffectsOnFiber (http://localhost:5173/node_modules/.vite/deps/react-dom_client.js?v=9ae41352:7148:14)
    at recursivelyTraverseMutationEffects (http://localhost:5173/node_modules/.vite/deps/react-dom_client.js?v=9ae41352:7223:5)
    at commitMutationEffectsOnFiber (http://localhost:5173/node_modules/.vite/deps/react-dom_client.js?v=9ae41352:7353:6)
    at flushMutationEffects (http://localhost:5173/node_modules/.vite/deps/react-dom_client.js?v=9ae41352:8603:7)
[ 4446751ms] [WARNING] %s

%s
 An error occurred in the <div> component. Consider adding an error boundary to your tree to customize error handling behavior.
Visit https://react.dev/link/error-boundaries to learn more about error boundaries. @ http://localhost:5173/node_modules/.vite/deps/react-dom_client.js?v=9ae41352:5257
[ 4446840ms] [ERROR] You are calling ReactDOMClient.createRoot() on a container that has already been passed to createRoot() before. Instead, call root.render() on the existing root instead if you want to update it. @ http://localhost:5173/node_modules/.vite/deps/react-dom_client.js?v=9ae41352:11668
[ 4447716ms] NotFoundError: Failed to execute 'insertBefore' on 'Node': The node before which the new node is to be inserted is not a child of this node.
    at insertOrAppendPlacementNodeIntoContainer (http://localhost:5173/node_modules/.vite/deps/react-dom_client.js?v=9ae41352:6801:207)
    at insertOrAppendPlacementNodeIntoContainer (http://localhost:5173/node_modules/.vite/deps/react-dom_client.js?v=9ae41352:6802:154)
    at insertOrAppendPlacementNodeIntoContainer (http://localhost:5173/node_modules/.vite/deps/react-dom_client.js?v=9ae41352:6802:154)
    at insertOrAppendPlacementNodeIntoContainer (http://localhost:5173/node_modules/.vite/deps/react-dom_client.js?v=9ae41352:6802:154)
    at insertOrAppendPlacementNodeIntoContainer (http://localhost:5173/node_modules/.vite/deps/react-dom_client.js?v=9ae41352:6802:154)
    at insertOrAppendPlacementNodeIntoContainer (http://localhost:5173/node_modules/.vite/deps/react-dom_client.js?v=9ae41352:6802:154)
    at insertOrAppendPlacementNodeIntoContainer (http://localhost:5173/node_modules/.vite/deps/react-dom_client.js?v=9ae41352:6802:154)
    at insertOrAppendPlacementNodeIntoContainer (http://localhost:5173/node_modules/.vite/deps/react-dom_client.js?v=9ae41352:6802:154)
    at insertOrAppendPlacementNodeIntoContainer (http://localhost:5173/node_modules/.vite/deps/react-dom_client.js?v=9ae41352:6802:154)
    at insertOrAppendPlacementNodeIntoContainer (http://localhost:5173/node_modules/.vite/deps/react-dom_client.js?v=9ae41352:6802:154)
[ 4447716ms] [WARNING] %s

%s
 An error occurred in the <OperationalProviders> component. Consider adding an error boundary to your tree to customize error handling behavior.
Visit https://react.dev/link/error-boundaries to learn more about error boundaries. @ http://localhost:5173/node_modules/.vite/deps/react-dom_client.js?v=9ae41352:5257
[ 4447722ms] NotFoundError: Failed to execute 'removeChild' on 'Node': The node to be removed is not a child of this node.
    at removeChildFromContainer (http://localhost:5173/node_modules/.vite/deps/react-dom_client.js?v=9ae41352:10588:123)
    at runWithFiberInDEV (http://localhost:5173/node_modules/.vite/deps/react-dom_client.js?v=9ae41352:851:66)
    at commitDeletionEffectsOnFiber (http://localhost:5173/node_modules/.vite/deps/react-dom_client.js?v=9ae41352:7106:7)
    at recursivelyTraverseDeletionEffects (http://localhost:5173/node_modules/.vite/deps/react-dom_client.js?v=9ae41352:7073:50)
    at commitDeletionEffectsOnFiber (http://localhost:5173/node_modules/.vite/deps/react-dom_client.js?v=9ae41352:7148:14)
    at recursivelyTraverseDeletionEffects (http://localhost:5173/node_modules/.vite/deps/react-dom_client.js?v=9ae41352:7073:50)
    at commitDeletionEffectsOnFiber (http://localhost:5173/node_modules/.vite/deps/react-dom_client.js?v=9ae41352:7134:6)
    at recursivelyTraverseDeletionEffects (http://localhost:5173/node_modules/.vite/deps/react-dom_client.js?v=9ae41352:7073:50)
    at commitDeletionEffectsOnFiber (http://localhost:5173/node_modules/.vite/deps/react-dom_client.js?v=9ae41352:7148:14)
    at recursivelyTraverseDeletionEffects (http://localhost:5173/node_modules/.vite/deps/react-dom_client.js?v=9ae41352:7073:50)
[ 4447721ms] [WARNING] %s

%s
 An error occurred in the <div> component. Consider adding an error boundary to your tree to customize error handling behavior.
Visit https://react.dev/link/error-boundaries to learn more about error boundaries. @ http://localhost:5173/node_modules/.vite/deps/react-dom_client.js?v=9ae41352:5257
[ 4447724ms] NotFoundError: Failed to execute 'removeChild' on 'Node': The node to be removed is not a child of this node.
    at removeChildFromContainer (http://localhost:5173/node_modules/.vite/deps/react-dom_client.js?v=9ae41352:10588:123)
    at runWithFiberInDEV (http://localhost:5173/node_modules/.vite/deps/react-dom_client.js?v=9ae41352:851:66)
    at commitDeletionEffectsOnFiber (http://localhost:5173/node_modules/.vite/deps/react-dom_client.js?v=9ae41352:7106:7)
    at recursivelyTraverseDeletionEffects (http://localhost:5173/node_modules/.vite/deps/react-dom_client.js?v=9ae41352:7073:50)
    at commitDeletionEffectsOnFiber (http://localhost:5173/node_modules/.vite/deps/react-dom_client.js?v=9ae41352:7134:6)
    at recursivelyTraverseDeletionEffects (http://localhost:5173/node_modules/.vite/deps/react-dom_client.js?v=9ae41352:7073:50)
    at commitDeletionEffectsOnFiber (http://localhost:5173/node_modules/.vite/deps/react-dom_client.js?v=9ae41352:7148:14)
    at recursivelyTraverseMutationEffects (http://localhost:5173/node_modules/.vite/deps/react-dom_client.js?v=9ae41352:7223:5)
    at commitMutationEffectsOnFiber (http://localhost:5173/node_modules/.vite/deps/react-dom_client.js?v=9ae41352:7353:6)
    at flushMutationEffects (http://localhost:5173/node_modules/.vite/deps/react-dom_client.js?v=9ae41352:8603:7)
[ 4447722ms] [WARNING] %s

%s
 An error occurred in the <div> component. Consider adding an error boundary to your tree to customize error handling behavior.
Visit https://react.dev/link/error-boundaries to learn more about error boundaries. @ http://localhost:5173/node_modules/.vite/deps/react-dom_client.js?v=9ae41352:5257
[ 4448155ms] [INFO] %cDownload the React DevTools for a better development experience: https://react.dev/link/react-devtools font-weight:bold @ http://localhost:5173/node_modules/.vite/deps/react-dom_client.js?v=9ae41352:14335
[ 4462268ms] [INFO] %cDownload the React DevTools for a better development experience: https://react.dev/link/react-devtools font-weight:bold @ http://localhost:5173/node_modules/.vite/deps/react-dom_client.js?v=9ae41352:14335
[ 4526028ms] [INFO] %cDownload the React DevTools for a better development experience: https://react.dev/link/react-devtools font-weight:bold @ http://localhost:5173/node_modules/.vite/deps/react-dom_client.js?v=9ae41352:14335
[ 4545170ms] [INFO] %cDownload the React DevTools for a better development experience: https://react.dev/link/react-devtools font-weight:bold @ http://localhost:5173/node_modules/.vite/deps/react-dom_client.js?v=9ae41352:14335
[ 4640433ms] [ERROR] You are calling ReactDOMClient.createRoot() on a container that has already been passed to createRoot() before. Instead, call root.render() on the existing root instead if you want to update it. @ http://localhost:5173/node_modules/.vite/deps/react-dom_client.js?v=9ae41352:11668
[ 4640434ms] [ERROR] You are calling ReactDOMClient.createRoot() on a container that has already been passed to createRoot() before. Instead, call root.render() on the existing root instead if you want to update it. @ http://localhost:5173/node_modules/.vite/deps/react-dom_client.js?v=9ae41352:11668
[ 4640558ms] NotFoundError: Failed to execute 'insertBefore' on 'Node': The node before which the new node is to be inserted is not a child of this node.
    at insertOrAppendPlacementNodeIntoContainer (http://localhost:5173/node_modules/.vite/deps/react-dom_client.js?v=9ae41352:6801:207)
    at insertOrAppendPlacementNodeIntoContainer (http://localhost:5173/node_modules/.vite/deps/react-dom_client.js?v=9ae41352:6802:154)
    at insertOrAppendPlacementNodeIntoContainer (http://localhost:5173/node_modules/.vite/deps/react-dom_client.js?v=9ae41352:6802:154)
    at insertOrAppendPlacementNodeIntoContainer (http://localhost:5173/node_modules/.vite/deps/react-dom_client.js?v=9ae41352:6802:154)
    at insertOrAppendPlacementNodeIntoContainer (http://localhost:5173/node_modules/.vite/deps/react-dom_client.js?v=9ae41352:6802:154)
    at insertOrAppendPlacementNodeIntoContainer (http://localhost:5173/node_modules/.vite/deps/react-dom_client.js?v=9ae41352:6802:154)
    at insertOrAppendPlacementNodeIntoContainer (http://localhost:5173/node_modules/.vite/deps/react-dom_client.js?v=9ae41352:6802:154)
    at insertOrAppendPlacementNodeIntoContainer (http://localhost:5173/node_modules/.vite/deps/react-dom_client.js?v=9ae41352:6802:154)
    at insertOrAppendPlacementNodeIntoContainer (http://localhost:5173/node_modules/.vite/deps/react-dom_client.js?v=9ae41352:6802:154)
    at insertOrAppendPlacementNodeIntoContainer (http://localhost:5173/node_modules/.vite/deps/react-dom_client.js?v=9ae41352:6802:154)
[ 4640557ms] [WARNING] %s

%s
 An error occurred in the <OperationalProviders> component. Consider adding an error boundary to your tree to customize error handling behavior.
Visit https://react.dev/link/error-boundaries to learn more about error boundaries. @ http://localhost:5173/node_modules/.vite/deps/react-dom_client.js?v=9ae41352:5257
[ 4640562ms] NotFoundError: Failed to execute 'removeChild' on 'Node': The node to be removed is not a child of this node.
    at removeChildFromContainer (http://localhost:5173/node_modules/.vite/deps/react-dom_client.js?v=9ae41352:10588:123)
    at runWithFiberInDEV (http://localhost:5173/node_modules/.vite/deps/react-dom_client.js?v=9ae41352:851:66)
    at commitDeletionEffectsOnFiber (http://localhost:5173/node_modules/.vite/deps/react-dom_client.js?v=9ae41352:7106:7)
    at recursivelyTraverseDeletionEffects (http://localhost:5173/node_modules/.vite/deps/react-dom_client.js?v=9ae41352:7073:50)
    at commitDeletionEffectsOnFiber (http://localhost:5173/node_modules/.vite/deps/react-dom_client.js?v=9ae41352:7134:6)
    at recursivelyTraverseDeletionEffects (http://localhost:5173/node_modules/.vite/deps/react-dom_client.js?v=9ae41352:7073:50)
    at commitDeletionEffectsOnFiber (http://localhost:5173/node_modules/.vite/deps/react-dom_client.js?v=9ae41352:7134:6)
    at recursivelyTraverseDeletionEffects (http://localhost:5173/node_modules/.vite/deps/react-dom_client.js?v=9ae41352:7073:50)
    at commitDeletionEffectsOnFiber (http://localhost:5173/node_modules/.vite/deps/react-dom_client.js?v=9ae41352:7148:14)
    at recursivelyTraverseDeletionEffects (http://localhost:5173/node_modules/.vite/deps/react-dom_client.js?v=9ae41352:7073:50)
[ 4640559ms] [WARNING] %s

%s
 An error occurred in the <main> component. Consider adding an error boundary to your tree to customize error handling behavior.
Visit https://react.dev/link/error-boundaries to learn more about error boundaries. @ http://localhost:5173/node_modules/.vite/deps/react-dom_client.js?v=9ae41352:5257
[ 4640566ms] NotFoundError: Failed to execute 'removeChild' on 'Node': The node to be removed is not a child of this node.
    at removeChildFromContainer (http://localhost:5173/node_modules/.vite/deps/react-dom_client.js?v=9ae41352:10588:123)
    at runWithFiberInDEV (http://localhost:5173/node_modules/.vite/deps/react-dom_client.js?v=9ae41352:851:66)
    at commitDeletionEffectsOnFiber (http://localhost:5173/node_modules/.vite/deps/react-dom_client.js?v=9ae41352:7106:7)
    at recursivelyTraverseDeletionEffects (http://localhost:5173/node_modules/.vite/deps/react-dom_client.js?v=9ae41352:7073:50)
    at commitDeletionEffectsOnFiber (http://localhost:5173/node_modules/.vite/deps/react-dom_client.js?v=9ae41352:7134:6)
    at recursivelyTraverseDeletionEffects (http://localhost:5173/node_modules/.vite/deps/react-dom_client.js?v=9ae41352:7073:50)
    at commitDeletionEffectsOnFiber (http://localhost:5173/node_modules/.vite/deps/react-dom_client.js?v=9ae41352:7148:14)
    at recursivelyTraverseMutationEffects (http://localhost:5173/node_modules/.vite/deps/react-dom_client.js?v=9ae41352:7223:5)
    at commitMutationEffectsOnFiber (http://localhost:5173/node_modules/.vite/deps/react-dom_client.js?v=9ae41352:7353:6)
    at flushMutationEffects (http://localhost:5173/node_modules/.vite/deps/react-dom_client.js?v=9ae41352:8603:7)
[ 4640559ms] [WARNING] %s

%s
 An error occurred in the <div> component. Consider adding an error boundary to your tree to customize error handling behavior.
Visit https://react.dev/link/error-boundaries to learn more about error boundaries. @ http://localhost:5173/node_modules/.vite/deps/react-dom_client.js?v=9ae41352:5257
[ 4640577ms] NotFoundError: Failed to execute 'insertBefore' on 'Node': The node before which the new node is to be inserted is not a child of this node.
    at insertOrAppendPlacementNodeIntoContainer (http://localhost:5173/node_modules/.vite/deps/react-dom_client.js?v=9ae41352:6801:207)
    at insertOrAppendPlacementNodeIntoContainer (http://localhost:5173/node_modules/.vite/deps/react-dom_client.js?v=9ae41352:6802:154)
    at insertOrAppendPlacementNodeIntoContainer (http://localhost:5173/node_modules/.vite/deps/react-dom_client.js?v=9ae41352:6802:154)
    at insertOrAppendPlacementNodeIntoContainer (http://localhost:5173/node_modules/.vite/deps/react-dom_client.js?v=9ae41352:6802:154)
    at insertOrAppendPlacementNodeIntoContainer (http://localhost:5173/node_modules/.vite/deps/react-dom_client.js?v=9ae41352:6802:154)
    at insertOrAppendPlacementNodeIntoContainer (http://localhost:5173/node_modules/.vite/deps/react-dom_client.js?v=9ae41352:6802:154)
    at insertOrAppendPlacementNodeIntoContainer (http://localhost:5173/node_modules/.vite/deps/react-dom_client.js?v=9ae41352:6802:154)
    at insertOrAppendPlacementNodeIntoContainer (http://localhost:5173/node_modules/.vite/deps/react-dom_client.js?v=9ae41352:6802:154)
    at insertOrAppendPlacementNodeIntoContainer (http://localhost:5173/node_modules/.vite/deps/react-dom_client.js?v=9ae41352:6802:154)
    at insertOrAppendPlacementNodeIntoContainer (http://localhost:5173/node_modules/.vite/deps/react-dom_client.js?v=9ae41352:6802:154)
[ 4640574ms] [WARNING] %s

%s
 An error occurred in the <OperationalProviders> component. Consider adding an error boundary to your tree to customize error handling behavior.
Visit https://react.dev/link/error-boundaries to learn more about error boundaries. @ http://localhost:5173/node_modules/.vite/deps/react-dom_client.js?v=9ae41352:5257
[ 4640579ms] NotFoundError: Failed to execute 'removeChild' on 'Node': The node to be removed is not a child of this node.
    at removeChildFromContainer (http://localhost:5173/node_modules/.vite/deps/react-dom_client.js?v=9ae41352:10588:123)
    at runWithFiberInDEV (http://localhost:5173/node_modules/.vite/deps/react-dom_client.js?v=9ae41352:851:66)
    at commitDeletionEffectsOnFiber (http://localhost:5173/node_modules/.vite/deps/react-dom_client.js?v=9ae41352:7106:7)
    at recursivelyTraverseDeletionEffects (http://localhost:5173/node_modules/.vite/deps/react-dom_client.js?v=9ae41352:7073:50)
    at commitDeletionEffectsOnFiber (http://localhost:5173/node_modules/.vite/deps/react-dom_client.js?v=9ae41352:7134:6)
    at recursivelyTraverseDeletionEffects (http://localhost:5173/node_modules/.vite/deps/react-dom_client.js?v=9ae41352:7073:50)
    at commitDeletionEffectsOnFiber (http://localhost:5173/node_modules/.vite/deps/react-dom_client.js?v=9ae41352:7134:6)
    at recursivelyTraverseDeletionEffects (http://localhost:5173/node_modules/.vite/deps/react-dom_client.js?v=9ae41352:7073:50)
    at commitDeletionEffectsOnFiber (http://localhost:5173/node_modules/.vite/deps/react-dom_client.js?v=9ae41352:7148:14)
    at recursivelyTraverseDeletionEffects (http://localhost:5173/node_modules/.vite/deps/react-dom_client.js?v=9ae41352:7073:50)
[ 4640575ms] [WARNING] %s

%s
 An error occurred in the <main> component. Consider adding an error boundary to your tree to customize error handling behavior.
Visit https://react.dev/link/error-boundaries to learn more about error boundaries. @ http://localhost:5173/node_modules/.vite/deps/react-dom_client.js?v=9ae41352:5257
[ 4640580ms] NotFoundError: Failed to execute 'removeChild' on 'Node': The node to be removed is not a child of this node.
    at removeChildFromContainer (http://localhost:5173/node_modules/.vite/deps/react-dom_client.js?v=9ae41352:10588:123)
    at runWithFiberInDEV (http://localhost:5173/node_modules/.vite/deps/react-dom_client.js?v=9ae41352:851:66)
    at commitDeletionEffectsOnFiber (http://localhost:5173/node_modules/.vite/deps/react-dom_client.js?v=9ae41352:7106:7)
    at recursivelyTraverseDeletionEffects (http://localhost:5173/node_modules/.vite/deps/react-dom_client.js?v=9ae41352:7073:50)
    at commitDeletionEffectsOnFiber (http://localhost:5173/node_modules/.vite/deps/react-dom_client.js?v=9ae41352:7134:6)
    at recursivelyTraverseDeletionEffects (http://localhost:5173/node_modules/.vite/deps/react-dom_client.js?v=9ae41352:7073:50)
    at commitDeletionEffectsOnFiber (http://localhost:5173/node_modules/.vite/deps/react-dom_client.js?v=9ae41352:7148:14)
    at recursivelyTraverseMutationEffects (http://localhost:5173/node_modules/.vite/deps/react-dom_client.js?v=9ae41352:7223:5)
    at commitMutationEffectsOnFiber (http://localhost:5173/node_modules/.vite/deps/react-dom_client.js?v=9ae41352:7353:6)
    at flushMutationEffects (http://localhost:5173/node_modules/.vite/deps/react-dom_client.js?v=9ae41352:8603:7)
[ 4640576ms] [WARNING] %s

%s
 An error occurred in the <div> component. Consider adding an error boundary to your tree to customize error handling behavior.
Visit https://react.dev/link/error-boundaries to learn more about error boundaries. @ http://localhost:5173/node_modules/.vite/deps/react-dom_client.js?v=9ae41352:5257
[ 4640857ms] [ERROR] You are calling ReactDOMClient.createRoot() on a container that has already been passed to createRoot() before. Instead, call root.render() on the existing root instead if you want to update it. @ http://localhost:5173/node_modules/.vite/deps/react-dom_client.js?v=9ae41352:11668
[ 4640858ms] [ERROR] You are calling ReactDOMClient.createRoot() on a container that has already been passed to createRoot() before. Instead, call root.render() on the existing root instead if you want to update it. @ http://localhost:5173/node_modules/.vite/deps/react-dom_client.js?v=9ae41352:11668
[ 4640896ms] NotFoundError: Failed to execute 'insertBefore' on 'Node': The node before which the new node is to be inserted is not a child of this node.
    at insertOrAppendPlacementNodeIntoContainer (http://localhost:5173/node_modules/.vite/deps/react-dom_client.js?v=9ae41352:6801:207)
    at insertOrAppendPlacementNodeIntoContainer (http://localhost:5173/node_modules/.vite/deps/react-dom_client.js?v=9ae41352:6802:154)
    at insertOrAppendPlacementNodeIntoContainer (http://localhost:5173/node_modules/.vite/deps/react-dom_client.js?v=9ae41352:6802:154)
    at insertOrAppendPlacementNodeIntoContainer (http://localhost:5173/node_modules/.vite/deps/react-dom_client.js?v=9ae41352:6802:154)
    at insertOrAppendPlacementNodeIntoContainer (http://localhost:5173/node_modules/.vite/deps/react-dom_client.js?v=9ae41352:6802:154)
    at insertOrAppendPlacementNodeIntoContainer (http://localhost:5173/node_modules/.vite/deps/react-dom_client.js?v=9ae41352:6802:154)
    at insertOrAppendPlacementNodeIntoContainer (http://localhost:5173/node_modules/.vite/deps/react-dom_client.js?v=9ae41352:6802:154)
    at insertOrAppendPlacementNodeIntoContainer (http://localhost:5173/node_modules/.vite/deps/react-dom_client.js?v=9ae41352:6802:154)
    at insertOrAppendPlacementNodeIntoContainer (http://localhost:5173/node_modules/.vite/deps/react-dom_client.js?v=9ae41352:6802:154)
    at insertOrAppendPlacementNodeIntoContainer (http://localhost:5173/node_modules/.vite/deps/react-dom_client.js?v=9ae41352:6802:154)
[ 4640889ms] [WARNING] %s

%s
 An error occurred in the <OperationalProviders> component. Consider adding an error boundary to your tree to customize error handling behavior.
Visit https://react.dev/link/error-boundaries to learn more about error boundaries. @ http://localhost:5173/node_modules/.vite/deps/react-dom_client.js?v=9ae41352:5257
[ 4640901ms] NotFoundError: Failed to execute 'removeChild' on 'Node': The node to be removed is not a child of this node.
    at removeChildFromContainer (http://localhost:5173/node_modules/.vite/deps/react-dom_client.js?v=9ae41352:10588:123)
    at runWithFiberInDEV (http://localhost:5173/node_modules/.vite/deps/react-dom_client.js?v=9ae41352:851:66)
    at commitDeletionEffectsOnFiber (http://localhost:5173/node_modules/.vite/deps/react-dom_client.js?v=9ae41352:7106:7)
    at recursivelyTraverseDeletionEffects (http://localhost:5173/node_modules/.vite/deps/react-dom_client.js?v=9ae41352:7073:50)
    at commitDeletionEffectsOnFiber (http://localhost:5173/node_modules/.vite/deps/react-dom_client.js?v=9ae41352:7134:6)
    at recursivelyTraverseDeletionEffects (http://localhost:5173/node_modules/.vite/deps/react-dom_client.js?v=9ae41352:7073:50)
    at commitDeletionEffectsOnFiber (http://localhost:5173/node_modules/.vite/deps/react-dom_client.js?v=9ae41352:7134:6)
    at recursivelyTraverseDeletionEffects (http://localhost:5173/node_modules/.vite/deps/react-dom_client.js?v=9ae41352:7073:50)
    at commitDeletionEffectsOnFiber (http://localhost:5173/node_modules/.vite/deps/react-dom_client.js?v=9ae41352:7148:14)
    at recursivelyTraverseDeletionEffects (http://localhost:5173/node_modules/.vite/deps/react-dom_client.js?v=9ae41352:7073:50)
[ 4640894ms] [WARNING] %s

%s
 An error occurred in the <main> component. Consider adding an error boundary to your tree to customize error handling behavior.
Visit https://react.dev/link/error-boundaries to learn more about error boundaries. @ http://localhost:5173/node_modules/.vite/deps/react-dom_client.js?v=9ae41352:5257
[ 4640902ms] NotFoundError: Failed to execute 'removeChild' on 'Node': The node to be removed is not a child of this node.
    at removeChildFromContainer (http://localhost:5173/node_modules/.vite/deps/react-dom_client.js?v=9ae41352:10588:123)
    at runWithFiberInDEV (http://localhost:5173/node_modules/.vite/deps/react-dom_client.js?v=9ae41352:851:66)
    at commitDeletionEffectsOnFiber (http://localhost:5173/node_modules/.vite/deps/react-dom_client.js?v=9ae41352:7106:7)
    at recursivelyTraverseDeletionEffects (http://localhost:5173/node_modules/.vite/deps/react-dom_client.js?v=9ae41352:7073:50)
    at commitDeletionEffectsOnFiber (http://localhost:5173/node_modules/.vite/deps/react-dom_client.js?v=9ae41352:7134:6)
    at recursivelyTraverseDeletionEffects (http://localhost:5173/node_modules/.vite/deps/react-dom_client.js?v=9ae41352:7073:50)
    at commitDeletionEffectsOnFiber (http://localhost:5173/node_modules/.vite/deps/react-dom_client.js?v=9ae41352:7148:14)
    at recursivelyTraverseMutationEffects (http://localhost:5173/node_modules/.vite/deps/react-dom_client.js?v=9ae41352:7223:5)
    at commitMutationEffectsOnFiber (http://localhost:5173/node_modules/.vite/deps/react-dom_client.js?v=9ae41352:7353:6)
    at flushMutationEffects (http://localhost:5173/node_modules/.vite/deps/react-dom_client.js?v=9ae41352:8603:7)
[ 4640895ms] [WARNING] %s

%s
 An error occurred in the <div> component. Consider adding an error boundary to your tree to customize error handling behavior.
Visit https://react.dev/link/error-boundaries to learn more about error boundaries. @ http://localhost:5173/node_modules/.vite/deps/react-dom_client.js?v=9ae41352:5257
[ 4640908ms] NotFoundError: Failed to execute 'insertBefore' on 'Node': The node before which the new node is to be inserted is not a child of this node.
    at insertOrAppendPlacementNodeIntoContainer (http://localhost:5173/node_modules/.vite/deps/react-dom_client.js?v=9ae41352:6801:207)
    at insertOrAppendPlacementNodeIntoContainer (http://localhost:5173/node_modules/.vite/deps/react-dom_client.js?v=9ae41352:6802:154)
    at insertOrAppendPlacementNodeIntoContainer (http://localhost:5173/node_modules/.vite/deps/react-dom_client.js?v=9ae41352:6802:154)
    at insertOrAppendPlacementNodeIntoContainer (http://localhost:5173/node_modules/.vite/deps/react-dom_client.js?v=9ae41352:6802:154)
    at insertOrAppendPlacementNodeIntoContainer (http://localhost:5173/node_modules/.vite/deps/react-dom_client.js?v=9ae41352:6802:154)
    at insertOrAppendPlacementNodeIntoContainer (http://localhost:5173/node_modules/.vite/deps/react-dom_client.js?v=9ae41352:6802:154)
    at insertOrAppendPlacementNodeIntoContainer (http://localhost:5173/node_modules/.vite/deps/react-dom_client.js?v=9ae41352:6802:154)
    at insertOrAppendPlacementNodeIntoContainer (http://localhost:5173/node_modules/.vite/deps/react-dom_client.js?v=9ae41352:6802:154)
    at insertOrAppendPlacementNodeIntoContainer (http://localhost:5173/node_modules/.vite/deps/react-dom_client.js?v=9ae41352:6802:154)
    at insertOrAppendPlacementNodeIntoContainer (http://localhost:5173/node_modules/.vite/deps/react-dom_client.js?v=9ae41352:6802:154)
[ 4640906ms] [WARNING] %s

%s
 An error occurred in the <OperationalProviders> component. Consider adding an error boundary to your tree to customize error handling behavior.
Visit https://react.dev/link/error-boundaries to learn more about error boundaries. @ http://localhost:5173/node_modules/.vite/deps/react-dom_client.js?v=9ae41352:5257
[ 4640916ms] NotFoundError: Failed to execute 'removeChild' on 'Node': The node to be removed is not a child of this node.
    at removeChildFromContainer (http://localhost:5173/node_modules/.vite/deps/react-dom_client.js?v=9ae41352:10588:123)
    at runWithFiberInDEV (http://localhost:5173/node_modules/.vite/deps/react-dom_client.js?v=9ae41352:851:66)
    at commitDeletionEffectsOnFiber (http://localhost:5173/node_modules/.vite/deps/react-dom_client.js?v=9ae41352:7106:7)
    at recursivelyTraverseDeletionEffects (http://localhost:5173/node_modules/.vite/deps/react-dom_client.js?v=9ae41352:7073:50)
    at commitDeletionEffectsOnFiber (http://localhost:5173/node_modules/.vite/deps/react-dom_client.js?v=9ae41352:7134:6)
    at recursivelyTraverseDeletionEffects (http://localhost:5173/node_modules/.vite/deps/react-dom_client.js?v=9ae41352:7073:50)
    at commitDeletionEffectsOnFiber (http://localhost:5173/node_modules/.vite/deps/react-dom_client.js?v=9ae41352:7134:6)
    at recursivelyTraverseDeletionEffects (http://localhost:5173/node_modules/.vite/deps/react-dom_client.js?v=9ae41352:7073:50)
    at commitDeletionEffectsOnFiber (http://localhost:5173/node_modules/.vite/deps/react-dom_client.js?v=9ae41352:7148:14)
    at recursivelyTraverseDeletionEffects (http://localhost:5173/node_modules/.vite/deps/react-dom_client.js?v=9ae41352:7073:50)
[ 4640907ms] [WARNING] %s

%s
 An error occurred in the <main> component. Consider adding an error boundary to your tree to customize error handling behavior.
Visit https://react.dev/link/error-boundaries to learn more about error boundaries. @ http://localhost:5173/node_modules/.vite/deps/react-dom_client.js?v=9ae41352:5257
[ 4640919ms] NotFoundError: Failed to execute 'removeChild' on 'Node': The node to be removed is not a child of this node.
    at removeChildFromContainer (http://localhost:5173/node_modules/.vite/deps/react-dom_client.js?v=9ae41352:10588:123)
    at runWithFiberInDEV (http://localhost:5173/node_modules/.vite/deps/react-dom_client.js?v=9ae41352:851:66)
    at commitDeletionEffectsOnFiber (http://localhost:5173/node_modules/.vite/deps/react-dom_client.js?v=9ae41352:7106:7)
    at recursivelyTraverseDeletionEffects (http://localhost:5173/node_modules/.vite/deps/react-dom_client.js?v=9ae41352:7073:50)
    at commitDeletionEffectsOnFiber (http://localhost:5173/node_modules/.vite/deps/react-dom_client.js?v=9ae41352:7134:6)
    at recursivelyTraverseDeletionEffects (http://localhost:5173/node_modules/.vite/deps/react-dom_client.js?v=9ae41352:7073:50)
    at commitDeletionEffectsOnFiber (http://localhost:5173/node_modules/.vite/deps/react-dom_client.js?v=9ae41352:7148:14)
    at recursivelyTraverseMutationEffects (http://localhost:5173/node_modules/.vite/deps/react-dom_client.js?v=9ae41352:7223:5)
    at commitMutationEffectsOnFiber (http://localhost:5173/node_modules/.vite/deps/react-dom_client.js?v=9ae41352:7353:6)
    at flushMutationEffects (http://localhost:5173/node_modules/.vite/deps/react-dom_client.js?v=9ae41352:8603:7)
[ 4640908ms] [WARNING] %s

%s
 An error occurred in the <div> component. Consider adding an error boundary to your tree to customize error handling behavior.
Visit https://react.dev/link/error-boundaries to learn more about error boundaries. @ http://localhost:5173/node_modules/.vite/deps/react-dom_client.js?v=9ae41352:5257
[ 4640955ms] NotFoundError: Failed to execute 'insertBefore' on 'Node': The node before which the new node is to be inserted is not a child of this node.
    at insertOrAppendPlacementNodeIntoContainer (http://localhost:5173/node_modules/.vite/deps/react-dom_client.js?v=9ae41352:6801:207)
    at insertOrAppendPlacementNodeIntoContainer (http://localhost:5173/node_modules/.vite/deps/react-dom_client.js?v=9ae41352:6802:154)
    at insertOrAppendPlacementNodeIntoContainer (http://localhost:5173/node_modules/.vite/deps/react-dom_client.js?v=9ae41352:6802:154)
    at insertOrAppendPlacementNodeIntoContainer (http://localhost:5173/node_modules/.vite/deps/react-dom_client.js?v=9ae41352:6802:154)
    at insertOrAppendPlacementNodeIntoContainer (http://localhost:5173/node_modules/.vite/deps/react-dom_client.js?v=9ae41352:6802:154)
    at insertOrAppendPlacementNodeIntoContainer (http://localhost:5173/node_modules/.vite/deps/react-dom_client.js?v=9ae41352:6802:154)
    at insertOrAppendPlacementNodeIntoContainer (http://localhost:5173/node_modules/.vite/deps/react-dom_client.js?v=9ae41352:6802:154)
    at insertOrAppendPlacementNodeIntoContainer (http://localhost:5173/node_modules/.vite/deps/react-dom_client.js?v=9ae41352:6802:154)
    at insertOrAppendPlacementNodeIntoContainer (http://localhost:5173/node_modules/.vite/deps/react-dom_client.js?v=9ae41352:6802:154)
    at insertOrAppendPlacementNodeIntoContainer (http://localhost:5173/node_modules/.vite/deps/react-dom_client.js?v=9ae41352:6802:154)
[ 4640955ms] [WARNING] %s

%s
 An error occurred in the <OperationalProviders> component. Consider adding an error boundary to your tree to customize error handling behavior.
Visit https://react.dev/link/error-boundaries to learn more about error boundaries. @ http://localhost:5173/node_modules/.vite/deps/react-dom_client.js?v=9ae41352:5257
[ 4640976ms] NotFoundError: Failed to execute 'removeChild' on 'Node': The node to be removed is not a child of this node.
    at removeChildFromContainer (http://localhost:5173/node_modules/.vite/deps/react-dom_client.js?v=9ae41352:10588:123)
    at runWithFiberInDEV (http://localhost:5173/node_modules/.vite/deps/react-dom_client.js?v=9ae41352:851:66)
    at commitDeletionEffectsOnFiber (http://localhost:5173/node_modules/.vite/deps/react-dom_client.js?v=9ae41352:7106:7)
    at recursivelyTraverseDeletionEffects (http://localhost:5173/node_modules/.vite/deps/react-dom_client.js?v=9ae41352:7073:50)
    at commitDeletionEffectsOnFiber (http://localhost:5173/node_modules/.vite/deps/react-dom_client.js?v=9ae41352:7134:6)
    at recursivelyTraverseDeletionEffects (http://localhost:5173/node_modules/.vite/deps/react-dom_client.js?v=9ae41352:7073:50)
    at commitDeletionEffectsOnFiber (http://localhost:5173/node_modules/.vite/deps/react-dom_client.js?v=9ae41352:7134:6)
    at recursivelyTraverseDeletionEffects (http://localhost:5173/node_modules/.vite/deps/react-dom_client.js?v=9ae41352:7073:50)
    at commitDeletionEffectsOnFiber (http://localhost:5173/node_modules/.vite/deps/react-dom_client.js?v=9ae41352:7148:14)
    at recursivelyTraverseDeletionEffects (http://localhost:5173/node_modules/.vite/deps/react-dom_client.js?v=9ae41352:7073:50)
[ 4640956ms] [WARNING] %s

%s
 An error occurred in the <main> component. Consider adding an error boundary to your tree to customize error handling behavior.
Visit https://react.dev/link/error-boundaries to learn more about error boundaries. @ http://localhost:5173/node_modules/.vite/deps/react-dom_client.js?v=9ae41352:5257
[ 4640979ms] NotFoundError: Failed to execute 'removeChild' on 'Node': The node to be removed is not a child of this node.
    at removeChildFromContainer (http://localhost:5173/node_modules/.vite/deps/react-dom_client.js?v=9ae41352:10588:123)
    at runWithFiberInDEV (http://localhost:5173/node_modules/.vite/deps/react-dom_client.js?v=9ae41352:851:66)
    at commitDeletionEffectsOnFiber (http://localhost:5173/node_modules/.vite/deps/react-dom_client.js?v=9ae41352:7106:7)
    at recursivelyTraverseDeletionEffects (http://localhost:5173/node_modules/.vite/deps/react-dom_client.js?v=9ae41352:7073:50)
    at commitDeletionEffectsOnFiber (http://localhost:5173/node_modules/.vite/deps/react-dom_client.js?v=9ae41352:7134:6)
    at recursivelyTraverseDeletionEffects (http://localhost:5173/node_modules/.vite/deps/react-dom_client.js?v=9ae41352:7073:50)
    at commitDeletionEffectsOnFiber (http://localhost:5173/node_modules/.vite/deps/react-dom_client.js?v=9ae41352:7148:14)
    at recursivelyTraverseMutationEffects (http://localhost:5173/node_modules/.vite/deps/react-dom_client.js?v=9ae41352:7223:5)
    at commitMutationEffectsOnFiber (http://localhost:5173/node_modules/.vite/deps/react-dom_client.js?v=9ae41352:7353:6)
    at flushMutationEffects (http://localhost:5173/node_modules/.vite/deps/react-dom_client.js?v=9ae41352:8603:7)
[ 4640956ms] [WARNING] %s

%s
 An error occurred in the <div> component. Consider adding an error boundary to your tree to customize error handling behavior.
Visit https://react.dev/link/error-boundaries to learn more about error boundaries. @ http://localhost:5173/node_modules/.vite/deps/react-dom_client.js?v=9ae41352:5257
[ 4640993ms] NotFoundError: Failed to execute 'insertBefore' on 'Node': The node before which the new node is to be inserted is not a child of this node.
    at insertOrAppendPlacementNodeIntoContainer (http://localhost:5173/node_modules/.vite/deps/react-dom_client.js?v=9ae41352:6801:207)
    at insertOrAppendPlacementNodeIntoContainer (http://localhost:5173/node_modules/.vite/deps/react-dom_client.js?v=9ae41352:6802:154)
    at insertOrAppendPlacementNodeIntoContainer (http://localhost:5173/node_modules/.vite/deps/react-dom_client.js?v=9ae41352:6802:154)
    at insertOrAppendPlacementNodeIntoContainer (http://localhost:5173/node_modules/.vite/deps/react-dom_client.js?v=9ae41352:6802:154)
    at insertOrAppendPlacementNodeIntoContainer (http://localhost:5173/node_modules/.vite/deps/react-dom_client.js?v=9ae41352:6802:154)
    at insertOrAppendPlacementNodeIntoContainer (http://localhost:5173/node_modules/.vite/deps/react-dom_client.js?v=9ae41352:6802:154)
    at insertOrAppendPlacementNodeIntoContainer (http://localhost:5173/node_modules/.vite/deps/react-dom_client.js?v=9ae41352:6802:154)
    at insertOrAppendPlacementNodeIntoContainer (http://localhost:5173/node_modules/.vite/deps/react-dom_client.js?v=9ae41352:6802:154)
    at insertOrAppendPlacementNodeIntoContainer (http://localhost:5173/node_modules/.vite/deps/react-dom_client.js?v=9ae41352:6802:154)
    at insertOrAppendPlacementNodeIntoContainer (http://localhost:5173/node_modules/.vite/deps/react-dom_client.js?v=9ae41352:6802:154)
[ 4640973ms] [WARNING] %s

%s
 An error occurred in the <OperationalProviders> component. Consider adding an error boundary to your tree to customize error handling behavior.
Visit https://react.dev/link/error-boundaries to learn more about error boundaries. @ http://localhost:5173/node_modules/.vite/deps/react-dom_client.js?v=9ae41352:5257
[ 4640993ms] NotFoundError: Failed to execute 'removeChild' on 'Node': The node to be removed is not a child of this node.
    at removeChildFromContainer (http://localhost:5173/node_modules/.vite/deps/react-dom_client.js?v=9ae41352:10588:123)
    at runWithFiberInDEV (http://localhost:5173/node_modules/.vite/deps/react-dom_client.js?v=9ae41352:851:66)
    at commitDeletionEffectsOnFiber (http://localhost:5173/node_modules/.vite/deps/react-dom_client.js?v=9ae41352:7106:7)
    at recursivelyTraverseDeletionEffects (http://localhost:5173/node_modules/.vite/deps/react-dom_client.js?v=9ae41352:7073:50)
    at commitDeletionEffectsOnFiber (http://localhost:5173/node_modules/.vite/deps/react-dom_client.js?v=9ae41352:7134:6)
    at recursivelyTraverseDeletionEffects (http://localhost:5173/node_modules/.vite/deps/react-dom_client.js?v=9ae41352:7073:50)
    at commitDeletionEffectsOnFiber (http://localhost:5173/node_modules/.vite/deps/react-dom_client.js?v=9ae41352:7134:6)
    at recursivelyTraverseDeletionEffects (http://localhost:5173/node_modules/.vite/deps/react-dom_client.js?v=9ae41352:7073:50)
    at commitDeletionEffectsOnFiber (http://localhost:5173/node_modules/.vite/deps/react-dom_client.js?v=9ae41352:7148:14)
    at recursivelyTraverseDeletionEffects (http://localhost:5173/node_modules/.vite/deps/react-dom_client.js?v=9ae41352:7073:50)
[ 4640975ms] [WARNING] %s

%s
 An error occurred in the <main> component. Consider adding an error boundary to your tree to customize error handling behavior.
Visit https://react.dev/link/error-boundaries to learn more about error boundaries. @ http://localhost:5173/node_modules/.vite/deps/react-dom_client.js?v=9ae41352:5257
[ 4640994ms] NotFoundError: Failed to execute 'removeChild' on 'Node': The node to be removed is not a child of this node.
    at removeChildFromContainer (http://localhost:5173/node_modules/.vite/deps/react-dom_client.js?v=9ae41352:10588:123)
    at runWithFiberInDEV (http://localhost:5173/node_modules/.vite/deps/react-dom_client.js?v=9ae41352:851:66)
    at commitDeletionEffectsOnFiber (http://localhost:5173/node_modules/.vite/deps/react-dom_client.js?v=9ae41352:7106:7)
    at recursivelyTraverseDeletionEffects (http://localhost:5173/node_modules/.vite/deps/react-dom_client.js?v=9ae41352:7073:50)
    at commitDeletionEffectsOnFiber (http://localhost:5173/node_modules/.vite/deps/react-dom_client.js?v=9ae41352:7134:6)
    at recursivelyTraverseDeletionEffects (http://localhost:5173/node_modules/.vite/deps/react-dom_client.js?v=9ae41352:7073:50)
    at commitDeletionEffectsOnFiber (http://localhost:5173/node_modules/.vite/deps/react-dom_client.js?v=9ae41352:7148:14)
    at recursivelyTraverseMutationEffects (http://localhost:5173/node_modules/.vite/deps/react-dom_client.js?v=9ae41352:7223:5)
    at commitMutationEffectsOnFiber (http://localhost:5173/node_modules/.vite/deps/react-dom_client.js?v=9ae41352:7353:6)
    at flushMutationEffects (http://localhost:5173/node_modules/.vite/deps/react-dom_client.js?v=9ae41352:8603:7)
[ 4640975ms] [WARNING] %s

%s
 An error occurred in the <div> component. Consider adding an error boundary to your tree to customize error handling behavior.
Visit https://react.dev/link/error-boundaries to learn more about error boundaries. @ http://localhost:5173/node_modules/.vite/deps/react-dom_client.js?v=9ae41352:5257
[ 4640997ms] NotFoundError: Failed to execute 'insertBefore' on 'Node': The node before which the new node is to be inserted is not a child of this node.
    at insertOrAppendPlacementNodeIntoContainer (http://localhost:5173/node_modules/.vite/deps/react-dom_client.js?v=9ae41352:6801:207)
    at insertOrAppendPlacementNodeIntoContainer (http://localhost:5173/node_modules/.vite/deps/react-dom_client.js?v=9ae41352:6802:154)
    at insertOrAppendPlacementNodeIntoContainer (http://localhost:5173/node_modules/.vite/deps/react-dom_client.js?v=9ae41352:6802:154)
    at insertOrAppendPlacementNodeIntoContainer (http://localhost:5173/node_modules/.vite/deps/react-dom_client.js?v=9ae41352:6802:154)
    at insertOrAppendPlacementNodeIntoContainer (http://localhost:5173/node_modules/.vite/deps/react-dom_client.js?v=9ae41352:6802:154)
    at insertOrAppendPlacementNodeIntoContainer (http://localhost:5173/node_modules/.vite/deps/react-dom_client.js?v=9ae41352:6802:154)
    at insertOrAppendPlacementNodeIntoContainer (http://localhost:5173/node_modules/.vite/deps/react-dom_client.js?v=9ae41352:6802:154)
    at insertOrAppendPlacementNodeIntoContainer (http://localhost:5173/node_modules/.vite/deps/react-dom_client.js?v=9ae41352:6802:154)
    at insertOrAppendPlacementNodeIntoContainer (http://localhost:5173/node_modules/.vite/deps/react-dom_client.js?v=9ae41352:6802:154)
    at insertOrAppendPlacementNodeIntoContainer (http://localhost:5173/node_modules/.vite/deps/react-dom_client.js?v=9ae41352:6802:154)
[ 4640990ms] [WARNING] %s

%s
 An error occurred in the <OperationalProviders> component. Consider adding an error boundary to your tree to customize error handling behavior.
Visit https://react.dev/link/error-boundaries to learn more about error boundaries. @ http://localhost:5173/node_modules/.vite/deps/react-dom_client.js?v=9ae41352:5257
[ 4640997ms] NotFoundError: Failed to execute 'removeChild' on 'Node': The node to be removed is not a child of this node.
    at removeChildFromContainer (http://localhost:5173/node_modules/.vite/deps/react-dom_client.js?v=9ae41352:10588:123)
    at runWithFiberInDEV (http://localhost:5173/node_modules/.vite/deps/react-dom_client.js?v=9ae41352:851:66)
    at commitDeletionEffectsOnFiber (http://localhost:5173/node_modules/.vite/deps/react-dom_client.js?v=9ae41352:7106:7)
    at recursivelyTraverseDeletionEffects (http://localhost:5173/node_modules/.vite/deps/react-dom_client.js?v=9ae41352:7073:50)
    at commitDeletionEffectsOnFiber (http://localhost:5173/node_modules/.vite/deps/react-dom_client.js?v=9ae41352:7134:6)
    at recursivelyTraverseDeletionEffects (http://localhost:5173/node_modules/.vite/deps/react-dom_client.js?v=9ae41352:7073:50)
    at commitDeletionEffectsOnFiber (http://localhost:5173/node_modules/.vite/deps/react-dom_client.js?v=9ae41352:7134:6)
    at recursivelyTraverseDeletionEffects (http://localhost:5173/node_modules/.vite/deps/react-dom_client.js?v=9ae41352:7073:50)
    at commitDeletionEffectsOnFiber (http://localhost:5173/node_modules/.vite/deps/react-dom_client.js?v=9ae41352:7148:14)
    at recursivelyTraverseDeletionEffects (http://localhost:5173/node_modules/.vite/deps/react-dom_client.js?v=9ae41352:7073:50)
[ 4640992ms] [WARNING] %s

%s
 An error occurred in the <main> component. Consider adding an error boundary to your tree to customize error handling behavior.
Visit https://react.dev/link/error-boundaries to learn more about error boundaries. @ http://localhost:5173/node_modules/.vite/deps/react-dom_client.js?v=9ae41352:5257
[ 4640997ms] NotFoundError: Failed to execute 'removeChild' on 'Node': The node to be removed is not a child of this node.
    at removeChildFromContainer (http://localhost:5173/node_modules/.vite/deps/react-dom_client.js?v=9ae41352:10588:123)
    at runWithFiberInDEV (http://localhost:5173/node_modules/.vite/deps/react-dom_client.js?v=9ae41352:851:66)
    at commitDeletionEffectsOnFiber (http://localhost:5173/node_modules/.vite/deps/react-dom_client.js?v=9ae41352:7106:7)
    at recursivelyTraverseDeletionEffects (http://localhost:5173/node_modules/.vite/deps/react-dom_client.js?v=9ae41352:7073:50)
    at commitDeletionEffectsOnFiber (http://localhost:5173/node_modules/.vite/deps/react-dom_client.js?v=9ae41352:7134:6)
    at recursivelyTraverseDeletionEffects (http://localhost:5173/node_modules/.vite/deps/react-dom_client.js?v=9ae41352:7073:50)
    at commitDeletionEffectsOnFiber (http://localhost:5173/node_modules/.vite/deps/react-dom_client.js?v=9ae41352:7148:14)
    at recursivelyTraverseMutationEffects (http://localhost:5173/node_modules/.vite/deps/react-dom_client.js?v=9ae41352:7223:5)
    at commitMutationEffectsOnFiber (http://localhost:5173/node_modules/.vite/deps/react-dom_client.js?v=9ae41352:7353:6)
    at flushMutationEffects (http://localhost:5173/node_modules/.vite/deps/react-dom_client.js?v=9ae41352:8603:7)
[ 4640993ms] [WARNING] %s

%s
 An error occurred in the <div> component. Consider adding an error boundary to your tree to customize error handling behavior.
Visit https://react.dev/link/error-boundaries to learn more about error boundaries. @ http://localhost:5173/node_modules/.vite/deps/react-dom_client.js?v=9ae41352:5257
[ 4641005ms] NotFoundError: Failed to execute 'insertBefore' on 'Node': The node before which the new node is to be inserted is not a child of this node.
    at insertOrAppendPlacementNodeIntoContainer (http://localhost:5173/node_modules/.vite/deps/react-dom_client.js?v=9ae41352:6801:207)
    at insertOrAppendPlacementNodeIntoContainer (http://localhost:5173/node_modules/.vite/deps/react-dom_client.js?v=9ae41352:6802:154)
    at insertOrAppendPlacementNodeIntoContainer (http://localhost:5173/node_modules/.vite/deps/react-dom_client.js?v=9ae41352:6802:154)
    at insertOrAppendPlacementNodeIntoContainer (http://localhost:5173/node_modules/.vite/deps/react-dom_client.js?v=9ae41352:6802:154)
    at insertOrAppendPlacementNodeIntoContainer (http://localhost:5173/node_modules/.vite/deps/react-dom_client.js?v=9ae41352:6802:154)
    at insertOrAppendPlacementNodeIntoContainer (http://localhost:5173/node_modules/.vite/deps/react-dom_client.js?v=9ae41352:6802:154)
    at insertOrAppendPlacementNodeIntoContainer (http://localhost:5173/node_modules/.vite/deps/react-dom_client.js?v=9ae41352:6802:154)
    at insertOrAppendPlacementNodeIntoContainer (http://localhost:5173/node_modules/.vite/deps/react-dom_client.js?v=9ae41352:6802:154)
    at insertOrAppendPlacementNodeIntoContainer (http://localhost:5173/node_modules/.vite/deps/react-dom_client.js?v=9ae41352:6802:154)
    at insertOrAppendPlacementNodeIntoContainer (http://localhost:5173/node_modules/.vite/deps/react-dom_client.js?v=9ae41352:6802:154)
[ 4641003ms] [WARNING] %s

%s
 An error occurred in the <OperationalProviders> component. Consider adding an error boundary to your tree to customize error handling behavior.
Visit https://react.dev/link/error-boundaries to learn more about error boundaries. @ http://localhost:5173/node_modules/.vite/deps/react-dom_client.js?v=9ae41352:5257
[ 4641008ms] NotFoundError: Failed to execute 'removeChild' on 'Node': The node to be removed is not a child of this node.
    at removeChildFromContainer (http://localhost:5173/node_modules/.vite/deps/react-dom_client.js?v=9ae41352:10588:123)
    at runWithFiberInDEV (http://localhost:5173/node_modules/.vite/deps/react-dom_client.js?v=9ae41352:851:66)
    at commitDeletionEffectsOnFiber (http://localhost:5173/node_modules/.vite/deps/react-dom_client.js?v=9ae41352:7106:7)
    at recursivelyTraverseDeletionEffects (http://localhost:5173/node_modules/.vite/deps/react-dom_client.js?v=9ae41352:7073:50)
    at commitDeletionEffectsOnFiber (http://localhost:5173/node_modules/.vite/deps/react-dom_client.js?v=9ae41352:7134:6)
    at recursivelyTraverseDeletionEffects (http://localhost:5173/node_modules/.vite/deps/react-dom_client.js?v=9ae41352:7073:50)
    at commitDeletionEffectsOnFiber (http://localhost:5173/node_modules/.vite/deps/react-dom_client.js?v=9ae41352:7134:6)
    at recursivelyTraverseDeletionEffects (http://localhost:5173/node_modules/.vite/deps/react-dom_client.js?v=9ae41352:7073:50)
    at commitDeletionEffectsOnFiber (http://localhost:5173/node_modules/.vite/deps/react-dom_client.js?v=9ae41352:7148:14)
    at recursivelyTraverseDeletionEffects (http://localhost:5173/node_modules/.vite/deps/react-dom_client.js?v=9ae41352:7073:50)
[ 4641004ms] [WARNING] %s

%s
 An error occurred in the <main> component. Consider adding an error boundary to your tree to customize error handling behavior.
Visit https://react.dev/link/error-boundaries to learn more about error boundaries. @ http://localhost:5173/node_modules/.vite/deps/react-dom_client.js?v=9ae41352:5257
[ 4641009ms] NotFoundError: Failed to execute 'removeChild' on 'Node': The node to be removed is not a child of this node.
    at removeChildFromContainer (http://localhost:5173/node_modules/.vite/deps/react-dom_client.js?v=9ae41352:10588:123)
    at runWithFiberInDEV (http://localhost:5173/node_modules/.vite/deps/react-dom_client.js?v=9ae41352:851:66)
    at commitDeletionEffectsOnFiber (http://localhost:5173/node_modules/.vite/deps/react-dom_client.js?v=9ae41352:7106:7)
    at recursivelyTraverseDeletionEffects (http://localhost:5173/node_modules/.vite/deps/react-dom_client.js?v=9ae41352:7073:50)
    at commitDeletionEffectsOnFiber (http://localhost:5173/node_modules/.vite/deps/react-dom_client.js?v=9ae41352:7134:6)
    at recursivelyTraverseDeletionEffects (http://localhost:5173/node_modules/.vite/deps/react-dom_client.js?v=9ae41352:7073:50)
    at commitDeletionEffectsOnFiber (http://localhost:5173/node_modules/.vite/deps/react-dom_client.js?v=9ae41352:7148:14)
    at recursivelyTraverseMutationEffects (http://localhost:5173/node_modules/.vite/deps/react-dom_client.js?v=9ae41352:7223:5)
    at commitMutationEffectsOnFiber (http://localhost:5173/node_modules/.vite/deps/react-dom_client.js?v=9ae41352:7353:6)
    at flushMutationEffects (http://localhost:5173/node_modules/.vite/deps/react-dom_client.js?v=9ae41352:8603:7)
[ 4641005ms] [WARNING] %s

%s
 An error occurred in the <div> component. Consider adding an error boundary to your tree to customize error handling behavior.
Visit https://react.dev/link/error-boundaries to learn more about error boundaries. @ http://localhost:5173/node_modules/.vite/deps/react-dom_client.js?v=9ae41352:5257
[ 4641258ms] [INFO] %cDownload the React DevTools for a better development experience: https://react.dev/link/react-devtools font-weight:bold @ http://localhost:5173/node_modules/.vite/deps/react-dom_client.js?v=9ae41352:14335
[ 4700376ms] [INFO] %cDownload the React DevTools for a better development experience: https://react.dev/link/react-devtools font-weight:bold @ http://localhost:5173/node_modules/.vite/deps/react-dom_client.js?v=9ae41352:14335
[ 4751947ms] [INFO] %cDownload the React DevTools for a better development experience: https://react.dev/link/react-devtools font-weight:bold @ http://localhost:5173/node_modules/.vite/deps/react-dom_client.js?v=9ae41352:14335
[ 4951342ms] [INFO] %cDownload the React DevTools for a better development experience: https://react.dev/link/react-devtools font-weight:bold @ http://localhost:5173/node_modules/.vite/deps/react-dom_client.js?v=9ae41352:14335
