[ 5391710ms] [LOG] [vite] server connection lost. Polling for restart... @ http://localhost:5173/@vite/client:1002
[ 8384875ms] [INFO] %cDownload the React DevTools for a better development experience: https://react.dev/link/react-devtools font-weight:bold @ http://localhost:5173/node_modules/.vite/deps/react-dom_client.js?v=d1ce38a9:14335
[ 8784780ms] [ERROR] You are calling ReactDOMClient.createRoot() on a container that has already been passed to createRoot() before. Instead, call root.render() on the existing root instead if you want to update it. @ http://localhost:5173/@vite/client:532
[ 8784993ms] [INFO] %cDownload the React DevTools for a better development experience: https://react.dev/link/react-devtools font-weight:bold @ http://localhost:5173/node_modules/.vite/deps/react-dom_client.js?v=d1ce38a9:14335
[ 8917775ms] [ERROR] You are calling ReactDOMClient.createRoot() on a container that has already been passed to createRoot() before. Instead, call root.render() on the existing root instead if you want to update it. @ http://localhost:5173/@vite/client:532
[ 8917776ms] [ERROR] You are calling ReactDOMClient.createRoot() on a container that has already been passed to createRoot() before. Instead, call root.render() on the existing root instead if you want to update it. @ http://localhost:5173/@vite/client:532
[ 8917813ms] NotFoundError: Failed to execute 'insertBefore' on 'Node': The node before which the new node is to be inserted is not a child of this node.
    at insertOrAppendPlacementNodeIntoContainer (http://localhost:5173/node_modules/.vite/deps/react-dom_client.js?v=d1ce38a9:6801:207)
    at insertOrAppendPlacementNodeIntoContainer (http://localhost:5173/node_modules/.vite/deps/react-dom_client.js?v=d1ce38a9:6802:154)
    at insertOrAppendPlacementNodeIntoContainer (http://localhost:5173/node_modules/.vite/deps/react-dom_client.js?v=d1ce38a9:6802:154)
    at insertOrAppendPlacementNodeIntoContainer (http://localhost:5173/node_modules/.vite/deps/react-dom_client.js?v=d1ce38a9:6802:154)
    at insertOrAppendPlacementNodeIntoContainer (http://localhost:5173/node_modules/.vite/deps/react-dom_client.js?v=d1ce38a9:6802:154)
    at insertOrAppendPlacementNodeIntoContainer (http://localhost:5173/node_modules/.vite/deps/react-dom_client.js?v=d1ce38a9:6802:154)
    at insertOrAppendPlacementNodeIntoContainer (http://localhost:5173/node_modules/.vite/deps/react-dom_client.js?v=d1ce38a9:6802:154)
    at insertOrAppendPlacementNodeIntoContainer (http://localhost:5173/node_modules/.vite/deps/react-dom_client.js?v=d1ce38a9:6802:154)
    at insertOrAppendPlacementNodeIntoContainer (http://localhost:5173/node_modules/.vite/deps/react-dom_client.js?v=d1ce38a9:6802:154)
    at insertOrAppendPlacementNodeIntoContainer (http://localhost:5173/node_modules/.vite/deps/react-dom_client.js?v=d1ce38a9:6802:154)
[ 8917808ms] [WARNING] %s

%s
 An error occurred in the <OperationalProviders> component. Consider adding an error boundary to your tree to customize error handling behavior.
Visit https://react.dev/link/error-boundaries to learn more about error boundaries. @ http://localhost:5173/@vite/client:532
[ 8917815ms] NotFoundError: Failed to execute 'removeChild' on 'Node': The node to be removed is not a child of this node.
    at removeChildFromContainer (http://localhost:5173/node_modules/.vite/deps/react-dom_client.js?v=d1ce38a9:10588:123)
    at runWithFiberInDEV (http://localhost:5173/node_modules/.vite/deps/react-dom_client.js?v=d1ce38a9:851:66)
    at commitDeletionEffectsOnFiber (http://localhost:5173/node_modules/.vite/deps/react-dom_client.js?v=d1ce38a9:7106:7)
    at recursivelyTraverseDeletionEffects (http://localhost:5173/node_modules/.vite/deps/react-dom_client.js?v=d1ce38a9:7073:50)
    at commitDeletionEffectsOnFiber (http://localhost:5173/node_modules/.vite/deps/react-dom_client.js?v=d1ce38a9:7134:6)
    at recursivelyTraverseDeletionEffects (http://localhost:5173/node_modules/.vite/deps/react-dom_client.js?v=d1ce38a9:7073:50)
    at commitDeletionEffectsOnFiber (http://localhost:5173/node_modules/.vite/deps/react-dom_client.js?v=d1ce38a9:7134:6)
    at recursivelyTraverseDeletionEffects (http://localhost:5173/node_modules/.vite/deps/react-dom_client.js?v=d1ce38a9:7073:50)
    at commitDeletionEffectsOnFiber (http://localhost:5173/node_modules/.vite/deps/react-dom_client.js?v=d1ce38a9:7148:14)
    at recursivelyTraverseDeletionEffects (http://localhost:5173/node_modules/.vite/deps/react-dom_client.js?v=d1ce38a9:7073:50)
[ 8917810ms] [WARNING] %s

%s
 An error occurred in the <main> component. Consider adding an error boundary to your tree to customize error handling behavior.
Visit https://react.dev/link/error-boundaries to learn more about error boundaries. @ http://localhost:5173/@vite/client:532
[ 8917815ms] NotFoundError: Failed to execute 'removeChild' on 'Node': The node to be removed is not a child of this node.
    at removeChildFromContainer (http://localhost:5173/node_modules/.vite/deps/react-dom_client.js?v=d1ce38a9:10588:123)
    at runWithFiberInDEV (http://localhost:5173/node_modules/.vite/deps/react-dom_client.js?v=d1ce38a9:851:66)
    at commitDeletionEffectsOnFiber (http://localhost:5173/node_modules/.vite/deps/react-dom_client.js?v=d1ce38a9:7106:7)
    at recursivelyTraverseDeletionEffects (http://localhost:5173/node_modules/.vite/deps/react-dom_client.js?v=d1ce38a9:7073:50)
    at commitDeletionEffectsOnFiber (http://localhost:5173/node_modules/.vite/deps/react-dom_client.js?v=d1ce38a9:7134:6)
    at recursivelyTraverseDeletionEffects (http://localhost:5173/node_modules/.vite/deps/react-dom_client.js?v=d1ce38a9:7073:50)
    at commitDeletionEffectsOnFiber (http://localhost:5173/node_modules/.vite/deps/react-dom_client.js?v=d1ce38a9:7148:14)
    at recursivelyTraverseMutationEffects (http://localhost:5173/node_modules/.vite/deps/react-dom_client.js?v=d1ce38a9:7223:5)
    at commitMutationEffectsOnFiber (http://localhost:5173/node_modules/.vite/deps/react-dom_client.js?v=d1ce38a9:7353:6)
    at flushMutationEffects (http://localhost:5173/node_modules/.vite/deps/react-dom_client.js?v=d1ce38a9:8603:7)
[ 8917811ms] [WARNING] %s

%s
 An error occurred in the <div> component. Consider adding an error boundary to your tree to customize error handling behavior.
Visit https://react.dev/link/error-boundaries to learn more about error boundaries. @ http://localhost:5173/@vite/client:532
[ 8917831ms] NotFoundError: Failed to execute 'insertBefore' on 'Node': The node before which the new node is to be inserted is not a child of this node.
    at insertOrAppendPlacementNodeIntoContainer (http://localhost:5173/node_modules/.vite/deps/react-dom_client.js?v=d1ce38a9:6801:207)
    at insertOrAppendPlacementNodeIntoContainer (http://localhost:5173/node_modules/.vite/deps/react-dom_client.js?v=d1ce38a9:6802:154)
    at insertOrAppendPlacementNodeIntoContainer (http://localhost:5173/node_modules/.vite/deps/react-dom_client.js?v=d1ce38a9:6802:154)
    at insertOrAppendPlacementNodeIntoContainer (http://localhost:5173/node_modules/.vite/deps/react-dom_client.js?v=d1ce38a9:6802:154)
    at insertOrAppendPlacementNodeIntoContainer (http://localhost:5173/node_modules/.vite/deps/react-dom_client.js?v=d1ce38a9:6802:154)
    at insertOrAppendPlacementNodeIntoContainer (http://localhost:5173/node_modules/.vite/deps/react-dom_client.js?v=d1ce38a9:6802:154)
    at insertOrAppendPlacementNodeIntoContainer (http://localhost:5173/node_modules/.vite/deps/react-dom_client.js?v=d1ce38a9:6802:154)
    at insertOrAppendPlacementNodeIntoContainer (http://localhost:5173/node_modules/.vite/deps/react-dom_client.js?v=d1ce38a9:6802:154)
    at insertOrAppendPlacementNodeIntoContainer (http://localhost:5173/node_modules/.vite/deps/react-dom_client.js?v=d1ce38a9:6802:154)
    at insertOrAppendPlacementNodeIntoContainer (http://localhost:5173/node_modules/.vite/deps/react-dom_client.js?v=d1ce38a9:6802:154)
[ 8917823ms] [WARNING] %s

%s
 An error occurred in the <OperationalProviders> component. Consider adding an error boundary to your tree to customize error handling behavior.
Visit https://react.dev/link/error-boundaries to learn more about error boundaries. @ http://localhost:5173/@vite/client:532
[ 8917832ms] NotFoundError: Failed to execute 'removeChild' on 'Node': The node to be removed is not a child of this node.
    at removeChildFromContainer (http://localhost:5173/node_modules/.vite/deps/react-dom_client.js?v=d1ce38a9:10588:123)
    at runWithFiberInDEV (http://localhost:5173/node_modules/.vite/deps/react-dom_client.js?v=d1ce38a9:851:66)
    at commitDeletionEffectsOnFiber (http://localhost:5173/node_modules/.vite/deps/react-dom_client.js?v=d1ce38a9:7106:7)
    at recursivelyTraverseDeletionEffects (http://localhost:5173/node_modules/.vite/deps/react-dom_client.js?v=d1ce38a9:7073:50)
    at commitDeletionEffectsOnFiber (http://localhost:5173/node_modules/.vite/deps/react-dom_client.js?v=d1ce38a9:7134:6)
    at recursivelyTraverseDeletionEffects (http://localhost:5173/node_modules/.vite/deps/react-dom_client.js?v=d1ce38a9:7073:50)
    at commitDeletionEffectsOnFiber (http://localhost:5173/node_modules/.vite/deps/react-dom_client.js?v=d1ce38a9:7134:6)
    at recursivelyTraverseDeletionEffects (http://localhost:5173/node_modules/.vite/deps/react-dom_client.js?v=d1ce38a9:7073:50)
    at commitDeletionEffectsOnFiber (http://localhost:5173/node_modules/.vite/deps/react-dom_client.js?v=d1ce38a9:7148:14)
    at recursivelyTraverseDeletionEffects (http://localhost:5173/node_modules/.vite/deps/react-dom_client.js?v=d1ce38a9:7073:50)
[ 8917825ms] [WARNING] %s

%s
 An error occurred in the <main> component. Consider adding an error boundary to your tree to customize error handling behavior.
Visit https://react.dev/link/error-boundaries to learn more about error boundaries. @ http://localhost:5173/@vite/client:532
[ 8917833ms] NotFoundError: Failed to execute 'removeChild' on 'Node': The node to be removed is not a child of this node.
    at removeChildFromContainer (http://localhost:5173/node_modules/.vite/deps/react-dom_client.js?v=d1ce38a9:10588:123)
    at runWithFiberInDEV (http://localhost:5173/node_modules/.vite/deps/react-dom_client.js?v=d1ce38a9:851:66)
    at commitDeletionEffectsOnFiber (http://localhost:5173/node_modules/.vite/deps/react-dom_client.js?v=d1ce38a9:7106:7)
    at recursivelyTraverseDeletionEffects (http://localhost:5173/node_modules/.vite/deps/react-dom_client.js?v=d1ce38a9:7073:50)
    at commitDeletionEffectsOnFiber (http://localhost:5173/node_modules/.vite/deps/react-dom_client.js?v=d1ce38a9:7134:6)
    at recursivelyTraverseDeletionEffects (http://localhost:5173/node_modules/.vite/deps/react-dom_client.js?v=d1ce38a9:7073:50)
    at commitDeletionEffectsOnFiber (http://localhost:5173/node_modules/.vite/deps/react-dom_client.js?v=d1ce38a9:7148:14)
    at recursivelyTraverseMutationEffects (http://localhost:5173/node_modules/.vite/deps/react-dom_client.js?v=d1ce38a9:7223:5)
    at commitMutationEffectsOnFiber (http://localhost:5173/node_modules/.vite/deps/react-dom_client.js?v=d1ce38a9:7353:6)
    at flushMutationEffects (http://localhost:5173/node_modules/.vite/deps/react-dom_client.js?v=d1ce38a9:8603:7)
[ 8917826ms] [WARNING] %s

%s
 An error occurred in the <div> component. Consider adding an error boundary to your tree to customize error handling behavior.
Visit https://react.dev/link/error-boundaries to learn more about error boundaries. @ http://localhost:5173/@vite/client:532
[ 8918590ms] [INFO] %cDownload the React DevTools for a better development experience: https://react.dev/link/react-devtools font-weight:bold @ http://localhost:5173/node_modules/.vite/deps/react-dom_client.js?v=d1ce38a9:14335
[ 8945305ms] [ERROR] You are calling ReactDOMClient.createRoot() on a container that has already been passed to createRoot() before. Instead, call root.render() on the existing root instead if you want to update it. @ http://localhost:5173/@vite/client:532
[ 8946030ms] [INFO] %cDownload the React DevTools for a better development experience: https://react.dev/link/react-devtools font-weight:bold @ http://localhost:5173/node_modules/.vite/deps/react-dom_client.js?v=d1ce38a9:14335
