[     447ms] [INFO] %cDownload the React DevTools for a better development experience: https://react.dev/link/react-devtools font-weight:bold @ http://localhost:5173/node_modules/.vite/deps/react-dom_client.js?v=d1ce38a9:14335
[     585ms] [ERROR] Failed to load resource: the server responded with a status of 404 (Not Found) @ http://localhost:5173/favicon.ico:0
[  482386ms] [ERROR] You are calling ReactDOMClient.createRoot() on a container that has already been passed to createRoot() before. Instead, call root.render() on the existing root instead if you want to update it. @ http://localhost:5173/@vite/client:532
[  482950ms] [INFO] %cDownload the React DevTools for a better development experience: https://react.dev/link/react-devtools font-weight:bold @ http://localhost:5173/node_modules/.vite/deps/react-dom_client.js?v=d1ce38a9:14335
[  526899ms] [ERROR] Error handled by React Router default ErrorBoundary: ReferenceError: DRadio is not defined
    at http://localhost:5173/src/features/sell/components/replatformed-pos-workspace.tsx?t=1789700728536:3286:43
    at Array.map (<anonymous>)
    at ReferencePaymentDialog (http://localhost:5173/src/features/sell/components/replatformed-pos-workspace.tsx?t=1789700728536:3284:10)
    at Object.react_stack_bottom_frame (http://localhost:5173/node_modules/.vite/deps/react-dom_client.js?v=d1ce38a9:12866:12)
    at renderWithHooks (http://localhost:5173/node_modules/.vite/deps/react-dom_client.js?v=d1ce38a9:4213:19)
    at updateFunctionComponent (http://localhost:5173/node_modules/.vite/deps/react-dom_client.js?v=d1ce38a9:5569:16)
    at beginWork (http://localhost:5173/node_modules/.vite/deps/react-dom_client.js?v=d1ce38a9:6140:20)
    at runWithFiberInDEV (http://localhost:5173/node_modules/.vite/deps/react-dom_client.js?v=d1ce38a9:851:66)
    at performUnitOfWork (http://localhost:5173/node_modules/.vite/deps/react-dom_client.js?v=d1ce38a9:8429:92)
    at workLoopSync (http://localhost:5173/node_modules/.vite/deps/react-dom_client.js?v=d1ce38a9:8325:37) @ http://localhost:5173/@vite/client:532
[  526902ms] [ERROR] Error handled by React Router default ErrorBoundary: ReferenceError: DRadio is not defined
    at http://localhost:5173/src/features/sell/components/replatformed-pos-workspace.tsx?t=1789700728536:3286:43
    at Array.map (<anonymous>)
    at ReferencePaymentDialog (http://localhost:5173/src/features/sell/components/replatformed-pos-workspace.tsx?t=1789700728536:3284:10)
    at Object.react_stack_bottom_frame (http://localhost:5173/node_modules/.vite/deps/react-dom_client.js?v=d1ce38a9:12866:12)
    at renderWithHooks (http://localhost:5173/node_modules/.vite/deps/react-dom_client.js?v=d1ce38a9:4213:19)
    at updateFunctionComponent (http://localhost:5173/node_modules/.vite/deps/react-dom_client.js?v=d1ce38a9:5569:16)
    at beginWork (http://localhost:5173/node_modules/.vite/deps/react-dom_client.js?v=d1ce38a9:6140:20)
    at runWithFiberInDEV (http://localhost:5173/node_modules/.vite/deps/react-dom_client.js?v=d1ce38a9:851:66)
    at performUnitOfWork (http://localhost:5173/node_modules/.vite/deps/react-dom_client.js?v=d1ce38a9:8429:92)
    at workLoopSync (http://localhost:5173/node_modules/.vite/deps/react-dom_client.js?v=d1ce38a9:8325:37) @ http://localhost:5173/@vite/client:532
[  526986ms] [ERROR] Error handled by React Router default ErrorBoundary: ReferenceError: DRadio is not defined
    at http://localhost:5173/src/features/sell/components/replatformed-pos-workspace.tsx?t=1789700728536:3286:43
    at Array.map (<anonymous>)
    at ReferencePaymentDialog (http://localhost:5173/src/features/sell/components/replatformed-pos-workspace.tsx?t=1789700728536:3284:10)
    at Object.react_stack_bottom_frame (http://localhost:5173/node_modules/.vite/deps/react-dom_client.js?v=d1ce38a9:12866:12)
    at renderWithHooks (http://localhost:5173/node_modules/.vite/deps/react-dom_client.js?v=d1ce38a9:4213:19)
    at updateFunctionComponent (http://localhost:5173/node_modules/.vite/deps/react-dom_client.js?v=d1ce38a9:5569:16)
    at beginWork (http://localhost:5173/node_modules/.vite/deps/react-dom_client.js?v=d1ce38a9:6140:20)
    at runWithFiberInDEV (http://localhost:5173/node_modules/.vite/deps/react-dom_client.js?v=d1ce38a9:851:66)
    at performUnitOfWork (http://localhost:5173/node_modules/.vite/deps/react-dom_client.js?v=d1ce38a9:8429:92)
    at workLoopSync (http://localhost:5173/node_modules/.vite/deps/react-dom_client.js?v=d1ce38a9:8325:37) @ http://localhost:5173/@vite/client:532
[  526988ms] [ERROR] Error handled by React Router default ErrorBoundary: ReferenceError: DRadio is not defined
    at http://localhost:5173/src/features/sell/components/replatformed-pos-workspace.tsx?t=1789700728536:3286:43
    at Array.map (<anonymous>)
    at ReferencePaymentDialog (http://localhost:5173/src/features/sell/components/replatformed-pos-workspace.tsx?t=1789700728536:3284:10)
    at Object.react_stack_bottom_frame (http://localhost:5173/node_modules/.vite/deps/react-dom_client.js?v=d1ce38a9:12866:12)
    at renderWithHooks (http://localhost:5173/node_modules/.vite/deps/react-dom_client.js?v=d1ce38a9:4213:19)
    at updateFunctionComponent (http://localhost:5173/node_modules/.vite/deps/react-dom_client.js?v=d1ce38a9:5569:16)
    at beginWork (http://localhost:5173/node_modules/.vite/deps/react-dom_client.js?v=d1ce38a9:6140:20)
    at runWithFiberInDEV (http://localhost:5173/node_modules/.vite/deps/react-dom_client.js?v=d1ce38a9:851:66)
    at performUnitOfWork (http://localhost:5173/node_modules/.vite/deps/react-dom_client.js?v=d1ce38a9:8429:92)
    at workLoopSync (http://localhost:5173/node_modules/.vite/deps/react-dom_client.js?v=d1ce38a9:8325:37) @ http://localhost:5173/@vite/client:532
[  526996ms] [ERROR] %o

%s

%s
 ReferenceError: DRadio is not defined
    at http://localhost:5173/src/features/sell/components/replatformed-pos-workspace.tsx?t=1789700728536:3286:43
    at Array.map (<anonymous>)
    at ReferencePaymentDialog (http://localhost:5173/src/features/sell/components/replatformed-pos-workspace.tsx?t=1789700728536:3284:10)
    at Object.react_stack_bottom_frame (http://localhost:5173/node_modules/.vite/deps/react-dom_client.js?v=d1ce38a9:12866:12)
    at renderWithHooks (http://localhost:5173/node_modules/.vite/deps/react-dom_client.js?v=d1ce38a9:4213:19)
    at updateFunctionComponent (http://localhost:5173/node_modules/.vite/deps/react-dom_client.js?v=d1ce38a9:5569:16)
    at beginWork (http://localhost:5173/node_modules/.vite/deps/react-dom_client.js?v=d1ce38a9:6140:20)
    at runWithFiberInDEV (http://localhost:5173/node_modules/.vite/deps/react-dom_client.js?v=d1ce38a9:851:66)
    at performUnitOfWork (http://localhost:5173/node_modules/.vite/deps/react-dom_client.js?v=d1ce38a9:8429:92)
    at workLoopSync (http://localhost:5173/node_modules/.vite/deps/react-dom_client.js?v=d1ce38a9:8325:37) The above error occurred in the <ReferencePaymentDialog> component. React will try to recreate this component tree from scratch using the error boundary you provided, RenderErrorBoundary. @ http://localhost:5173/@vite/client:532
[  526998ms] [ERROR] React Router caught the following error during render ReferenceError: DRadio is not defined
    at http://localhost:5173/src/features/sell/components/replatformed-pos-workspace.tsx?t=1789700728536:3286:43
    at Array.map (<anonymous>)
    at ReferencePaymentDialog (http://localhost:5173/src/features/sell/components/replatformed-pos-workspace.tsx?t=1789700728536:3284:10)
    at Object.react_stack_bottom_frame (http://localhost:5173/node_modules/.vite/deps/react-dom_client.js?v=d1ce38a9:12866:12)
    at renderWithHooks (http://localhost:5173/node_modules/.vite/deps/react-dom_client.js?v=d1ce38a9:4213:19)
    at updateFunctionComponent (http://localhost:5173/node_modules/.vite/deps/react-dom_client.js?v=d1ce38a9:5569:16)
    at beginWork (http://localhost:5173/node_modules/.vite/deps/react-dom_client.js?v=d1ce38a9:6140:20)
    at runWithFiberInDEV (http://localhost:5173/node_modules/.vite/deps/react-dom_client.js?v=d1ce38a9:851:66)
    at performUnitOfWork (http://localhost:5173/node_modules/.vite/deps/react-dom_client.js?v=d1ce38a9:8429:92)
    at workLoopSync (http://localhost:5173/node_modules/.vite/deps/react-dom_client.js?v=d1ce38a9:8325:37) @ http://localhost:5173/@vite/client:532
[  528816ms] [ERROR] Error handled by React Router default ErrorBoundary: ReferenceError: DRadio is not defined
    at http://localhost:5173/src/features/sell/components/replatformed-pos-workspace.tsx?t=1789700730434:3286:43
    at Array.map (<anonymous>)
    at ReferencePaymentDialog (http://localhost:5173/src/features/sell/components/replatformed-pos-workspace.tsx?t=1789700730434:3284:10)
    at Object.react_stack_bottom_frame (http://localhost:5173/node_modules/.vite/deps/react-dom_client.js?v=d1ce38a9:12866:12)
    at renderWithHooks (http://localhost:5173/node_modules/.vite/deps/react-dom_client.js?v=d1ce38a9:4213:19)
    at updateFunctionComponent (http://localhost:5173/node_modules/.vite/deps/react-dom_client.js?v=d1ce38a9:5569:16)
    at beginWork (http://localhost:5173/node_modules/.vite/deps/react-dom_client.js?v=d1ce38a9:6140:20)
    at runWithFiberInDEV (http://localhost:5173/node_modules/.vite/deps/react-dom_client.js?v=d1ce38a9:851:66)
    at performUnitOfWork (http://localhost:5173/node_modules/.vite/deps/react-dom_client.js?v=d1ce38a9:8429:92)
    at workLoopSync (http://localhost:5173/node_modules/.vite/deps/react-dom_client.js?v=d1ce38a9:8325:37) @ http://localhost:5173/@vite/client:532
[  528818ms] [ERROR] Error handled by React Router default ErrorBoundary: ReferenceError: DRadio is not defined
    at http://localhost:5173/src/features/sell/components/replatformed-pos-workspace.tsx?t=1789700730434:3286:43
    at Array.map (<anonymous>)
    at ReferencePaymentDialog (http://localhost:5173/src/features/sell/components/replatformed-pos-workspace.tsx?t=1789700730434:3284:10)
    at Object.react_stack_bottom_frame (http://localhost:5173/node_modules/.vite/deps/react-dom_client.js?v=d1ce38a9:12866:12)
    at renderWithHooks (http://localhost:5173/node_modules/.vite/deps/react-dom_client.js?v=d1ce38a9:4213:19)
    at updateFunctionComponent (http://localhost:5173/node_modules/.vite/deps/react-dom_client.js?v=d1ce38a9:5569:16)
    at beginWork (http://localhost:5173/node_modules/.vite/deps/react-dom_client.js?v=d1ce38a9:6140:20)
    at runWithFiberInDEV (http://localhost:5173/node_modules/.vite/deps/react-dom_client.js?v=d1ce38a9:851:66)
    at performUnitOfWork (http://localhost:5173/node_modules/.vite/deps/react-dom_client.js?v=d1ce38a9:8429:92)
    at workLoopSync (http://localhost:5173/node_modules/.vite/deps/react-dom_client.js?v=d1ce38a9:8325:37) @ http://localhost:5173/@vite/client:532
[  528977ms] [ERROR] Error handled by React Router default ErrorBoundary: ReferenceError: DRadio is not defined
    at http://localhost:5173/src/features/sell/components/replatformed-pos-workspace.tsx?t=1789700730434:3286:43
    at Array.map (<anonymous>)
    at ReferencePaymentDialog (http://localhost:5173/src/features/sell/components/replatformed-pos-workspace.tsx?t=1789700730434:3284:10)
    at Object.react_stack_bottom_frame (http://localhost:5173/node_modules/.vite/deps/react-dom_client.js?v=d1ce38a9:12866:12)
    at renderWithHooks (http://localhost:5173/node_modules/.vite/deps/react-dom_client.js?v=d1ce38a9:4213:19)
    at updateFunctionComponent (http://localhost:5173/node_modules/.vite/deps/react-dom_client.js?v=d1ce38a9:5569:16)
    at beginWork (http://localhost:5173/node_modules/.vite/deps/react-dom_client.js?v=d1ce38a9:6140:20)
    at runWithFiberInDEV (http://localhost:5173/node_modules/.vite/deps/react-dom_client.js?v=d1ce38a9:851:66)
    at performUnitOfWork (http://localhost:5173/node_modules/.vite/deps/react-dom_client.js?v=d1ce38a9:8429:92)
    at workLoopSync (http://localhost:5173/node_modules/.vite/deps/react-dom_client.js?v=d1ce38a9:8325:37) @ http://localhost:5173/@vite/client:532
[  528979ms] [ERROR] Error handled by React Router default ErrorBoundary: ReferenceError: DRadio is not defined
    at http://localhost:5173/src/features/sell/components/replatformed-pos-workspace.tsx?t=1789700730434:3286:43
    at Array.map (<anonymous>)
    at ReferencePaymentDialog (http://localhost:5173/src/features/sell/components/replatformed-pos-workspace.tsx?t=1789700730434:3284:10)
    at Object.react_stack_bottom_frame (http://localhost:5173/node_modules/.vite/deps/react-dom_client.js?v=d1ce38a9:12866:12)
    at renderWithHooks (http://localhost:5173/node_modules/.vite/deps/react-dom_client.js?v=d1ce38a9:4213:19)
    at updateFunctionComponent (http://localhost:5173/node_modules/.vite/deps/react-dom_client.js?v=d1ce38a9:5569:16)
    at beginWork (http://localhost:5173/node_modules/.vite/deps/react-dom_client.js?v=d1ce38a9:6140:20)
    at runWithFiberInDEV (http://localhost:5173/node_modules/.vite/deps/react-dom_client.js?v=d1ce38a9:851:66)
    at performUnitOfWork (http://localhost:5173/node_modules/.vite/deps/react-dom_client.js?v=d1ce38a9:8429:92)
    at workLoopSync (http://localhost:5173/node_modules/.vite/deps/react-dom_client.js?v=d1ce38a9:8325:37) @ http://localhost:5173/@vite/client:532
[  528982ms] [ERROR] %o

%s

%s
 ReferenceError: DRadio is not defined
    at http://localhost:5173/src/features/sell/components/replatformed-pos-workspace.tsx?t=1789700730434:3286:43
    at Array.map (<anonymous>)
    at ReferencePaymentDialog (http://localhost:5173/src/features/sell/components/replatformed-pos-workspace.tsx?t=1789700730434:3284:10)
    at Object.react_stack_bottom_frame (http://localhost:5173/node_modules/.vite/deps/react-dom_client.js?v=d1ce38a9:12866:12)
    at renderWithHooks (http://localhost:5173/node_modules/.vite/deps/react-dom_client.js?v=d1ce38a9:4213:19)
    at updateFunctionComponent (http://localhost:5173/node_modules/.vite/deps/react-dom_client.js?v=d1ce38a9:5569:16)
    at beginWork (http://localhost:5173/node_modules/.vite/deps/react-dom_client.js?v=d1ce38a9:6140:20)
    at runWithFiberInDEV (http://localhost:5173/node_modules/.vite/deps/react-dom_client.js?v=d1ce38a9:851:66)
    at performUnitOfWork (http://localhost:5173/node_modules/.vite/deps/react-dom_client.js?v=d1ce38a9:8429:92)
    at workLoopSync (http://localhost:5173/node_modules/.vite/deps/react-dom_client.js?v=d1ce38a9:8325:37) The above error occurred in the <ReferencePaymentDialog> component. React will try to recreate this component tree from scratch using the error boundary you provided, RenderErrorBoundary. @ http://localhost:5173/@vite/client:532
[  528983ms] [ERROR] React Router caught the following error during render ReferenceError: DRadio is not defined
    at http://localhost:5173/src/features/sell/components/replatformed-pos-workspace.tsx?t=1789700730434:3286:43
    at Array.map (<anonymous>)
    at ReferencePaymentDialog (http://localhost:5173/src/features/sell/components/replatformed-pos-workspace.tsx?t=1789700730434:3284:10)
    at Object.react_stack_bottom_frame (http://localhost:5173/node_modules/.vite/deps/react-dom_client.js?v=d1ce38a9:12866:12)
    at renderWithHooks (http://localhost:5173/node_modules/.vite/deps/react-dom_client.js?v=d1ce38a9:4213:19)
    at updateFunctionComponent (http://localhost:5173/node_modules/.vite/deps/react-dom_client.js?v=d1ce38a9:5569:16)
    at beginWork (http://localhost:5173/node_modules/.vite/deps/react-dom_client.js?v=d1ce38a9:6140:20)
    at runWithFiberInDEV (http://localhost:5173/node_modules/.vite/deps/react-dom_client.js?v=d1ce38a9:851:66)
    at performUnitOfWork (http://localhost:5173/node_modules/.vite/deps/react-dom_client.js?v=d1ce38a9:8429:92)
    at workLoopSync (http://localhost:5173/node_modules/.vite/deps/react-dom_client.js?v=d1ce38a9:8325:37) @ http://localhost:5173/@vite/client:532
[  576190ms] [ERROR] Error handled by React Router default ErrorBoundary: ReferenceError: formatDurationMinutes is not defined
    at ReferenceCatalogCard (http://localhost:5173/src/features/sell/components/replatformed-pos-workspace.tsx?t=1789700777773:1369:19)
    at Object.react_stack_bottom_frame (http://localhost:5173/node_modules/.vite/deps/react-dom_client.js?v=d1ce38a9:12866:12)
    at renderWithHooks (http://localhost:5173/node_modules/.vite/deps/react-dom_client.js?v=d1ce38a9:4213:19)
    at updateFunctionComponent (http://localhost:5173/node_modules/.vite/deps/react-dom_client.js?v=d1ce38a9:5569:16)
    at beginWork (http://localhost:5173/node_modules/.vite/deps/react-dom_client.js?v=d1ce38a9:6140:20)
    at runWithFiberInDEV (http://localhost:5173/node_modules/.vite/deps/react-dom_client.js?v=d1ce38a9:851:66)
    at performUnitOfWork (http://localhost:5173/node_modules/.vite/deps/react-dom_client.js?v=d1ce38a9:8429:92)
    at workLoopSync (http://localhost:5173/node_modules/.vite/deps/react-dom_client.js?v=d1ce38a9:8325:37)
    at renderRootSync (http://localhost:5173/node_modules/.vite/deps/react-dom_client.js?v=d1ce38a9:8309:6)
    at performWorkOnRoot (http://localhost:5173/node_modules/.vite/deps/react-dom_client.js?v=d1ce38a9:7957:181) @ http://localhost:5173/@vite/client:532
[  576192ms] [ERROR] Error handled by React Router default ErrorBoundary: ReferenceError: formatDurationMinutes is not defined
    at ReferenceCatalogCard (http://localhost:5173/src/features/sell/components/replatformed-pos-workspace.tsx?t=1789700777773:1369:19)
    at Object.react_stack_bottom_frame (http://localhost:5173/node_modules/.vite/deps/react-dom_client.js?v=d1ce38a9:12866:12)
    at renderWithHooks (http://localhost:5173/node_modules/.vite/deps/react-dom_client.js?v=d1ce38a9:4213:19)
    at updateFunctionComponent (http://localhost:5173/node_modules/.vite/deps/react-dom_client.js?v=d1ce38a9:5569:16)
    at beginWork (http://localhost:5173/node_modules/.vite/deps/react-dom_client.js?v=d1ce38a9:6140:20)
    at runWithFiberInDEV (http://localhost:5173/node_modules/.vite/deps/react-dom_client.js?v=d1ce38a9:851:66)
    at performUnitOfWork (http://localhost:5173/node_modules/.vite/deps/react-dom_client.js?v=d1ce38a9:8429:92)
    at workLoopSync (http://localhost:5173/node_modules/.vite/deps/react-dom_client.js?v=d1ce38a9:8325:37)
    at renderRootSync (http://localhost:5173/node_modules/.vite/deps/react-dom_client.js?v=d1ce38a9:8309:6)
    at performWorkOnRoot (http://localhost:5173/node_modules/.vite/deps/react-dom_client.js?v=d1ce38a9:7957:181) @ http://localhost:5173/@vite/client:532
[  576235ms] [ERROR] Error handled by React Router default ErrorBoundary: ReferenceError: formatDurationMinutes is not defined
    at ReferenceCatalogCard (http://localhost:5173/src/features/sell/components/replatformed-pos-workspace.tsx?t=1789700777773:1369:19)
    at Object.react_stack_bottom_frame (http://localhost:5173/node_modules/.vite/deps/react-dom_client.js?v=d1ce38a9:12866:12)
    at renderWithHooks (http://localhost:5173/node_modules/.vite/deps/react-dom_client.js?v=d1ce38a9:4213:19)
    at updateFunctionComponent (http://localhost:5173/node_modules/.vite/deps/react-dom_client.js?v=d1ce38a9:5569:16)
    at beginWork (http://localhost:5173/node_modules/.vite/deps/react-dom_client.js?v=d1ce38a9:6140:20)
    at runWithFiberInDEV (http://localhost:5173/node_modules/.vite/deps/react-dom_client.js?v=d1ce38a9:851:66)
    at performUnitOfWork (http://localhost:5173/node_modules/.vite/deps/react-dom_client.js?v=d1ce38a9:8429:92)
    at workLoopSync (http://localhost:5173/node_modules/.vite/deps/react-dom_client.js?v=d1ce38a9:8325:37)
    at renderRootSync (http://localhost:5173/node_modules/.vite/deps/react-dom_client.js?v=d1ce38a9:8309:6)
    at performWorkOnRoot (http://localhost:5173/node_modules/.vite/deps/react-dom_client.js?v=d1ce38a9:7994:27) @ http://localhost:5173/@vite/client:532
[  576236ms] [ERROR] Error handled by React Router default ErrorBoundary: ReferenceError: formatDurationMinutes is not defined
    at ReferenceCatalogCard (http://localhost:5173/src/features/sell/components/replatformed-pos-workspace.tsx?t=1789700777773:1369:19)
    at Object.react_stack_bottom_frame (http://localhost:5173/node_modules/.vite/deps/react-dom_client.js?v=d1ce38a9:12866:12)
    at renderWithHooks (http://localhost:5173/node_modules/.vite/deps/react-dom_client.js?v=d1ce38a9:4213:19)
    at updateFunctionComponent (http://localhost:5173/node_modules/.vite/deps/react-dom_client.js?v=d1ce38a9:5569:16)
    at beginWork (http://localhost:5173/node_modules/.vite/deps/react-dom_client.js?v=d1ce38a9:6140:20)
    at runWithFiberInDEV (http://localhost:5173/node_modules/.vite/deps/react-dom_client.js?v=d1ce38a9:851:66)
    at performUnitOfWork (http://localhost:5173/node_modules/.vite/deps/react-dom_client.js?v=d1ce38a9:8429:92)
    at workLoopSync (http://localhost:5173/node_modules/.vite/deps/react-dom_client.js?v=d1ce38a9:8325:37)
    at renderRootSync (http://localhost:5173/node_modules/.vite/deps/react-dom_client.js?v=d1ce38a9:8309:6)
    at performWorkOnRoot (http://localhost:5173/node_modules/.vite/deps/react-dom_client.js?v=d1ce38a9:7994:27) @ http://localhost:5173/@vite/client:532
[  576242ms] [ERROR] %o

%s

%s
 ReferenceError: formatDurationMinutes is not defined
    at ReferenceCatalogCard (http://localhost:5173/src/features/sell/components/replatformed-pos-workspace.tsx?t=1789700777773:1369:19)
    at Object.react_stack_bottom_frame (http://localhost:5173/node_modules/.vite/deps/react-dom_client.js?v=d1ce38a9:12866:12)
    at renderWithHooks (http://localhost:5173/node_modules/.vite/deps/react-dom_client.js?v=d1ce38a9:4213:19)
    at updateFunctionComponent (http://localhost:5173/node_modules/.vite/deps/react-dom_client.js?v=d1ce38a9:5569:16)
    at beginWork (http://localhost:5173/node_modules/.vite/deps/react-dom_client.js?v=d1ce38a9:6140:20)
    at runWithFiberInDEV (http://localhost:5173/node_modules/.vite/deps/react-dom_client.js?v=d1ce38a9:851:66)
    at performUnitOfWork (http://localhost:5173/node_modules/.vite/deps/react-dom_client.js?v=d1ce38a9:8429:92)
    at workLoopSync (http://localhost:5173/node_modules/.vite/deps/react-dom_client.js?v=d1ce38a9:8325:37)
    at renderRootSync (http://localhost:5173/node_modules/.vite/deps/react-dom_client.js?v=d1ce38a9:8309:6)
    at performWorkOnRoot (http://localhost:5173/node_modules/.vite/deps/react-dom_client.js?v=d1ce38a9:7994:27) The above error occurred in the <ReferenceCatalogCard> component. React will try to recreate this component tree from scratch using the error boundary you provided, RenderErrorBoundary. @ http://localhost:5173/@vite/client:532
[  576244ms] [ERROR] React Router caught the following error during render ReferenceError: formatDurationMinutes is not defined
    at ReferenceCatalogCard (http://localhost:5173/src/features/sell/components/replatformed-pos-workspace.tsx?t=1789700777773:1369:19)
    at Object.react_stack_bottom_frame (http://localhost:5173/node_modules/.vite/deps/react-dom_client.js?v=d1ce38a9:12866:12)
    at renderWithHooks (http://localhost:5173/node_modules/.vite/deps/react-dom_client.js?v=d1ce38a9:4213:19)
    at updateFunctionComponent (http://localhost:5173/node_modules/.vite/deps/react-dom_client.js?v=d1ce38a9:5569:16)
    at beginWork (http://localhost:5173/node_modules/.vite/deps/react-dom_client.js?v=d1ce38a9:6140:20)
    at runWithFiberInDEV (http://localhost:5173/node_modules/.vite/deps/react-dom_client.js?v=d1ce38a9:851:66)
    at performUnitOfWork (http://localhost:5173/node_modules/.vite/deps/react-dom_client.js?v=d1ce38a9:8429:92)
    at workLoopSync (http://localhost:5173/node_modules/.vite/deps/react-dom_client.js?v=d1ce38a9:8325:37)
    at renderRootSync (http://localhost:5173/node_modules/.vite/deps/react-dom_client.js?v=d1ce38a9:8309:6)
    at performWorkOnRoot (http://localhost:5173/node_modules/.vite/deps/react-dom_client.js?v=d1ce38a9:7994:27) @ http://localhost:5173/@vite/client:532
[  584677ms] [ERROR] Error handled by React Router default ErrorBoundary: ReferenceError: formatDurationMinutes is not defined
    at ReferenceCatalogCard (http://localhost:5173/src/features/sell/components/replatformed-pos-workspace.tsx?t=1789700786204:1369:19)
    at Object.react_stack_bottom_frame (http://localhost:5173/node_modules/.vite/deps/react-dom_client.js?v=d1ce38a9:12866:12)
    at renderWithHooks (http://localhost:5173/node_modules/.vite/deps/react-dom_client.js?v=d1ce38a9:4213:19)
    at updateFunctionComponent (http://localhost:5173/node_modules/.vite/deps/react-dom_client.js?v=d1ce38a9:5569:16)
    at beginWork (http://localhost:5173/node_modules/.vite/deps/react-dom_client.js?v=d1ce38a9:6140:20)
    at runWithFiberInDEV (http://localhost:5173/node_modules/.vite/deps/react-dom_client.js?v=d1ce38a9:851:66)
    at performUnitOfWork (http://localhost:5173/node_modules/.vite/deps/react-dom_client.js?v=d1ce38a9:8429:92)
    at workLoopSync (http://localhost:5173/node_modules/.vite/deps/react-dom_client.js?v=d1ce38a9:8325:37)
    at renderRootSync (http://localhost:5173/node_modules/.vite/deps/react-dom_client.js?v=d1ce38a9:8309:6)
    at performWorkOnRoot (http://localhost:5173/node_modules/.vite/deps/react-dom_client.js?v=d1ce38a9:7957:181) @ http://localhost:5173/@vite/client:532
[  584681ms] [ERROR] Error handled by React Router default ErrorBoundary: ReferenceError: formatDurationMinutes is not defined
    at ReferenceCatalogCard (http://localhost:5173/src/features/sell/components/replatformed-pos-workspace.tsx?t=1789700786204:1369:19)
    at Object.react_stack_bottom_frame (http://localhost:5173/node_modules/.vite/deps/react-dom_client.js?v=d1ce38a9:12866:12)
    at renderWithHooks (http://localhost:5173/node_modules/.vite/deps/react-dom_client.js?v=d1ce38a9:4213:19)
    at updateFunctionComponent (http://localhost:5173/node_modules/.vite/deps/react-dom_client.js?v=d1ce38a9:5569:16)
    at beginWork (http://localhost:5173/node_modules/.vite/deps/react-dom_client.js?v=d1ce38a9:6140:20)
    at runWithFiberInDEV (http://localhost:5173/node_modules/.vite/deps/react-dom_client.js?v=d1ce38a9:851:66)
    at performUnitOfWork (http://localhost:5173/node_modules/.vite/deps/react-dom_client.js?v=d1ce38a9:8429:92)
    at workLoopSync (http://localhost:5173/node_modules/.vite/deps/react-dom_client.js?v=d1ce38a9:8325:37)
    at renderRootSync (http://localhost:5173/node_modules/.vite/deps/react-dom_client.js?v=d1ce38a9:8309:6)
    at performWorkOnRoot (http://localhost:5173/node_modules/.vite/deps/react-dom_client.js?v=d1ce38a9:7957:181) @ http://localhost:5173/@vite/client:532
[  584779ms] [ERROR] Error handled by React Router default ErrorBoundary: ReferenceError: formatDurationMinutes is not defined
    at ReferenceCatalogCard (http://localhost:5173/src/features/sell/components/replatformed-pos-workspace.tsx?t=1789700786204:1369:19)
    at Object.react_stack_bottom_frame (http://localhost:5173/node_modules/.vite/deps/react-dom_client.js?v=d1ce38a9:12866:12)
    at renderWithHooks (http://localhost:5173/node_modules/.vite/deps/react-dom_client.js?v=d1ce38a9:4213:19)
    at updateFunctionComponent (http://localhost:5173/node_modules/.vite/deps/react-dom_client.js?v=d1ce38a9:5569:16)
    at beginWork (http://localhost:5173/node_modules/.vite/deps/react-dom_client.js?v=d1ce38a9:6140:20)
    at runWithFiberInDEV (http://localhost:5173/node_modules/.vite/deps/react-dom_client.js?v=d1ce38a9:851:66)
    at performUnitOfWork (http://localhost:5173/node_modules/.vite/deps/react-dom_client.js?v=d1ce38a9:8429:92)
    at workLoopSync (http://localhost:5173/node_modules/.vite/deps/react-dom_client.js?v=d1ce38a9:8325:37)
    at renderRootSync (http://localhost:5173/node_modules/.vite/deps/react-dom_client.js?v=d1ce38a9:8309:6)
    at performWorkOnRoot (http://localhost:5173/node_modules/.vite/deps/react-dom_client.js?v=d1ce38a9:7994:27) @ http://localhost:5173/@vite/client:532
[  584780ms] [ERROR] Error handled by React Router default ErrorBoundary: ReferenceError: formatDurationMinutes is not defined
    at ReferenceCatalogCard (http://localhost:5173/src/features/sell/components/replatformed-pos-workspace.tsx?t=1789700786204:1369:19)
    at Object.react_stack_bottom_frame (http://localhost:5173/node_modules/.vite/deps/react-dom_client.js?v=d1ce38a9:12866:12)
    at renderWithHooks (http://localhost:5173/node_modules/.vite/deps/react-dom_client.js?v=d1ce38a9:4213:19)
    at updateFunctionComponent (http://localhost:5173/node_modules/.vite/deps/react-dom_client.js?v=d1ce38a9:5569:16)
    at beginWork (http://localhost:5173/node_modules/.vite/deps/react-dom_client.js?v=d1ce38a9:6140:20)
    at runWithFiberInDEV (http://localhost:5173/node_modules/.vite/deps/react-dom_client.js?v=d1ce38a9:851:66)
    at performUnitOfWork (http://localhost:5173/node_modules/.vite/deps/react-dom_client.js?v=d1ce38a9:8429:92)
    at workLoopSync (http://localhost:5173/node_modules/.vite/deps/react-dom_client.js?v=d1ce38a9:8325:37)
    at renderRootSync (http://localhost:5173/node_modules/.vite/deps/react-dom_client.js?v=d1ce38a9:8309:6)
    at performWorkOnRoot (http://localhost:5173/node_modules/.vite/deps/react-dom_client.js?v=d1ce38a9:7994:27) @ http://localhost:5173/@vite/client:532
[  584782ms] [ERROR] %o

%s

%s
 ReferenceError: formatDurationMinutes is not defined
    at ReferenceCatalogCard (http://localhost:5173/src/features/sell/components/replatformed-pos-workspace.tsx?t=1789700786204:1369:19)
    at Object.react_stack_bottom_frame (http://localhost:5173/node_modules/.vite/deps/react-dom_client.js?v=d1ce38a9:12866:12)
    at renderWithHooks (http://localhost:5173/node_modules/.vite/deps/react-dom_client.js?v=d1ce38a9:4213:19)
    at updateFunctionComponent (http://localhost:5173/node_modules/.vite/deps/react-dom_client.js?v=d1ce38a9:5569:16)
    at beginWork (http://localhost:5173/node_modules/.vite/deps/react-dom_client.js?v=d1ce38a9:6140:20)
    at runWithFiberInDEV (http://localhost:5173/node_modules/.vite/deps/react-dom_client.js?v=d1ce38a9:851:66)
    at performUnitOfWork (http://localhost:5173/node_modules/.vite/deps/react-dom_client.js?v=d1ce38a9:8429:92)
    at workLoopSync (http://localhost:5173/node_modules/.vite/deps/react-dom_client.js?v=d1ce38a9:8325:37)
    at renderRootSync (http://localhost:5173/node_modules/.vite/deps/react-dom_client.js?v=d1ce38a9:8309:6)
    at performWorkOnRoot (http://localhost:5173/node_modules/.vite/deps/react-dom_client.js?v=d1ce38a9:7994:27) The above error occurred in the <ReferenceCatalogCard> component. React will try to recreate this component tree from scratch using the error boundary you provided, RenderErrorBoundary. @ http://localhost:5173/@vite/client:532
[  584784ms] [ERROR] React Router caught the following error during render ReferenceError: formatDurationMinutes is not defined
    at ReferenceCatalogCard (http://localhost:5173/src/features/sell/components/replatformed-pos-workspace.tsx?t=1789700786204:1369:19)
    at Object.react_stack_bottom_frame (http://localhost:5173/node_modules/.vite/deps/react-dom_client.js?v=d1ce38a9:12866:12)
    at renderWithHooks (http://localhost:5173/node_modules/.vite/deps/react-dom_client.js?v=d1ce38a9:4213:19)
    at updateFunctionComponent (http://localhost:5173/node_modules/.vite/deps/react-dom_client.js?v=d1ce38a9:5569:16)
    at beginWork (http://localhost:5173/node_modules/.vite/deps/react-dom_client.js?v=d1ce38a9:6140:20)
    at runWithFiberInDEV (http://localhost:5173/node_modules/.vite/deps/react-dom_client.js?v=d1ce38a9:851:66)
    at performUnitOfWork (http://localhost:5173/node_modules/.vite/deps/react-dom_client.js?v=d1ce38a9:8429:92)
    at workLoopSync (http://localhost:5173/node_modules/.vite/deps/react-dom_client.js?v=d1ce38a9:8325:37)
    at renderRootSync (http://localhost:5173/node_modules/.vite/deps/react-dom_client.js?v=d1ce38a9:8309:6)
    at performWorkOnRoot (http://localhost:5173/node_modules/.vite/deps/react-dom_client.js?v=d1ce38a9:7994:27) @ http://localhost:5173/@vite/client:532
[  971786ms] [ERROR] Failed to load resource: the server responded with a status of 401 (Unauthorized) @ http://127.0.0.1:4003/api/v1/auth/browser/refresh:0
[  971823ms] [ERROR] Failed to load resource: the server responded with a status of 401 (Unauthorized) @ http://127.0.0.1:4003/api/v1/operational/queue:0
[ 1249798ms] [ERROR] You are calling ReactDOMClient.createRoot() on a container that has already been passed to createRoot() before. Instead, call root.render() on the existing root instead if you want to update it. @ http://localhost:5173/@vite/client:532
[ 1249801ms] [ERROR] You are calling ReactDOMClient.createRoot() on a container that has already been passed to createRoot() before. Instead, call root.render() on the existing root instead if you want to update it. @ http://localhost:5173/@vite/client:532
[ 1249884ms] NotFoundError: Failed to execute 'insertBefore' on 'Node': The node before which the new node is to be inserted is not a child of this node.
    at insertOrAppendPlacementNodeIntoContainer (http://localhost:5173/node_modules/.vite/deps/react-dom_client.js?v=d1ce38a9:6801:207)
    at insertOrAppendPlacementNodeIntoContainer (http://localhost:5173/node_modules/.vite/deps/react-dom_client.js?v=d1ce38a9:6802:154)
    at insertOrAppendPlacementNodeIntoContainer (http://localhost:5173/node_modules/.vite/deps/react-dom_client.js?v=d1ce38a9:6802:154)
    at insertOrAppendPlacementNodeIntoContainer (http://localhost:5173/node_modules/.vite/deps/react-dom_client.js?v=d1ce38a9:6802:154)
    at insertOrAppendPlacementNodeIntoContainer (http://localhost:5173/node_modules/.vite/deps/react-dom_client.js?v=d1ce38a9:6802:154)
    at insertOrAppendPlacementNodeIntoContainer (http://localhost:5173/node_modules/.vite/deps/react-dom_client.js?v=d1ce38a9:6802:154)
    at insertOrAppendPlacementNodeIntoContainer (http://localhost:5173/node_modules/.vite/deps/react-dom_client.js?v=d1ce38a9:6802:154)
    at insertOrAppendPlacementNodeIntoContainer (http://localhost:5173/node_modules/.vite/deps/react-dom_client.js?v=d1ce38a9:6802:154)
    at insertOrAppendPlacementNodeIntoContainer (http://localhost:5173/node_modules/.vite/deps/react-dom_client.js?v=d1ce38a9:6802:154)
    at insertOrAppendPlacementNodeIntoContainer (http://localhost:5173/node_modules/.vite/deps/react-dom_client.js?v=d1ce38a9:6802:154)
[ 1249855ms] [WARNING] %s

%s
 An error occurred in the <OperationalProviders> component. Consider adding an error boundary to your tree to customize error handling behavior.
Visit https://react.dev/link/error-boundaries to learn more about error boundaries. @ http://localhost:5173/@vite/client:532
[ 1249886ms] NotFoundError: Failed to execute 'removeChild' on 'Node': The node to be removed is not a child of this node.
    at removeChildFromContainer (http://localhost:5173/node_modules/.vite/deps/react-dom_client.js?v=d1ce38a9:10588:123)
    at runWithFiberInDEV (http://localhost:5173/node_modules/.vite/deps/react-dom_client.js?v=d1ce38a9:851:66)
    at commitDeletionEffectsOnFiber (http://localhost:5173/node_modules/.vite/deps/react-dom_client.js?v=d1ce38a9:7106:7)
    at recursivelyTraverseDeletionEffects (http://localhost:5173/node_modules/.vite/deps/react-dom_client.js?v=d1ce38a9:7073:50)
    at commitDeletionEffectsOnFiber (http://localhost:5173/node_modules/.vite/deps/react-dom_client.js?v=d1ce38a9:7134:6)
    at recursivelyTraverseDeletionEffects (http://localhost:5173/node_modules/.vite/deps/react-dom_client.js?v=d1ce38a9:7073:50)
    at commitDeletionEffectsOnFiber (http://localhost:5173/node_modules/.vite/deps/react-dom_client.js?v=d1ce38a9:7134:6)
    at recursivelyTraverseDeletionEffects (http://localhost:5173/node_modules/.vite/deps/react-dom_client.js?v=d1ce38a9:7073:50)
    at commitDeletionEffectsOnFiber (http://localhost:5173/node_modules/.vite/deps/react-dom_client.js?v=d1ce38a9:7148:14)
    at recursivelyTraverseDeletionEffects (http://localhost:5173/node_modules/.vite/deps/react-dom_client.js?v=d1ce38a9:7073:50)
[ 1249857ms] [WARNING] %s

%s
 An error occurred in the <main> component. Consider adding an error boundary to your tree to customize error handling behavior.
Visit https://react.dev/link/error-boundaries to learn more about error boundaries. @ http://localhost:5173/@vite/client:532
[ 1249886ms] NotFoundError: Failed to execute 'removeChild' on 'Node': The node to be removed is not a child of this node.
    at removeChildFromContainer (http://localhost:5173/node_modules/.vite/deps/react-dom_client.js?v=d1ce38a9:10588:123)
    at runWithFiberInDEV (http://localhost:5173/node_modules/.vite/deps/react-dom_client.js?v=d1ce38a9:851:66)
    at commitDeletionEffectsOnFiber (http://localhost:5173/node_modules/.vite/deps/react-dom_client.js?v=d1ce38a9:7106:7)
    at recursivelyTraverseDeletionEffects (http://localhost:5173/node_modules/.vite/deps/react-dom_client.js?v=d1ce38a9:7073:50)
    at commitDeletionEffectsOnFiber (http://localhost:5173/node_modules/.vite/deps/react-dom_client.js?v=d1ce38a9:7134:6)
    at recursivelyTraverseDeletionEffects (http://localhost:5173/node_modules/.vite/deps/react-dom_client.js?v=d1ce38a9:7073:50)
    at commitDeletionEffectsOnFiber (http://localhost:5173/node_modules/.vite/deps/react-dom_client.js?v=d1ce38a9:7148:14)
    at recursivelyTraverseMutationEffects (http://localhost:5173/node_modules/.vite/deps/react-dom_client.js?v=d1ce38a9:7223:5)
    at commitMutationEffectsOnFiber (http://localhost:5173/node_modules/.vite/deps/react-dom_client.js?v=d1ce38a9:7353:6)
    at flushMutationEffects (http://localhost:5173/node_modules/.vite/deps/react-dom_client.js?v=d1ce38a9:8603:7)
[ 1249858ms] [WARNING] %s

%s
 An error occurred in the <div> component. Consider adding an error boundary to your tree to customize error handling behavior.
Visit https://react.dev/link/error-boundaries to learn more about error boundaries. @ http://localhost:5173/@vite/client:532
[ 1249887ms] NotFoundError: Failed to execute 'insertBefore' on 'Node': The node before which the new node is to be inserted is not a child of this node.
    at insertOrAppendPlacementNodeIntoContainer (http://localhost:5173/node_modules/.vite/deps/react-dom_client.js?v=d1ce38a9:6801:207)
    at insertOrAppendPlacementNodeIntoContainer (http://localhost:5173/node_modules/.vite/deps/react-dom_client.js?v=d1ce38a9:6802:154)
    at insertOrAppendPlacementNodeIntoContainer (http://localhost:5173/node_modules/.vite/deps/react-dom_client.js?v=d1ce38a9:6802:154)
    at insertOrAppendPlacementNodeIntoContainer (http://localhost:5173/node_modules/.vite/deps/react-dom_client.js?v=d1ce38a9:6802:154)
    at insertOrAppendPlacementNodeIntoContainer (http://localhost:5173/node_modules/.vite/deps/react-dom_client.js?v=d1ce38a9:6802:154)
    at insertOrAppendPlacementNodeIntoContainer (http://localhost:5173/node_modules/.vite/deps/react-dom_client.js?v=d1ce38a9:6802:154)
    at insertOrAppendPlacementNodeIntoContainer (http://localhost:5173/node_modules/.vite/deps/react-dom_client.js?v=d1ce38a9:6802:154)
    at insertOrAppendPlacementNodeIntoContainer (http://localhost:5173/node_modules/.vite/deps/react-dom_client.js?v=d1ce38a9:6802:154)
    at insertOrAppendPlacementNodeIntoContainer (http://localhost:5173/node_modules/.vite/deps/react-dom_client.js?v=d1ce38a9:6802:154)
    at insertOrAppendPlacementNodeIntoContainer (http://localhost:5173/node_modules/.vite/deps/react-dom_client.js?v=d1ce38a9:6802:154)
[ 1249872ms] [WARNING] %s

%s
 An error occurred in the <OperationalProviders> component. Consider adding an error boundary to your tree to customize error handling behavior.
Visit https://react.dev/link/error-boundaries to learn more about error boundaries. @ http://localhost:5173/@vite/client:532
[ 1249887ms] NotFoundError: Failed to execute 'removeChild' on 'Node': The node to be removed is not a child of this node.
    at removeChildFromContainer (http://localhost:5173/node_modules/.vite/deps/react-dom_client.js?v=d1ce38a9:10588:123)
    at runWithFiberInDEV (http://localhost:5173/node_modules/.vite/deps/react-dom_client.js?v=d1ce38a9:851:66)
    at commitDeletionEffectsOnFiber (http://localhost:5173/node_modules/.vite/deps/react-dom_client.js?v=d1ce38a9:7106:7)
    at recursivelyTraverseDeletionEffects (http://localhost:5173/node_modules/.vite/deps/react-dom_client.js?v=d1ce38a9:7073:50)
    at commitDeletionEffectsOnFiber (http://localhost:5173/node_modules/.vite/deps/react-dom_client.js?v=d1ce38a9:7134:6)
    at recursivelyTraverseDeletionEffects (http://localhost:5173/node_modules/.vite/deps/react-dom_client.js?v=d1ce38a9:7073:50)
    at commitDeletionEffectsOnFiber (http://localhost:5173/node_modules/.vite/deps/react-dom_client.js?v=d1ce38a9:7134:6)
    at recursivelyTraverseDeletionEffects (http://localhost:5173/node_modules/.vite/deps/react-dom_client.js?v=d1ce38a9:7073:50)
    at commitDeletionEffectsOnFiber (http://localhost:5173/node_modules/.vite/deps/react-dom_client.js?v=d1ce38a9:7148:14)
    at recursivelyTraverseDeletionEffects (http://localhost:5173/node_modules/.vite/deps/react-dom_client.js?v=d1ce38a9:7073:50)
[ 1249874ms] [WARNING] %s

%s
 An error occurred in the <main> component. Consider adding an error boundary to your tree to customize error handling behavior.
Visit https://react.dev/link/error-boundaries to learn more about error boundaries. @ http://localhost:5173/@vite/client:532
[ 1249887ms] NotFoundError: Failed to execute 'removeChild' on 'Node': The node to be removed is not a child of this node.
    at removeChildFromContainer (http://localhost:5173/node_modules/.vite/deps/react-dom_client.js?v=d1ce38a9:10588:123)
    at runWithFiberInDEV (http://localhost:5173/node_modules/.vite/deps/react-dom_client.js?v=d1ce38a9:851:66)
    at commitDeletionEffectsOnFiber (http://localhost:5173/node_modules/.vite/deps/react-dom_client.js?v=d1ce38a9:7106:7)
    at recursivelyTraverseDeletionEffects (http://localhost:5173/node_modules/.vite/deps/react-dom_client.js?v=d1ce38a9:7073:50)
    at commitDeletionEffectsOnFiber (http://localhost:5173/node_modules/.vite/deps/react-dom_client.js?v=d1ce38a9:7134:6)
    at recursivelyTraverseDeletionEffects (http://localhost:5173/node_modules/.vite/deps/react-dom_client.js?v=d1ce38a9:7073:50)
    at commitDeletionEffectsOnFiber (http://localhost:5173/node_modules/.vite/deps/react-dom_client.js?v=d1ce38a9:7148:14)
    at recursivelyTraverseMutationEffects (http://localhost:5173/node_modules/.vite/deps/react-dom_client.js?v=d1ce38a9:7223:5)
    at commitMutationEffectsOnFiber (http://localhost:5173/node_modules/.vite/deps/react-dom_client.js?v=d1ce38a9:7353:6)
    at flushMutationEffects (http://localhost:5173/node_modules/.vite/deps/react-dom_client.js?v=d1ce38a9:8603:7)
[ 1249875ms] [WARNING] %s

%s
 An error occurred in the <div> component. Consider adding an error boundary to your tree to customize error handling behavior.
Visit https://react.dev/link/error-boundaries to learn more about error boundaries. @ http://localhost:5173/@vite/client:532
[ 1250548ms] [INFO] %cDownload the React DevTools for a better development experience: https://react.dev/link/react-devtools font-weight:bold @ http://localhost:5173/node_modules/.vite/deps/react-dom_client.js?v=d1ce38a9:14335
[ 1278863ms] [INFO] %cDownload the React DevTools for a better development experience: https://react.dev/link/react-devtools font-weight:bold @ http://localhost:5173/node_modules/.vite/deps/react-dom_client.js?v=d1ce38a9:14335
[ 1317689ms] [INFO] %cDownload the React DevTools for a better development experience: https://react.dev/link/react-devtools font-weight:bold @ http://localhost:5173/node_modules/.vite/deps/react-dom_client.js?v=d1ce38a9:14335
[ 1368740ms] [INFO] %cDownload the React DevTools for a better development experience: https://react.dev/link/react-devtools font-weight:bold @ http://localhost:5173/node_modules/.vite/deps/react-dom_client.js?v=d1ce38a9:14335
[ 1497226ms] [INFO] %cDownload the React DevTools for a better development experience: https://react.dev/link/react-devtools font-weight:bold @ http://localhost:5173/node_modules/.vite/deps/react-dom_client.js?v=d1ce38a9:14335
[ 1533773ms] [INFO] %cDownload the React DevTools for a better development experience: https://react.dev/link/react-devtools font-weight:bold @ http://localhost:5173/node_modules/.vite/deps/react-dom_client.js?v=d1ce38a9:14335
[ 1539754ms] [INFO] %cDownload the React DevTools for a better development experience: https://react.dev/link/react-devtools font-weight:bold @ http://localhost:5173/node_modules/.vite/deps/react-dom_client.js?v=d1ce38a9:14335
[ 1545296ms] [INFO] %cDownload the React DevTools for a better development experience: https://react.dev/link/react-devtools font-weight:bold @ http://localhost:5173/node_modules/.vite/deps/react-dom_client.js?v=d1ce38a9:14335
[ 1551208ms] [INFO] %cDownload the React DevTools for a better development experience: https://react.dev/link/react-devtools font-weight:bold @ http://localhost:5173/node_modules/.vite/deps/react-dom_client.js?v=d1ce38a9:14335
[ 1556514ms] [INFO] %cDownload the React DevTools for a better development experience: https://react.dev/link/react-devtools font-weight:bold @ http://localhost:5173/node_modules/.vite/deps/react-dom_client.js?v=d1ce38a9:14335
[ 1589856ms] [INFO] %cDownload the React DevTools for a better development experience: https://react.dev/link/react-devtools font-weight:bold @ http://localhost:5173/node_modules/.vite/deps/react-dom_client.js?v=d1ce38a9:14335
[ 1596870ms] [INFO] %cDownload the React DevTools for a better development experience: https://react.dev/link/react-devtools font-weight:bold @ http://localhost:5173/node_modules/.vite/deps/react-dom_client.js?v=d1ce38a9:14335
[ 2139073ms] [ERROR] Failed to load resource: the server responded with a status of 401 (Unauthorized) @ http://127.0.0.1:4003/api/v1/auth/browser/refresh:0
[ 2139127ms] [ERROR] Failed to load resource: the server responded with a status of 401 (Unauthorized) @ http://127.0.0.1:4003/api/v1/notifications/unread-count:0
[ 2139128ms] [ERROR] Failed to load resource: the server responded with a status of 401 (Unauthorized) @ http://127.0.0.1:4003/api/v1/notifications?limit=6&offset=0:0
[ 2139150ms] [ERROR] Failed to load resource: the server responded with a status of 401 (Unauthorized) @ http://127.0.0.1:4003/api/v1/auth/browser/refresh:0
